<html>
<body>
<pre>
<h1>µVision Build Log</h1>
<h2>Tool Versions:</h2>
IDE-Version: ¦ÌVision V5.13.0.0
Copyright (C) 2014 ARM Ltd and ARM Germany GmbH. All rights reserved.
License Information: sundh Administrator, ssss, LIC=NHY8T-R7SVS-59KGZ-J3A9Z-ZZPPP-9LWZP
 
Tool Versions:
Toolchain:       MDK-ARM Professional  Version: 5.13.0.0
Toolchain Path:  D:\Keil_v5\ARM\ARMCC\Bin
C Compiler:      Armcc.exe V5.05 update 1 (build 106)
Assembler:       Armasm.exe V5.05 update 1 (build 106)
Linker/Locator:  ArmLink.exe V5.05 update 1 (build 106)
Library Manager: ArmAr.exe V5.05 update 1 (build 106)
Hex Converter:   FromElf.exe V5.05 update 1 (build 106)
CPU DLL:         SARMCM3.DLL V5.13.0.0
Dialog DLL:      DCM.DLL V1.13.1.0
Target DLL:      UL2CM3.DLL V1.154.12.0
Dialog DLL:      TCM.DLL V1.14.4.0
 
<h2>Project:</h2>
E:\DTU\mycode\dtu_tdd\dtu_tdd.uvprojx
Project File Date:  03/25/2017

<h2>Output:</h2>
Rebuild target 'Target 1'
compiling cdma_dtu.c...
compiling main.c...
compiling Thread_rtu.c...
compiling gprs.c...
compiling stm32ADC.c...
compiling led.c...
compiling rtu.c...
compiling dtuConfig.c...
compiling dtu.c...
compiling hardwareConfig.c...
compiling chipset.c...
compiling debug.c...
compiling gprs_uart.c...
BSP\gprs_uart.c(195): warning:  #550-D: variable "ret" was set but never used
        int  ret;
BSP\gprs_uart.c: 1 warning, 0 errors
compiling serial485_uart.c...
compiling spi.c...
compiling times.c...
compiling adc.c...
BSP\adc.c(141): warning:  #940-D: missing return statement at end of non-void function "create_adc"
  }
BSP\adc.c(147): warning:  #177-D: variable "GPIO_InitStructure" was declared but never referenced
        GPIO_InitTypeDef GPIO_InitStructure;
BSP\adc.c(148): warning:  #177-D: variable "DMA_InitStructure" was declared but never referenced
        DMA_InitTypeDef DMA_InitStructure;
BSP\adc.c(946): warning:  #177-D: variable "temp_data1" was declared but never referenced
        float   temp_data1,temp_data2,temp_data3,temp_data4,temp_data5,temp_data6;
BSP\adc.c(946): warning:  #177-D: variable "temp_data2" was declared but never referenced
        float   temp_data1,temp_data2,temp_data3,temp_data4,temp_data5,temp_data6;
BSP\adc.c(946): warning:  #177-D: variable "temp_data3" was declared but never referenced
        float   temp_data1,temp_data2,temp_data3,temp_data4,temp_data5,temp_data6;
BSP\adc.c(946): warning:  #177-D: variable "temp_data4" was declared but never referenced
        float   temp_data1,temp_data2,temp_data3,temp_data4,temp_data5,temp_data6;
BSP\adc.c(946): warning:  #177-D: variable "temp_data5" was declared but never referenced
        float   temp_data1,temp_data2,temp_data3,temp_data4,temp_data5,temp_data6;
BSP\adc.c(946): warning:  #177-D: variable "temp_data6" was declared but never referenced
        float   temp_data1,temp_data2,temp_data3,temp_data4,temp_data5,temp_data6;
BSP\adc.c(2229): warning:  #940-D: missing return statement at end of non-void function "calc_voltage"
  }
BSP\adc.c(2235): warning:  #940-D: missing return statement at end of non-void function "calc_engiVal"
  }
BSP\adc.c(2255): warning:  #111-D: statement is unreachable
        return ERR_OK;
BSP\adc.c(462): warning:  #177-D: function "BD_sw_select" was declared but never referenced
  static void BD_sw_select(unsigned char channel,unsigned signaltype)
BSP\adc.c: 13 warnings, 0 errors
compiling hw_w25q.c...
compiling CircularBuffer.c...
compiling sw_filesys.c...
compiling list.c...
compiling TTextConfProt.c...
compiling Ping_PongBuf.c...
compiling modbusRTU_cli.c...
compiling bufManager.c...
compiling RTX_Conf_CM.c...
assembling startup_stm32f10x_md.s...
compiling system_stm32f10x.c...
compiling misc.c...
compiling stm32f10x_adc.c...
compiling stm32f10x_dma.c...
compiling stm32f10x_flash.c...
compiling stm32f10x_gpio.c...
compiling stm32f10x_iwdg.c...
compiling stm32f10x_rcc.c...
compiling stm32f10x_spi.c...
compiling stm32f10x_tim.c...
compiling stm32f10x_usart.c...
linking...
Program Size: Code=60180 RO-data=1052 RW-data=648 ZI-data=18928  
".\Objects\dtu_tdd.axf" - 0 Error(s), 14 Warning(s).

<h2>Software Packages used:</h2>

Package Vendor: ARM
                http://www.keil.com/pack/ARM.CMSIS.4.4.0.pack
                ::CMSIS:RTOS:1.0 (API)
                CMSIS (Cortex Microcontroller Software Interface Standard)
   * Component: RTOS Version: 1.0
   * Component: CORE Version: 4.2.0
   * Component: DSP Version: 1.4.6
   * Component: Keil RTX Version: 4.79.0

Package Vendor: Keil
                http://www.keil.com/pack/Keil.STM32F1xx_DFP.2.1.0.pack
                Keil::Device:StdPeriph Drivers:Framework:3.5.1
                STMicroelectronics STM32F1 Series Device Support, Drivers and Examples
   * Component: Framework Version: 3.5.1
   * Component: Startup Version: 1.0.0
   * Component: USART Version: 3.5.0
   * Component: RCC Version: 3.5.0
   * Component: SPI Version: 3.5.0
   * Component: DMA Version: 3.5.0
   * Component: IWDG Version: 3.5.0
   * Component: TIM Version: 3.5.0
   * Component: GPIO Version: 3.5.0
   * Component: ADC Version: 3.5.0
   * Component: Flash Version: 3.5.0

<h2>Collection of Component include folders:</h2>
  E:\DTU\mycode\dtu_tdd\RTE
  E:\DTU\mycode\dtu_tdd\RTE\Device\STM32F103R8
  d:\Keil_v5\ARM\PACK\ARM\CMSIS\4.4.0\CMSIS\Include
  d:\Keil_v5\ARM\PACK\ARM\CMSIS\4.4.0\CMSIS\RTOS\RTX\INC
  d:\Keil_v5\ARM\PACK\Keil\STM32F1xx_DFP\2.1.0
  d:\Keil_v5\ARM\PACK\Keil\STM32F1xx_DFP\2.1.0\Device\Include
  d:\Keil_v5\ARM\PACK\Keil\STM32F1xx_DFP\2.1.0\Device\StdPeriph_Driver\inc

<h2>Collection of Component Files used:</h2>

   * Component: ::CMSIS:RTOS:1.0 (API)

   * Component: ARM::CMSIS:CORE:4.2.0

   * Component: ARM::CMSIS:DSP:1.4.6
      Include file:  CMSIS\Include\arm_math.h
      Library file:  CMSIS\Lib\ARM\arm_cortexM3l_math.lib

   * Component: ARM::CMSIS:RTOS:Keil RTX:4.79.0
      Source file:   CMSIS\RTOS\RTX\UserCodeTemplates\MsgQueue.c
      Source file:   CMSIS\RTOS\RTX\UserCodeTemplates\Mutex.c
      Source file:   CMSIS\RTOS\RTX\UserCodeTemplates\MemPool.c
      Source file:   CMSIS\RTOS\RTX\UserCodeTemplates\Thread.c
      Source file:   CMSIS\RTOS\RTX\SRC\ARM\SVC_Table.s
      Source file:   CMSIS\RTOS\RTX\UserCodeTemplates\Semaphore.c
      Source file:   CMSIS\RTOS\RTX\UserCodeTemplates\Timer.c
      Library file:  CMSIS\RTOS\RTX\LIB\ARM\RTX_CM3.lib
      Source file:   CMSIS\RTOS\RTX\UserCodeTemplates\main.c
      Source file:   CMSIS\RTOS\RTX\Templates\RTX_Conf_CM.c
      Include file:  CMSIS\RTOS\RTX\UserCodeTemplates\osObjects.h
      Include file:  CMSIS\RTOS\RTX\INC\cmsis_os.h
      Source file:   CMSIS\RTOS\RTX\UserCodeTemplates\MailQueue.c

   * Component: Keil::Device:StdPeriph Drivers:Framework:3.5.1
      Source file:   Device\StdPeriph_Driver\templates\stm32f10x_it.c
      Include file:  Device\StdPeriph_Driver\templates\stm32f10x_it.h
      Source file:   Device\StdPeriph_Driver\templates\stm32f10x_conf.h
      Include file:  Device\StdPeriph_Driver\inc\misc.h
      Source file:   Device\StdPeriph_Driver\src\misc.c

   * Component: Keil::Device:Startup:1.0.0
      Source file:   Device\Source\system_stm32f10x.c
      Include file:  RTE_Driver\Config\RTE_Device.h
      Source file:   Device\Source\ARM\startup_stm32f10x_md.s
      Source file:   Device\Source\ARM\STM32F1xx_OPT.s

   * Component: Keil::Device:StdPeriph Drivers:USART:3.5.0
      Source file:   Device\StdPeriph_Driver\src\stm32f10x_usart.c
      Include file:  Device\StdPeriph_Driver\inc\stm32f10x_usart.h

   * Component: Keil::Device:StdPeriph Drivers:RCC:3.5.0
      Source file:   Device\StdPeriph_Driver\src\stm32f10x_rcc.c
      Include file:  Device\StdPeriph_Driver\inc\stm32f10x_rcc.h

   * Component: Keil::Device:StdPeriph Drivers:SPI:3.5.0
      Include file:  Device\StdPeriph_Driver\inc\stm32f10x_spi.h
      Source file:   Device\StdPeriph_Driver\src\stm32f10x_spi.c

   * Component: Keil::Device:StdPeriph Drivers:DMA:3.5.0
      Include file:  Device\StdPeriph_Driver\inc\stm32f10x_dma.h
      Source file:   Device\StdPeriph_Driver\src\stm32f10x_dma.c

   * Component: Keil::Device:StdPeriph Drivers:IWDG:3.5.0
      Source file:   Device\StdPeriph_Driver\src\stm32f10x_iwdg.c
      Include file:  Device\StdPeriph_Driver\inc\stm32f10x_iwdg.h

   * Component: Keil::Device:StdPeriph Drivers:TIM:3.5.0
      Include file:  Device\StdPeriph_Driver\inc\stm32f10x_tim.h
      Source file:   Device\StdPeriph_Driver\src\stm32f10x_tim.c

   * Component: Keil::Device:StdPeriph Drivers:GPIO:3.5.0
      Source file:   Device\StdPeriph_Driver\src\stm32f10x_gpio.c
      Include file:  Device\StdPeriph_Driver\inc\stm32f10x_gpio.h

   * Component: Keil::Device:StdPeriph Drivers:ADC:3.5.0
      Source file:   Device\StdPeriph_Driver\src\stm32f10x_adc.c
      Include file:  Device\StdPeriph_Driver\inc\stm32f10x_adc.h

   * Component: Keil::Device:StdPeriph Drivers:Flash:3.5.0
      Include file:  Device\StdPeriph_Driver\inc\stm32f10x_flash.h
      Source file:   Device\StdPeriph_Driver\src\stm32f10x_flash.c
</pre>
</body>
</html>
