Component: ARM Compiler 5.05 update 1 (build 106) Tool: armlink [4d0efa]

==============================================================================

Section Cross References

    cdma_dtu.o(i.GprsShutdown) refers to gprs.o(i.GprsGetInstance) for GprsGetInstance
    cdma_dtu.o(i.Init_ThrdDtu) refers to dtu.o(i.DCFctGetInstance) for DCFctGetInstance
    cdma_dtu.o(i.Init_ThrdDtu) refers to cdma_dtu.o(i.prnt_485) for prnt_485
    cdma_dtu.o(i.Init_ThrdDtu) refers to gprs.o(i.GprsGetInstance) for GprsGetInstance
    cdma_dtu.o(i.Init_ThrdDtu) refers to gprs.o(i.Grps_SetCipmode) for Grps_SetCipmode
    cdma_dtu.o(i.Init_ThrdDtu) refers to gprs.o(i.Grps_SetCipmux) for Grps_SetCipmux
    cdma_dtu.o(i.Init_ThrdDtu) refers to rt_cmsis.o(i.osThreadCreate) for osThreadCreate
    cdma_dtu.o(i.Init_ThrdDtu) refers to dtuconfig.o(.bss) for Dtu_config
    cdma_dtu.o(i.Init_ThrdDtu) refers to cdma_dtu.o(.data) for MyContext
    cdma_dtu.o(i.Init_ThrdDtu) refers to cdma_dtu.o(.bss) for DTU_Buf
    cdma_dtu.o(i.Init_ThrdDtu) refers to cdma_dtu.o(i.GprsShutdown) for GprsShutdown
    cdma_dtu.o(i.Init_ThrdDtu) refers to main.o(.data) for g_shutdow
    cdma_dtu.o(i.Init_ThrdDtu) refers to cdma_dtu.o(.constdata) for os_thread_def_thrd_dtu
    cdma_dtu.o(i.prnt_485) refers to strlen.o(.text) for strlen
    cdma_dtu.o(i.prnt_485) refers to serial485_uart.o(i.s485_Uart_write) for s485_Uart_write
    cdma_dtu.o(i.prnt_485) refers to dtuconfig.o(.bss) for Dtu_config
    cdma_dtu.o(i.thrd_dtu) refers to rtx_conf_cm.o(i.threadActive) for threadActive
    cdma_dtu.o(i.thrd_dtu) refers to rt_cmsis.o(i.osThreadYield) for osThreadYield
    cdma_dtu.o(i.thrd_dtu) refers to cdma_dtu.o(.data) for MyContext
    cdma_dtu.o(.constdata) refers to cdma_dtu.o(i.thrd_dtu) for thrd_dtu
    main.o(i.Led_job) refers to system.o(.bss) for dsys
    main.o(i.Led_job) refers to led.o(.data) for LED_run
    main.o(i.Select_apptype) refers to memseta.o(.text) for __aeabi_memclr4
    main.o(i.Select_apptype) refers to serial485_uart.o(i.s485_Uart_read) for s485_Uart_read
    main.o(i.Select_apptype) refers to rt_cmsis.o(i.osDelay) for osDelay
    main.o(i.Select_apptype) refers to ttextconfprot.o(i.enter_TTCP) for enter_TTCP
    main.o(i.Select_apptype) refers to ttextconfprot.o(i.get_TTCPVer) for get_TTCPVer
    main.o(i.Select_apptype) refers to strlen.o(.text) for strlen
    main.o(i.Select_apptype) refers to serial485_uart.o(i.s485_Uart_write) for s485_Uart_write
    main.o(i.SystemShutdown) refers to main.o(.data) for ShutdownFlag
    main.o(i.fgetc) refers to stm32f10x_usart.o(i.USART_GetFlagStatus) for USART_GetFlagStatus
    main.o(i.fgetc) refers to stm32f10x_usart.o(i.USART_ReceiveData) for USART_ReceiveData
    main.o(i.fputc) refers to stm32f10x_usart.o(i.USART_SendData) for USART_SendData
    main.o(i.fputc) refers to stm32f10x_usart.o(i.USART_GetFlagStatus) for USART_GetFlagStatus
    main.o(i.main) refers to rt_cmsis.o(i.osKernelInitialize) for osKernelInitialize
    main.o(i.main) refers to chipset.o(i.RCC_Configuration) for RCC_Configuration
    main.o(i.main) refers to chipset.o(i.IWDG_Configuration) for IWDG_Configuration
    main.o(i.main) refers to chipset.o(i.NVIC_Configuration) for NVIC_Configuration
    main.o(i.main) refers to chipset.o(i.GPIO_Configuration) for GPIO_Configuration
    main.o(i.main) refers to chipset.o(i.Init_TIM2) for Init_TIM2
    main.o(i.main) refers to chipset.o(i.USART_Configuration) for USART_Configuration
    main.o(i.main) refers to led.o(i.stm32LED_new) for stm32LED_new
    main.o(i.main) refers to times.o(i.clean_time2_flags) for clean_time2_flags
    main.o(i.main) refers to times.o(i.regist_timejob) for regist_timejob
    main.o(i.main) refers to printf8.o(i.__0printf$8) for __2printf
    main.o(i.main) refers to hw_w25q.o(i.w25q_init) for w25q_init
    main.o(i.main) refers to system.o(i.Led_level) for Led_level
    main.o(i.main) refers to rt_cmsis.o(i.osDelay) for osDelay
    main.o(i.main) refers to dtuconfig.o(i.Init_system_config) for Init_system_config
    main.o(i.main) refers to serial485_uart.o(i.s485_uart_init) for s485_uart_init
    main.o(i.main) refers to main.o(i.Select_apptype) for Select_apptype
    main.o(i.main) refers to dtuconfig.o(i.Config_job) for Config_job
    main.o(i.main) refers to adc.o(i.create_adc) for create_adc
    main.o(i.main) refers to rtu.o(i.Init_rtu) for Init_rtu
    main.o(i.main) refers to cdma_dtu.o(i.Init_ThrdDtu) for Init_ThrdDtu
    main.o(i.main) refers to thread_rtu.o(i.Init_Thread_rtu) for Init_Thread_rtu
    main.o(i.main) refers to rt_cmsis.o(i.osKernelStart) for osKernelStart
    main.o(i.main) refers to gprs.o(i.GprsGetInstance) for GprsGetInstance
    main.o(i.main) refers to hw_w25q.o(i.w25q_Erase_Sector) for w25q_Erase_Sector
    main.o(i.main) refers to hw_w25q.o(i.W25Q_write_flash) for W25Q_write_flash
    main.o(i.main) refers to rtx_conf_cm.o(i.os_reboot) for os_reboot
[...]
    rt_alloc_mem                             0x0800c6e7   Thumb Code    62  rt_memory.o(i.rt_alloc_mem)
    rt_block                                 0x0800c725   Thumb Code    48  rt_task.o(i.rt_block)
    rt_chk_robin                             0x0800c75d   Thumb Code    60  rt_robin.o(i.rt_chk_robin)
    rt_dec_dly                               0x0800c7a5   Thumb Code   102  rt_list.o(i.rt_dec_dly)
    rt_dispatch                              0x0800c815   Thumb Code    60  rt_task.o(i.rt_dispatch)
    rt_dly_wait                              0x0800c859   Thumb Code     6  rt_time.o(i.rt_dly_wait)
    rt_evt_psh                               0x0800c861   Thumb Code    76  rt_event.o(i.rt_evt_psh)
    rt_free_box                              0x0800c8b1   Thumb Code    44  rt_membox.o(i.rt_free_box)
    rt_free_mem                              0x0800c8dd   Thumb Code    40  rt_memory.o(i.rt_free_mem)
    rt_get_first                             0x0800c905   Thumb Code    40  rt_list.o(i.rt_get_first)
    rt_get_same_rdy_prio                     0x0800c92d   Thumb Code    26  rt_list.o(i.rt_get_same_rdy_prio)
    rt_init_mem                              0x0800c9a1   Thumb Code    26  rt_memory.o(i.rt_init_mem)
    rt_init_robin                            0x0800c9bd   Thumb Code    14  rt_robin.o(i.rt_init_robin)
    rt_init_stack                            0x0800c9d5   Thumb Code   118  hal_cm.o(i.rt_init_stack)
    rt_mbx_check                             0x0800ca55   Thumb Code     8  rt_mailbox.o(i.rt_mbx_check)
    rt_mbx_init                              0x0800ca5d   Thumb Code    26  rt_mailbox.o(i.rt_mbx_init)
    rt_mbx_psh                               0x0800ca79   Thumb Code   236  rt_mailbox.o(i.rt_mbx_psh)
    rt_mbx_wait                              0x0800cb69   Thumb Code   174  rt_mailbox.o(i.rt_mbx_wait)
    rt_mut_init                              0x0800cc61   Thumb Code    16  rt_mutex.o(i.rt_mut_init)
    rt_mut_release                           0x0800cc71   Thumb Code   208  rt_mutex.o(i.rt_mut_release)
    rt_mut_wait                              0x0800cd49   Thumb Code   114  rt_mutex.o(i.rt_mut_wait)
    rt_pop_req                               0x0800cdc1   Thumb Code   112  rt_system.o(i.rt_pop_req)
    rt_psh_req                               0x0800ce3d   Thumb Code    22  rt_system.o(i.rt_psh_req)
    rt_psq_enq                               0x0800ce5d   Thumb Code    88  rt_list.o(i.rt_psq_enq)
    rt_put_dly                               0x0800ceb9   Thumb Code    68  rt_list.o(i.rt_put_dly)
    rt_put_prio                              0x0800cf01   Thumb Code    54  rt_list.o(i.rt_put_prio)
    rt_put_rdy_first                         0x0800cf39   Thumb Code    14  rt_list.o(i.rt_put_rdy_first)
    rt_resort_prio                           0x0800cf4d   Thumb Code    46  rt_list.o(i.rt_resort_prio)
    rt_ret_val                               0x0800cf81   Thumb Code     6  hal_cm.o(i.rt_ret_val)
    rt_ret_val2                              0x0800cf87   Thumb Code     8  hal_cm.o(i.rt_ret_val2)
    rt_rmv_dly                               0x0800cf8f   Thumb Code    40  rt_list.o(i.rt_rmv_dly)
    rt_rmv_list                              0x0800cfb9   Thumb Code    44  rt_list.o(i.rt_rmv_list)
    rt_sem_init                              0x0800cfe9   Thumb Code    12  rt_semaphore.o(i.rt_sem_init)
    rt_sem_psh                               0x0800cff5   Thumb Code    48  rt_semaphore.o(i.rt_sem_psh)
    rt_sem_send                              0x0800d029   Thumb Code    42  rt_semaphore.o(i.rt_sem_send)
    rt_sem_wait                              0x0800d055   Thumb Code    58  rt_semaphore.o(i.rt_sem_wait)
    rt_stk_check                             0x0800d095   Thumb Code    28  rt_system.o(i.rt_stk_check)
    rt_switch_req                            0x0800d0b9   Thumb Code    30  rt_task.o(i.rt_switch_req)
    rt_sys_init                              0x0800d0e1   Thumb Code   138  rt_task.o(i.rt_sys_init)
    rt_sys_start                             0x0800d1ad   Thumb Code   110  rt_task.o(i.rt_sys_start)
    rt_systick                               0x0800d225   Thumb Code    50  rt_system.o(i.rt_systick)
    rt_tsk_create                            0x0800d2ad   Thumb Code   118  rt_task.o(i.rt_tsk_create)
    rt_tsk_delete                            0x0800d335   Thumb Code   352  rt_task.o(i.rt_tsk_delete)
    rt_tsk_pass                              0x0800d4b1   Thumb Code    38  rt_task.o(i.rt_tsk_pass)
    rt_tsk_prio                              0x0800d4e1   Thumb Code   108  rt_task.o(i.rt_tsk_prio)
    rt_tsk_self                              0x0800d55d   Thumb Code    12  rt_task.o(i.rt_tsk_self)
    s485GiveBack_Rxbuf                       0x0800d56d   Thumb Code    14  serial485_uart.o(i.s485GiveBack_Rxbuf)
    s485Obtain_Playloadbuf                   0x0800d581   Thumb Code   106  serial485_uart.o(i.s485Obtain_Playloadbuf)
    s485_Uart_ioctl                          0x0800d5f9   Thumb Code   104  serial485_uart.o(i.s485_Uart_ioctl)
    s485_Uart_read                           0x0800d665   Thumb Code   156  serial485_uart.o(i.s485_Uart_read)
    s485_Uart_write                          0x0800d70d   Thumb Code   132  serial485_uart.o(i.s485_Uart_write)
    s485_uart_init                           0x0800d7a1   Thumb Code   186  serial485_uart.o(i.s485_uart_init)
    send_text_sms                            0x0800d881   Thumb Code   420  gprs.o(i.send_text_sms)
    sendto_tcp                               0x0800da5d   Thumb Code   300  gprs.o(i.sendto_tcp)
    sendto_tcp_buf                           0x0800dbd5   Thumb Code   140  gprs.o(i.sendto_tcp_buf)
    setCurState                              0x0800dda9   Thumb Code    18  dtu.o(i.setCurState)
    set_alarmclock_ms                        0x0800ddc1   Thumb Code    48  times.o(i.set_alarmclock_ms)
    set_alarmclock_s                         0x0800de01   Thumb Code    54  times.o(i.set_alarmclock_s)
    set_bit                                  0x0800de49   Thumb Code    36  system.o(i.set_bit)
    set_default                              0x0800de6d   Thumb Code   234  dtuconfig.o(i.set_default)
    set_dns_ip                               0x0800df91   Thumb Code   102  gprs.o(i.set_dns_ip)
    set_smscAddr                             0x0800e0b1   Thumb Code   174  gprs.o(i.set_smscAddr)
    shutdown                                 0x0800e18d   Thumb Code    56  gprs.o(i.shutdown)
    sms_state_init                           0x0800e1f1   Thumb Code    80  dtu.o(i.sms_state_init)
    spi_init                                 0x0800e245   Thumb Code    52  spi.o(i.spi_init)
    spi_ioctl                                0x0800e279   Thumb Code   104  spi.o(i.spi_ioctl)
    spi_read                                 0x0800e2e1   Thumb Code    48  spi.o(i.spi_read)
    spi_write                                0x0800e381   Thumb Code    78  spi.o(i.spi_write)
    startup                                  0x0800e441   Thumb Code    70  gprs.o(i.startup)
    stm32LED_ctor                            0x0800e491   Thumb Code    26  led.o(i.stm32LED_ctor)
    stm32LED_new                             0x0800e4c5   Thumb Code    26  led.o(i.stm32LED_new)
    svcDelay                                 0x0800e4df   Thumb Code    18  rt_cmsis.o(i.svcDelay)
    svcKernelInitialize                      0x0800e4f1   Thumb Code    80  rt_cmsis.o(i.svcKernelInitialize)
    svcKernelStart                           0x0800e561   Thumb Code    62  rt_cmsis.o(i.svcKernelStart)
    svcMessageCreate                         0x0800e5a9   Thumb Code    36  rt_cmsis.o(i.svcMessageCreate)
    svcMessageGet                            0x0800e5cd   Thumb Code    58  rt_cmsis.o(i.svcMessageGet)
    svcMutexCreate                           0x0800e607   Thumb Code    28  rt_cmsis.o(i.svcMutexCreate)
    svcMutexRelease                          0x0800e623   Thumb Code    34  rt_cmsis.o(i.svcMutexRelease)
    svcMutexWait                             0x0800e645   Thumb Code    58  rt_cmsis.o(i.svcMutexWait)
    svcSemaphoreCreate                       0x0800e67f   Thumb Code    36  rt_cmsis.o(i.svcSemaphoreCreate)
    svcSemaphoreRelease                      0x0800e6a3   Thumb Code    40  rt_cmsis.o(i.svcSemaphoreRelease)
    svcSemaphoreWait                         0x0800e6cb   Thumb Code    50  rt_cmsis.o(i.svcSemaphoreWait)
    svcThreadCreate                          0x0800e6fd   Thumb Code    96  rt_cmsis.o(i.svcThreadCreate)
    svcThreadGetId                           0x0800e769   Thumb Code    22  rt_cmsis.o(i.svcThreadGetId)
    svcThreadTerminate                       0x0800e785   Thumb Code    50  rt_cmsis.o(i.svcThreadTerminate)
    svcThreadYield                           0x0800e7bd   Thumb Code    10  rt_cmsis.o(i.svcThreadYield)
    svcTimerCall                             0x0800e7c7   Thumb Code    24  rt_cmsis.o(i.svcTimerCall)
    switchToSmsMode                          0x0800ea29   Thumb Code    92  dtu.o(i.switchToSmsMode)
    switch_receivebuf                        0x0800ea89   Thumb Code    80  ping_pongbuf.o(i.switch_receivebuf)
    sysTimerTick                             0x0800ead9   Thumb Code    84  rt_cmsis.o(i.sysTimerTick)
    tcpClose                                 0x0800ecb5   Thumb Code   156  gprs.o(i.tcpClose)
    tcpip_cnnt                               0x0800ed89   Thumb Code   578  gprs.o(i.tcpip_cnnt)
    thrd_dtu                                 0x0800f0c9   Thumb Code    32  cdma_dtu.o(i.thrd_dtu)
    threadActive                             0x0800f0ed   Thumb Code    14  rtx_conf_cm.o(i.threadActive)
    unlock                                   0x0800f101   Thumb Code    18  gprs.o(i.unlock)
    w25q_Erase_Sector                        0x0800f119   Thumb Code    76  hw_w25q.o(i.w25q_Erase_Sector)
    w25q_init                                0x0800f1b9   Thumb Code    44  hw_w25q.o(i.w25q_init)
    w25q_init_cs                             0x0800f1f1   Thumb Code    34  chipset.o(i.w25q_init_cs)
    w25q_init_spi                            0x0800f219   Thumb Code   144  chipset.o(i.w25q_init_spi)
    os_thread_def_thrd_dtu                   0x0800f590   Data          16  cdma_dtu.o(.constdata)
    os_thread_def_Thread_rtu                 0x0800f5a0   Data          16  thread_rtu.o(.constdata)
    os_mutex_def_GprsMutex                   0x0800f5bc   Data           4  gprs.o(.constdata)
    os_semaphore_def_Sem_txFinish            0x0800f5c0   Data           4  gprs_uart.o(.constdata)
    os_semaphore_def_Sem_rxFrame             0x0800f5c4   Data           4  gprs_uart.o(.constdata)
    os_semaphore_def_Sem_s485txFinish        0x0800f5c8   Data           4  serial485_uart.o(.constdata)
    os_semaphore_def_Sem_s485rxFrame         0x0800f5cc   Data           4  serial485_uart.o(.constdata)
    auchCRCHi                                0x0800f5d0   Data         256  modbusrtu_cli.o(.constdata)
    auchCRCLo                                0x0800f6d0   Data         256  modbusrtu_cli.o(.constdata)
    os_thread_def_ktz3_run                   0x0800f7d0   Data          16  ktz3.o(.constdata)
    ktz3_num_regs                            0x0800f7e0   Data           8  ktz3.o(.constdata)
    os_maxtaskrun                            0x0800f7e8   Data           2  rtx_conf_cm.o(.constdata)
    os_stackinfo                             0x0800f7ec   Data           4  rtx_conf_cm.o(.constdata)
    os_rrobin                                0x0800f7f0   Data           4  rtx_conf_cm.o(.constdata)
    os_tickfreq                              0x0800f7f4   Data           4  rtx_conf_cm.o(.constdata)
    os_tickus_i                              0x0800f7f8   Data           2  rtx_conf_cm.o(.constdata)
    os_tickus_f                              0x0800f7fa   Data           2  rtx_conf_cm.o(.constdata)
    os_trv                                   0x0800f7fc   Data           4  rtx_conf_cm.o(.constdata)
    os_flags                                 0x0800f800   Data           1  rtx_conf_cm.o(.constdata)
    CMSIS_RTOS_API_Version                   0x0800f804   Data           4  rtx_conf_cm.o(.constdata)
    CMSIS_RTOS_RTX_Version                   0x0800f808   Data           4  rtx_conf_cm.o(.constdata)
    os_clockrate                             0x0800f80c   Data           4  rtx_conf_cm.o(.constdata)
    os_timernum                              0x0800f810   Data           4  rtx_conf_cm.o(.constdata)
    mp_tcb_size                              0x0800f814   Data           2  rtx_conf_cm.o(.constdata)
    mp_stk_size                              0x0800f818   Data           4  rtx_conf_cm.o(.constdata)
    os_stack_sz                              0x0800f81c   Data           4  rtx_conf_cm.o(.constdata)
    os_fifo_size                             0x0800f820   Data           1  rtx_conf_cm.o(.constdata)
    os_thread_def_osTimerThread              0x0800f824   Data          16  rtx_conf_cm.o(.constdata)
    os_messageQ_def_osTimerMessageQ          0x0800f834   Data           8  rtx_conf_cm.o(.constdata)
    mp_tmr_size                              0x0800f83c   Data           2  rtx_conf_cm.o(.constdata)
    os_thread_def_main                       0x0800f840   Data          16  rtx_conf_cm.o(.constdata)
    __ctype_table                            0x0800f850   Data         129  ctype_o.o(.constdata)
    Region$$Table$$Base                      0x0800f998   Number         0  anon$$obj.o(Region$$Table)
    Region$$Table$$Limit                     0x0800f9b8   Number         0  anon$$obj.o(Region$$Table)
    tid_ThrdDtu                              0x20000000   Data           4  cdma_dtu.o(.data)
    SIM800                                   0x20000004   Data           4  cdma_dtu.o(.data)
    MyContext                                0x20000008   Data           4  cdma_dtu.o(.data)
    g_shutdow                                0x2000000c   Data           4  main.o(.data)
    ShutdownFlag                             0x20000010   Data           1  main.o(.data)
    tid_Thread_RTU                           0x20000014   Data           4  thread_rtu.o(.data)
    g_p_myRtu                                0x20000018   Data           4  thread_rtu.o(.data)
    g_GprsMutex_id                           0x20000024   Data           4  gprs.o(.data)
    LED_run                                  0x20000038   Data           4  led.o(.data)
    LED_com                                  0x2000003c   Data           4  led.o(.data)
    DtuCfg_file                              0x20000040   Data           4  dtuconfig.o(.data)
    Gprs_powerkey                            0x2000006c   Data           8  hardwareconfig.o(.data)
    W25Q_csPin                               0x20000074   Data           8  hardwareconfig.o(.data)
    PinLED_run                               0x2000007c   Data           8  hardwareconfig.o(.data)
    PinLED_com                               0x20000084   Data           8  hardwareconfig.o(.data)
    USART_InitStructure                      0x2000008c   Data          16  hardwareconfig.o(.data)
    Conf_GprsUsart                           0x2000009c   Data          16  hardwareconfig.o(.data)
    Conf_S485Usart_default                   0x200000ac   Data          16  hardwareconfig.o(.data)
    DMA_gprs_usart                           0x200000bc   Data          24  hardwareconfig.o(.data)
    DMA_s485_usart                           0x200000d4   Data          24  hardwareconfig.o(.data)
    W25Q_Spi                                 0x200000ec   Data          16  hardwareconfig.o(.data)
    DMA_adc                                  0x200000fc   Data          24  hardwareconfig.o(.data)
    ADC_pins_4051A1                          0x20000114   Data           8  hardwareconfig.o(.data)
    ADC_pins_4051B1                          0x2000011c   Data           8  hardwareconfig.o(.data)
    ADC_pins_4051C1                          0x20000124   Data           8  hardwareconfig.o(.data)
    ADC_pins_control0                        0x2000012c   Data           8  hardwareconfig.o(.data)
    ADC_pins_control1                        0x20000134   Data           8  hardwareconfig.o(.data)
    ADC_pins_control2                        0x2000013c   Data           8  hardwareconfig.o(.data)
    ADC_chn                                  0x20000144   Data           4  hardwareconfig.o(.data)
    SemId_txFinish                           0x20000148   Data           4  gprs_uart.o(.data)
    os_semaphore_cb_Sem_txFinish             0x2000014c   Data           8  gprs_uart.o(.data)
    SemId_rxFrame                            0x20000154   Data           4  gprs_uart.o(.data)
    os_semaphore_cb_Sem_rxFrame              0x20000158   Data           8  gprs_uart.o(.data)
    SemId_s485txFinish                       0x20000160   Data           4  serial485_uart.o(.data)
    os_semaphore_cb_Sem_s485txFinish         0x20000164   Data           8  serial485_uart.o(.data)
    SemId_s485rxFrame                        0x2000016c   Data           4  serial485_uart.o(.data)
    os_semaphore_cb_Sem_s485rxFrame          0x20000170   Data           8  serial485_uart.o(.data)
    g_sendCount                              0x20000178   Data           2  serial485_uart.o(.data)
    g_sendLen                                0x2000017a   Data           2  serial485_uart.o(.data)
    g_time2                                  0x20000180   Data           8  times.o(.data)
    ConfigRecFinish                          0x20000194   Data           1  adc.o(.data)
    TimingDelay                              0x20000198   Data           4  adc.o(.data)
    ConfigCheckCnt                           0x2000019c   Data           2  adc.o(.data)
    ADC_timcount                             0x2000019e   Data           2  adc.o(.data)
    comout_count                             0x200001a0   Data           2  adc.o(.data)
    BusCheckEN                               0x200001a2   Data           1  adc.o(.data)
    HalfSecCnt500mS                          0x200001a3   Data           1  adc.o(.data)
    HalfSecCnt5000mS                         0x200001a4   Data           2  adc.o(.data)
    Falg_HalfSec                             0x200001a6   Data           1  adc.o(.data)
    RunStat                                  0x200001a7   Data           1  adc.o(.data)
    sec_10                                   0x200001a8   Data           1  adc.o(.data)
    collectChannel                           0x200001a9   Data           1  adc.o(.data)
    RUNorBD                                  0x200001aa   Data           1  adc.o(.data)
    sampledote0                              0x200001ab   Data           1  adc.o(.data)
    sampleolddote0                           0x200001ac   Data           1  adc.o(.data)
    sampledote1                              0x200001ad   Data           1  adc.o(.data)
    sampleolddote1                           0x200001ae   Data           1  adc.o(.data)
    sampledote2                              0x200001af   Data           1  adc.o(.data)
    sampleolddote2                           0x200001b0   Data           1  adc.o(.data)
    BD_sampledote                            0x200001b1   Data           1  adc.o(.data)
    BD_sampleolddote                         0x200001b2   Data           1  adc.o(.data)
    BUSADdelta                               0x200001b4   Data           2  adc.o(.data)
    BUSADdelataCnt                           0x200001b6   Data           1  adc.o(.data)
    CHannel0finish                           0x200001b7   Data           1  adc.o(.data)
    CHannel1finish                           0x200001b8   Data           1  adc.o(.data)
    CHannel2finish                           0x200001b9   Data           1  adc.o(.data)
    ADCval0                                  0x200001ba   Data           2  adc.o(.data)
    ADCval1                                  0x200001bc   Data           2  adc.o(.data)
    ADCval2                                  0x200001be   Data           2  adc.o(.data)
    AV_BUF0                                  0x200001c0   Data           4  adc.o(.data)
    AV_BUF1                                  0x200001c4   Data           4  adc.o(.data)
    AV_BUF2                                  0x200001c8   Data           4  adc.o(.data)
    rang_f                                   0x200001cc   Data           4  adc.o(.data)
    ma_tie                                   0x200001d0   Data           4  adc.o(.data)
    sample_V11                               0x200001d4   Data           2  adc.o(.data)
    sample_V12                               0x200001d6   Data           2  adc.o(.data)
    sample_V13                               0x200001d8   Data           2  adc.o(.data)
    sample_HIGH1                             0x200001da   Data           2  adc.o(.data)
    sample_LOW1                              0x200001dc   Data           2  adc.o(.data)
    I_get_val                                0x200001e0   Data           4  adc.o(.data)
    I__get_rsv                               0x200001e4   Data           4  adc.o(.data)
    I_get_alarm                              0x200001e8   Data           4  adc.o(.data)
    INPUT_ADDRESS                            0x200001f0   Data           4  modbusrtu_cli.o(.data)
    HOLD_ADDRESS                             0x200001f4   Data           4  modbusrtu_cli.o(.data)
    _u8MBSlave                               0x200001fc   Data           1  modbus_master.o(.data)
    _u16ReadAddress                          0x200001fe   Data           2  modbus_master.o(.data)
    _u16ReadQty                              0x20000200   Data           2  modbus_master.o(.data)
    _u16WriteAddress                         0x20000202   Data           2  modbus_master.o(.data)
    _u16WriteQty                             0x20000204   Data           2  modbus_master.o(.data)
    txBuffer                                 0x20000208   Data           4  modbus_master.o(.data)
    _u8TransmitBufferIndex                   0x2000020c   Data           1  modbus_master.o(.data)
    u16TransmitBufferLength                  0x2000020e   Data           2  modbus_master.o(.data)
    rxBuffer                                 0x20000210   Data           4  modbus_master.o(.data)
    _u8ResponseBufferIndex                   0x20000214   Data           1  modbus_master.o(.data)
    _u8ResponseBufferLength                  0x20000215   Data           1  modbus_master.o(.data)
    tid_ktz3                                 0x20000230   Data           4  ktz3.o(.data)
    osThreadId_osTimerThread                 0x2000023c   Data           4  rtx_conf_cm.o(.data)
    osMessageQId_osTimerMessageQ             0x20000240   Data           4  rtx_conf_cm.o(.data)
    os_tmr                                   0x20000244   Data           4  rtx_conf_cm.o(.data)
    m_tmr                                    0x20000248   Data           4  rtx_conf_cm.o(.data)
    os_initialized                           0x20000260   Data           1  rt_cmsis.o(.data)
    os_running                               0x20000261   Data           1  rt_cmsis.o(.data)
    os_timer_head                            0x20000264   Data           4  rt_cmsis.o(.data)
    os_tsk                                   0x20000268   Data           8  rt_task.o(.data)
    os_tick_irqn                             0x20000274   Data           4  rt_system.o(.data)
    os_time                                  0x20000278   Data           4  rt_time.o(.data)
    dbg_msg                                  0x2000027c   Data           1  hal_cm.o(.data)
    os_robin                                 0x20000280   Data           8  rt_robin.o(.data)
    __stdout                                 0x20000288   Data           4  stdout.o(.data)
    __microlib_freelist                      0x2000028c   Data           4  mvars.o(.data)
    __microlib_freelist_initialised          0x20000290   Data           4  mvars.o(.data)
    DTU_Buf                                  0x20000298   Data         256  cdma_dtu.o(.bss)
    dsys                                     0x20000398   Data          32  system.o(.bss)
    os_mutex_cb_GprsMutex                    0x200007f4   Data          16  gprs.o(.bss)
    g_TcpVbm                                 0x20000804   Data          16  gprs.o(.bss)
    sendTcpdata                              0x20000814   Data         512  gprs.o(.bss)
    Dtu_config                               0x20000a14   Data         620  dtuconfig.o(.bss)
    DtuTempBuf                               0x20000c80   Data          64  dtu.o(.bss)
    GprsRxirqCB                              0x20000cf4   Data          12  gprs_uart.o(.bss)
    GprsUart_buf                             0x20000d00   Data         512  gprs_uart.o(.bss)
    gpprs_Uart_Txbuf                         0x20000f00   Data         256  gprs_uart.o(.bss)
    S485Uart_buf                             0x20001010   Data        1024  serial485_uart.o(.bss)
    S485Uart_Txbuf                           0x2000142c   Data         256  serial485_uart.o(.bss)
    RTU                                      0x20001578   Data         168  adc.o(.bss)
    SAMPLE                                   0x20001620   Data          36  adc.o(.bss)
    BDSAMPLE                                 0x20001644   Data         132  adc.o(.bss)
    input_buf                                0x20001884   Data          24  modbusrtu_cli.o(.bss)
    hold_buf                                 0x2000189c   Data          46  modbusrtu_cli.o(.bss)
    mp_tcb                                   0x200018d0   Data         272  rtx_conf_cm.o(.bss)
    mp_stk                                   0x200019e0   Data        2416  rtx_conf_cm.o(.bss)
    os_stack_mem                             0x20002350   Data         832  rtx_conf_cm.o(.bss)
    os_fifo                                  0x20002690   Data         132  rtx_conf_cm.o(.bss)
    os_active_TCB                            0x20002714   Data          20  rtx_conf_cm.o(.bss)
    os_messageQ_q_osTimerMessageQ            0x20002728   Data          32  rtx_conf_cm.o(.bss)
    os_idle_TCB                              0x20002748   Data          52  rt_task.o(.bss)
    os_rdy                                   0x2000277c   Data          24  rt_list.o(.bss)
    os_dly                                   0x20002794   Data          24  rt_list.o(.bss)
    __heap_base                              0x200027b0   Data           0  startup_stm32f10x_md.o(HEAP)
    __heap_limit                             0x200047b0   Data           0  startup_stm32f10x_md.o(HEAP)
    __initial_sp                             0x200048b0   Data           0  startup_stm32f10x_md.o(STACK)



==============================================================================

Memory Map of the image

  Image Entry point : 0x080000ed

  Load Region LR_IROM1 (Base: 0x08000000, Size: 0x0000fc50, Max: 0x00010000, ABSOLUTE, COMPRESSED[0x0000fa40])

    Execution Region ER_IROM1 (Base: 0x08000000, Size: 0x0000f9b8, Max: 0x00010000, ABSOLUTE)

    Base Addr    Size         Type   Attr      Idx    E Section Name        Object

    0x08000000   0x000000ec   Data   RO         2859    RESET               startup_stm32f10x_md.o
    0x080000ec   0x00000000   Code   RO         5970  * .ARM.Collect$$$$00000000  mc_w.l(entry.o)
    0x080000ec   0x00000004   Code   RO         6318    .ARM.Collect$$$$00000001  mc_w.l(entry2.o)
    0x080000f0   0x00000004   Code   RO         6321    .ARM.Collect$$$$00000004  mc_w.l(entry5.o)
    0x080000f4   0x00000000   Code   RO         6323    .ARM.Collect$$$$00000008  mc_w.l(entry7b.o)
    0x080000f4   0x00000000   Code   RO         6325    .ARM.Collect$$$$0000000A  mc_w.l(entry8b.o)
    0x080000f4   0x00000000   Code   RO         6326    .ARM.Collect$$$$0000000D  mc_w.l(entry10a.o)
    0x080000f4   0x00000000   Code   RO         6328    .ARM.Collect$$$$0000000F  mc_w.l(entry11a.o)
    0x080000f4   0x00000018   Code   RO         2791    .ARM.Collect$$$$000000FF  rtx_conf_cm.o
    0x0800010c   0x00000004   Code   RO         6319    .ARM.Collect$$$$00002712  mc_w.l(entry2.o)
    0x08000110   0x00000130   Code   RO         5957    .emb_text           RTX_CM3.lib(hal_cm3.o)
    0x08000240   0x00000024   Code   RO         2860    .text               startup_stm32f10x_md.o
    0x08000264   0x00000062   Code   RO         5973    .text               mc_w.l(uldiv.o)
    0x080002c6   0x00000024   Code   RO         5975    .text               mc_w.l(memcpya.o)
    0x080002ea   0x00000024   Code   RO         5977    .text               mc_w.l(memseta.o)
    0x0800030e   0x00000018   Code   RO         5979    .text               mc_w.l(strcat.o)
    0x08000326   0x00000024   Code   RO         5981    .text               mc_w.l(strstr.o)
    0x0800034a   0x0000000e   Code   RO         5983    .text               mc_w.l(strlen.o)
    0x08000358   0x0000001c   Code   RO         5985    .text               mc_w.l(strcmp.o)
    0x08000374   0x00000012   Code   RO         5987    .text               mc_w.l(strcpy.o)
    0x08000386   0x0000001e   Code   RO         5989    .text               mc_w.l(strncmp.o)
    0x080003a4   0x00000022   Code   RO         5991    .text               mc_w.l(strcspn.o)
    0x080003c6   0x00000072   Code   RO         6284    .text               mc_w.l(strtoul.o)
    0x08000438   0x0000001a   Code   RO         6286    .text               mc_w.l(atoi.o)
    0x08000452   0x000000b0   Code   RO         6288    .text               mf_w.l(fadd.o)
    0x08000502   0x00000064   Code   RO         6290    .text               mf_w.l(fmul.o)
    0x08000566   0x0000007c   Code   RO         6292    .text               mf_w.l(fdiv.o)
    0x080005e2   0x0000014e   Code   RO         6294    .text               mf_w.l(dadd.o)
    0x08000730   0x000000e4   Code   RO         6296    .text               mf_w.l(dmul.o)
    0x08000814   0x000000de   Code   RO         6298    .text               mf_w.l(ddiv.o)
    0x080008f2   0x00000012   Code   RO         6300    .text               mf_w.l(fflti.o)
    0x08000904   0x0000000a   Code   RO         6302    .text               mf_w.l(ffltui.o)
    0x0800090e   0x00000028   Code   RO         6304    .text               mf_w.l(ffixui.o)
    0x08000936   0x00000026   Code   RO         6306    .text               mf_w.l(f2d.o)
    0x0800095c   0x00000030   Code   RO         6308    .text               mf_w.l(cdcmple.o)
    0x0800098c   0x00000030   Code   RO         6310    .text               mf_w.l(cdrcmple.o)
    0x080009bc   0x00000038   Code   RO         6312    .text               mf_w.l(d2f.o)
    0x080009f4   0x00000014   Code   RO         6314    .text               mf_w.l(cfcmple.o)
    0x08000a08   0x00000014   Code   RO         6316    .text               mf_w.l(cfrcmple.o)
    0x08000a1c   0x0000001e   Code   RO         6333    .text               mc_w.l(llshl.o)
    0x08000a3a   0x00000020   Code   RO         6335    .text               mc_w.l(llushr.o)
    0x08000a5a   0x00000024   Code   RO         6337    .text               mc_w.l(llsshr.o)
    0x08000a7e   0x00000002   PAD
    0x08000a80   0x00000008   Code   RO         6339    .text               mc_w.l(ctype_o.o)
    0x08000a88   0x0000009e   Code   RO         6376    .text               mc_w.l(_strtoul.o)
    0x08000b26   0x00000070   Code   RO         6378    .text               mc_w.l(strtol.o)
    0x08000b96   0x00000000   Code   RO         6380    .text               mc_w.l(iusefp.o)
    0x08000b96   0x0000006e   Code   RO         6381    .text               mf_w.l(fepilogue.o)
    0x08000c04   0x000000ba   Code   RO         6383    .text               mf_w.l(depilogue.o)
    0x08000cbe   0x00000002   PAD
    0x08000cc0   0x00000024   Code   RO         6387    .text               mc_w.l(init.o)
    0x08000ce4   0x0000001c   Code   RO         6389    .text               mc_w.l(_chval.o)
    0x08000d00   0x00000056   Code   RO         6399    .text               mc_w.l(__dczerorl2.o)
    0x08000d56   0x00000002   PAD
    0x08000d58   0x00000004   Code   RO         5967    SVC_TABLE           RTX_CM3.lib(svc_table.o)
    0x08000d5c   0x00000064   Code   RO         1967    i.ADCValUpdate      adc.o
    0x08000dc0   0x00000018   Code   RO         1968    i.ADC_50ms          adc.o
    0x08000dd8   0x00000016   Code   RO         2967    i.ADC_Cmd           stm32f10x_adc.o
    0x08000dee   0x00000016   Code   RO         2968    i.ADC_DMACmd        stm32f10x_adc.o
    0x08000e04   0x00000014   Code   RO         2975    i.ADC_GetCalibrationStatus  stm32f10x_adc.o
    0x08000e18   0x00000014   Code   RO         2981    i.ADC_GetResetCalibrationStatus  stm32f10x_adc.o
    0x08000e2c   0x00000050   Code   RO         2985    i.ADC_Init          stm32f10x_adc.o
    0x08000e7c   0x000000b8   Code   RO         2989    i.ADC_RegularChannelConfig  stm32f10x_adc.o
    0x08000f34   0x0000000a   Code   RO         2990    i.ADC_ResetCalibration  stm32f10x_adc.o
    0x08000f3e   0x00000016   Code   RO         2992    i.ADC_SoftwareStartConvCmd  stm32f10x_adc.o
    0x08000f54   0x0000000a   Code   RO         2994    i.ADC_StartCalibration  stm32f10x_adc.o
    0x08000f5e   0x00000012   Code   RO         2995    i.ADC_StructInit    stm32f10x_adc.o
    0x08000f70   0x0000000e   Code   RO         2389    i.Big_end_to_Little_end  modbusrtu_cli.o
    0x08000f7e   0x00000002   PAD
    0x08000f80   0x00000038   Code   RO         2390    i.CRC16             modbusrtu_cli.o
    0x08000fb8   0x00002e18   Code   RO         1969    i.Calculate         adc.o
    0x08003dd0   0x00000014   Code   RO         1970    i.Collect_job       adc.o
    0x08003de4   0x0000001c   Code   RO          942    i.ConfigSystemProcess  dtu.o
    0x08003e00   0x0000000c   Code   RO          943    i.ConfigSystem_ctor  dtu.o
    0x08003e0c   0x0000001a   Code   RO          944    i.ConfigSystem_new  dtu.o
    0x08003e26   0x0000006a   Code   RO          878    i.Config_job        dtuconfig.o
    0x08003e90   0x00000038   Code   RO          879    i.Config_server     dtuconfig.o
    0x08003ec8   0x00000050   Code   RO          945    i.Construct         dtu.o
    0x08003f18   0x0000001c   Code   RO          946    i.DCFctGetInstance  dtu.o
    0x08003f34   0x00000040   Code   RO         1971    i.DMA1_Channel1_IRQHandler  adc.o
    0x08003f74   0x0000003c   Code   RO         1652    i.DMA1_Channel2_IRQHandler  gprs_uart.o
    0x08003fb0   0x00000084   Code   RO         1731    i.DMA1_Channel6_IRQHandler  serial485_uart.o
    0x08004034   0x00000040   Code   RO         1732    i.DMA1_Channel7_IRQHandler  serial485_uart.o
    0x08004074   0x00000068   Code   RO         1972    i.DMA1_Configuration  adc.o
    0x080040dc   0x0000001c   Code   RO         3195    i.DMA_ClearFlag     stm32f10x_dma.o
    0x080040f8   0x00000018   Code   RO         3197    i.DMA_Cmd           stm32f10x_dma.o
    0x08004110   0x0000014c   Code   RO         3198    i.DMA_DeInit        stm32f10x_dma.o
    0x0800425c   0x00000008   Code   RO         3199    i.DMA_GetCurrDataCounter  stm32f10x_dma.o
    0x08004264   0x0000002c   Code   RO         3201    i.DMA_GetITStatus   stm32f10x_dma.o
    0x08004290   0x000000f4   Code   RO         1653    i.DMA_GprsUart_Init  gprs_uart.o
    0x08004384   0x00000012   Code   RO         3202    i.DMA_ITConfig      stm32f10x_dma.o
    0x08004396   0x0000003c   Code   RO         3203    i.DMA_Init          stm32f10x_dma.o
    0x080043d2   0x00000002   PAD
    0x080043d4   0x000000dc   Code   RO         1733    i.DMA_s485Uart_Init  serial485_uart.o
    0x080044b0   0x00000060   Code   RO         2571    i.DVS_get_dev_service  device_server.o
    0x08004510   0x00000554   Code   RO         1973    i.Data_Deal         adc.o
    0x08004a64   0x0000012c   Code   RO         1974    i.DealwithCollect   adc.o
    0x08004b90   0x00000024   Code   RO          947    i.Debug_485         dtu.o
    0x08004bb4   0x0000000c   Code   RO         2572    i.Device_server_ctor  device_server.o
    0x08004bc0   0x0000000c   Code   RO          948    i.DtuContextFactory_ctor  dtu.o
    0x08004bcc   0x0000001a   Code   RO          949    i.DtuContextFactory_new  dtu.o
    0x08004be6   0x00000030   Code   RO          950    i.DtucreateContext  dtu.o
    0x08004c16   0x00000002   PAD
    0x08004c18   0x00000014   Code   RO         2573    i.Dvs_none_ctor     device_server.o
    0x08004c2c   0x0000001a   Code   RO         2574    i.Dvs_none_new      device_server.o
    0x08004c46   0x0000000c   Code   RO         2770    i.Dvs_test_ctor     dvs_test.o
    0x08004c52   0x0000001a   Code   RO         2771    i.Dvs_test_new      dvs_test.o
    0x08004c6c   0x00000012   Code   RO         2292    i.Eliminate_the_space  ttextconfprot.o
    0x08004c7e   0x00000002   PAD
    0x08004c80   0x0000000c   Code   RO          951    i.EmptyProcess_ctor  dtu.o
    0x08004c8c   0x0000001a   Code   RO          952    i.EmptyProcess_new  dtu.o
    0x08004ca6   0x0000000a   Code   RO          953    i.Emptyprocess      dtu.o
    0x08004cb0   0x00000164   Code   RO         1975    i.FinishCollect     adc.o
    0x08004e14   0x00000054   Code   RO          954    i.ForwardNetProcess  dtu.o
    0x08004e68   0x0000000c   Code   RO          955    i.ForwardNet_ctor   dtu.o
    0x08004e74   0x0000001a   Code   RO          956    i.ForwardNet_new    dtu.o
    0x08004e8e   0x00000002   PAD
    0x08004e90   0x0000006c   Code   RO          957    i.ForwardSMSProcess  dtu.o
    0x08004efc   0x0000000c   Code   RO          958    i.ForwardSMS_ctor   dtu.o
    0x08004f08   0x0000001a   Code   RO          959    i.ForwardSMS_new    dtu.o
    0x08004f22   0x00000032   Code   RO          960    i.ForwardSer485Process  dtu.o
    0x08004f54   0x0000000c   Code   RO          961    i.ForwardSer485_ctor  dtu.o
    0x08004f60   0x0000001a   Code   RO          962    i.ForwardSer485_new  dtu.o
    0x08004f7a   0x00000002   PAD
    0x08004f7c   0x00000100   Code   RO         1554    i.GPIO_Configuration  chipset.o
    0x0800507c   0x00000116   Code   RO         3471    i.GPIO_Init         stm32f10x_gpio.o
    0x08005192   0x00000004   Code   RO         3478    i.GPIO_ResetBits    stm32f10x_gpio.o
    0x08005196   0x00000004   Code   RO         3479    i.GPIO_SetBits      stm32f10x_gpio.o
    0x0800519a   0x00000002   PAD
    0x0800519c   0x00000014   Code   RO          371    i.GPRS_is_sms_ready  gprs.o
    0x080051b0   0x0000005c   Code   RO          372    i.GPRS_send_sms     gprs.o
    0x0800520c   0x0000001c   Code   RO          963    i.GetConfigSystem   dtu.o
    0x08005228   0x0000001c   Code   RO          964    i.GetEmptyProcess   dtu.o
    0x08005244   0x0000001c   Code   RO          965    i.GetForwardNet     dtu.o
    0x08005260   0x0000001c   Code   RO          966    i.GetForwardSMS     dtu.o
    0x0800527c   0x0000001c   Code   RO          967    i.GetForwardSer485  dtu.o
    0x08005298   0x0000001c   Code   RO          968    i.GetModbusBusiness  dtu.o
    0x080052b4   0x000001a8   Code   RO          373    i.Get_ip_status     gprs.o
    0x0800545c   0x000000a8   Code   RO         2625    i.Get_key_val       ktz3.o
    0x08005504   0x00000090   Code   RO          319    i.Get_str_data      system.o
    0x08005594   0x000001bc   Code   RO          969    i.GprsCnntManagerRun  dtu.o
    0x08005750   0x00000014   Code   RO          970    i.GprsCnntManagerState_ctor  dtu.o
    0x08005764   0x0000001a   Code   RO          971    i.GprsCnntManagerState_new  dtu.o
    0x0800577e   0x00000002   PAD
    0x08005780   0x00000244   Code   RO          972    i.GprsConnectRun    dtu.o
    0x080059c4   0x00000014   Code   RO          973    i.GprsConnectState_ctor  dtu.o
    0x080059d8   0x0000001a   Code   RO          974    i.GprsConnectState_new  dtu.o
    0x080059f2   0x00000002   PAD
    0x080059f4   0x0000014c   Code   RO          975    i.GprsDealSMSRun    dtu.o
    0x08005b40   0x0000001c   Code   RO          976    i.GprsDealSMSState_ctor  dtu.o
    0x08005b5c   0x0000001a   Code   RO          977    i.GprsDealSMSState_new  dtu.o
    0x08005b76   0x00000002   PAD
    0x08005b78   0x00000220   Code   RO          978    i.GprsEventHandleRun  dtu.o
    0x08005d98   0x00000014   Code   RO          979    i.GprsEventHandleState_ctor  dtu.o
    0x08005dac   0x0000001a   Code   RO          980    i.GprsEventHandleState_new  dtu.o
    0x08005dc6   0x00000002   PAD
    0x08005dc8   0x00000028   Code   RO          374    i.GprsGetInstance   gprs.o
    0x08005df0   0x00000064   Code   RO          981    i.GprsHeatBeatRun   dtu.o
    0x08005e54   0x00000014   Code   RO          982    i.GprsHeatBeatState_ctor  dtu.o
    0x08005e68   0x0000001a   Code   RO          983    i.GprsHeatBeatState_new  dtu.o
    0x08005e82   0x0000000a   Code   RO          375    i.GprsRun           gprs.o
    0x08005e8c   0x00000144   Code   RO          984    i.GprsSelfTestRun   dtu.o
    0x08005fd0   0x00000014   Code   RO          985    i.GprsSelfTestState_ctor  dtu.o
    0x08005fe4   0x0000001a   Code   RO          986    i.GprsSelfTestState_new  dtu.o
    0x08005ffe   0x00000012   Code   RO            4    i.GprsShutdown      cdma_dtu.o
    0x08006010   0x00000002   Code   RO          376    i.GprsTcpCnnectBeagin  gprs.o
    0x08006012   0x00000002   Code   RO          377    i.GprsTcpCnnectFinish  gprs.o
    0x08006014   0x00000054   Code   RO          378    i.Gprs_Event_smsRecv  gprs.o
    0x08006068   0x00000050   Code   RO          379    i.Gprs_Event_tcpRecv  gprs.o
    0x080060b8   0x00000040   Code   RO          380    i.Gprs_Event_tcpclose  gprs.o
    0x080060f8   0x0000028c   Code   RO          381    i.Gprs_check_simCard  gprs.o
    0x08006384   0x00000160   Code   RO          382    i.Gprs_get_info     gprs.o
    0x080064e4   0x000000b0   Code   RO          383    i.Gprs_init         gprs.o
    0x08006594   0x0000001c   Code   RO          384    i.Grps_SetCipmode   gprs.o
    0x080065b0   0x0000001c   Code   RO          385    i.Grps_SetCipmux    gprs.o
    0x080065cc   0x00000022   Code   RO         1555    i.IWDG_Configuration  chipset.o
    0x080065ee   0x00000002   PAD
    0x080065f0   0x00000010   Code   RO         3591    i.IWDG_Enable       stm32f10x_iwdg.o
    0x08006600   0x00000010   Code   RO         3593    i.IWDG_ReloadCounter  stm32f10x_iwdg.o
    0x08006610   0x0000000c   Code   RO         3594    i.IWDG_SetPrescaler  stm32f10x_iwdg.o
    0x0800661c   0x0000000c   Code   RO         3595    i.IWDG_SetReload    stm32f10x_iwdg.o
    0x08006628   0x0000000c   Code   RO         3596    i.IWDG_WriteAccessCmd  stm32f10x_iwdg.o
    0x08006634   0x00000048   Code   RO         1556    i.Init_TIM2         chipset.o
    0x0800667c   0x000000c4   Code   RO            5    i.Init_ThrdDtu      cdma_dtu.o
    0x08006740   0x00000080   Code   RO          284    i.Init_Thread_rtu   thread_rtu.o
    0x080067c0   0x000001dc   Code   RO          799    i.Init_rtu          rtu.o
    0x0800699c   0x00000010   Code   RO          880    i.Init_system_config  dtuconfig.o
    0x080069ac   0x00000024   Code   RO         2626    i.Ktz3_ctor         ktz3.o
    0x080069d0   0x0000001a   Code   RO         2627    i.Ktz3_new          ktz3.o
    0x080069ea   0x00000002   PAD
    0x080069ec   0x00000044   Code   RO          194    i.Led_job           main.o
    0x08006a30   0x00000028   Code   RO          320    i.Led_level         system.o
    0x08006a58   0x0000000e   Code   RO         2391    i.Little_end_to_Big_end  modbusrtu_cli.o
    0x08006a66   0x00000002   PAD
    0x08006a68   0x00000020   Code   RO         2496    i.MDM_register_update  modbus_master.o
    0x08006a88   0x0000004c   Code   RO          987    i.ModbusBusinessProcess  dtu.o
    0x08006ad4   0x0000000c   Code   RO          988    i.ModbusBusiness_ctor  dtu.o
    0x08006ae0   0x0000001a   Code   RO          989    i.ModbusBusiness_new  dtu.o
    0x08006afa   0x00000002   PAD
    0x08006afc   0x00000170   Code   RO         2497    i.ModbusMaster_ModbusMasterTransaction  modbus_master.o
    0x08006c6c   0x000000a0   Code   RO         2498    i.ModbusMaster_decode_pkt  modbus_master.o
    0x08006d0c   0x00000038   Code   RO         2499    i.ModbusMaster_readCoils  modbus_master.o
    0x08006d44   0x00000038   Code   RO         2500    i.ModbusMaster_readDiscreteInputs  modbus_master.o
    0x08006d7c   0x00000038   Code   RO         2501    i.ModbusMaster_readHoldingRegisters  modbus_master.o
    0x08006db4   0x00000038   Code   RO         2502    i.ModbusMaster_readInputRegisters  modbus_master.o
    0x08006dec   0x00000044   Code   RO         2503    i.ModbusMaster_writeSingleCoil  modbus_master.o
    0x08006e30   0x00000040   Code   RO         2504    i.ModbusMaster_writeSingleRegister  modbus_master.o
    0x08006e70   0x00000158   Code   RO          800    i.ModbusRTURegTpye3_wrCB  rtu.o
    0x08006fc8   0x0000010c   Code   RO         1557    i.NVIC_Configuration  chipset.o
    0x080070d4   0x00000070   Code   RO         2913    i.NVIC_Init         misc.o
    0x08007144   0x00000014   Code   RO         2914    i.NVIC_PriorityGroupConfig  misc.o
    0x08007158   0x00000014   Code   RO         2915    i.NVIC_SetVectorTable  misc.o
    0x0800716c   0x0000001c   Code   RO          990    i.PThrInitState     dtu.o
    0x08007188   0x00000018   Code   RO          991    i.PassThroughModeBuildGprsConnectState  dtu.o
    0x080071a0   0x00000026   Code   RO          992    i.PassThroughModeBuildGprsDealSMSState  dtu.o
    0x080071c6   0x00000038   Code   RO          993    i.PassThroughModeBuildGprsEventHandleState  dtu.o
    0x080071fe   0x00000018   Code   RO          994    i.PassThroughModeBuildGprsSelfTestState  dtu.o
    0x08007216   0x00000018   Code   RO          995    i.PassThroughModeBuilderGprsCnntManagerState  dtu.o
    0x0800722e   0x00000018   Code   RO          996    i.PassThroughModeBuilderGprsHeatBeatState  dtu.o
    0x08007246   0x00000002   PAD
    0x08007248   0x00000034   Code   RO          997    i.PassThroughModeBuilder_ctor  dtu.o
    0x0800727c   0x0000001a   Code   RO          998    i.PassThroughModeBuilder_new  dtu.o
    0x08007296   0x00000002   PAD
    0x08007298   0x00000014   Code   RO          999    i.PassThroughModeContext_ctor  dtu.o
    0x080072ac   0x0000001a   Code   RO         1000    i.PassThroughModeContext_new  dtu.o
    0x080072c6   0x00000002   PAD
    0x080072c8   0x00000018   Code   RO         3645    i.RCC_ADCCLKConfig  stm32f10x_rcc.o
    0x080072e0   0x00000020   Code   RO         3646    i.RCC_AHBPeriphClockCmd  stm32f10x_rcc.o
    0x08007300   0x00000020   Code   RO         3647    i.RCC_APB1PeriphClockCmd  stm32f10x_rcc.o
    0x08007320   0x00000020   Code   RO         3648    i.RCC_APB1PeriphResetCmd  stm32f10x_rcc.o
    0x08007340   0x00000020   Code   RO         3649    i.RCC_APB2PeriphClockCmd  stm32f10x_rcc.o
    0x08007360   0x00000020   Code   RO         3650    i.RCC_APB2PeriphResetCmd  stm32f10x_rcc.o
    0x08007380   0x00000046   Code   RO         1558    i.RCC_Configuration  chipset.o
    0x080073c6   0x00000002   PAD
    0x080073c8   0x000000d4   Code   RO         3657    i.RCC_GetClocksFreq  stm32f10x_rcc.o
    0x0800749c   0x00000018   Code   RO         1001    i.RRTUBuildGprsConnectState  dtu.o
    0x080074b4   0x00000026   Code   RO         1002    i.RRTUBuildGprsDealSMSState  dtu.o
    0x080074da   0x00000038   Code   RO         1003    i.RRTUBuildGprsEventHandleState  dtu.o
    0x08007512   0x00000018   Code   RO         1004    i.RRTUBuildGprsSelfTestState  dtu.o
    0x0800752a   0x00000018   Code   RO         1005    i.RRTUBuilderGprsCnntManagerState  dtu.o
    0x08007542   0x00000018   Code   RO         1006    i.RRTUBuilderGprsHeatBeatState  dtu.o
    0x0800755a   0x0000001c   Code   RO         1007    i.RRTUInitState     dtu.o
    0x08007576   0x0000001a   Code   RO          801    i.Read_rtualarm     rtu.o
    0x08007590   0x00000018   Code   RO          802    i.Read_rtursv       rtu.o
    0x080075a8   0x0000002c   Code   RO          803    i.Read_rtuval       rtu.o
    0x080075d4   0x0000000c   Code   RO         1976    i.Regist_get_alarm  adc.o
    0x080075e0   0x0000000c   Code   RO         1977    i.Regist_get_rsv    adc.o
    0x080075ec   0x0000000c   Code   RO         1978    i.Regist_get_val    adc.o
    0x080075f8   0x00000010   Code   RO         2392    i.Regist_reg3_wrcb  modbusrtu_cli.o
    0x08007608   0x00000034   Code   RO         1008    i.RemoteRTUModeBuilder_ctor  dtu.o
    0x0800763c   0x0000001a   Code   RO         1009    i.RemoteRTUModeBuilder_new  dtu.o
    0x08007656   0x00000002   PAD
    0x08007658   0x00000014   Code   RO         1010    i.RemoteRTUModeContext_ctor  dtu.o
    0x0800766c   0x0000001a   Code   RO         1011    i.RemoteRTUModeContext_new  dtu.o
    0x08007686   0x00000002   PAD
    0x08007688   0x00000058   Code   RO         1888    i.Ringing           times.o
    0x080076e0   0x0000005a   Code   RO          804    i.RtuInit           rtu.o
    0x0800773a   0x00000002   PAD
    0x0800773c   0x00000014   Code   RO          805    i.RtuInstance_ctor  rtu.o
    0x08007750   0x0000001a   Code   RO          806    i.RtuInstance_new   rtu.o
    0x0800776a   0x00000002   PAD
    0x0800776c   0x00000054   Code   RO          807    i.RtuRun            rtu.o
    0x080077c0   0x00000034   Code   RO         1012    i.SMSConfigSystem_ack  dtu.o
    0x080077f4   0x0000001c   Code   RO         1013    i.SMSInitState      dtu.o
    0x08007810   0x00000006   Code   RO         1014    i.SMSModeBuildGprsConnectState  dtu.o
    0x08007816   0x00000026   Code   RO         1015    i.SMSModeBuildGprsDealSMSState  dtu.o
    0x0800783c   0x00000038   Code   RO         1016    i.SMSModeBuildGprsEventHandleState  dtu.o
    0x08007874   0x00000018   Code   RO         1017    i.SMSModeBuildGprsSelfTestState  dtu.o
    0x0800788c   0x00000006   Code   RO         1018    i.SMSModeBuilderGprsCnntManagerState  dtu.o
    0x08007892   0x00000006   Code   RO         1019    i.SMSModeBuilderGprsHeatBeatState  dtu.o
    0x08007898   0x00000034   Code   RO         1020    i.SMSModeBuilder_ctor  dtu.o
    0x080078cc   0x0000001a   Code   RO         1021    i.SMSModeBuilder_new  dtu.o
    0x080078e6   0x00000002   PAD
    0x080078e8   0x00000014   Code   RO         1022    i.SMSModeContext_ctor  dtu.o
    0x080078fc   0x0000001a   Code   RO         1023    i.SMSModeContext_new  dtu.o
    0x08007916   0x00000002   PAD
    0x08007918   0x00000020   Code   RO         1820    i.SPI1_IRQHandler   spi.o
    0x08007938   0x00000018   Code   RO         3862    i.SPI_Cmd           stm32f10x_spi.o
    0x08007950   0x00000012   Code   RO         3870    i.SPI_I2S_GetFlagStatus  stm32f10x_spi.o
    0x08007962   0x00000020   Code   RO         3872    i.SPI_I2S_ITConfig  stm32f10x_spi.o
    0x08007982   0x00000006   Code   RO         3873    i.SPI_I2S_ReceiveData  stm32f10x_spi.o
    0x08007988   0x00000004   Code   RO         3874    i.SPI_I2S_SendData  stm32f10x_spi.o
    0x0800798c   0x0000003c   Code   RO         3875    i.SPI_Init          stm32f10x_spi.o
    0x080079c8   0x00000018   Code   RO         3878    i.SPI_StructInit    stm32f10x_spi.o
    0x080079e0   0x0000005e   Code   RO          195    i.Select_apptype    main.o
    0x08007a3e   0x00000002   PAD
    0x08007a40   0x000000a8   Code   RO          386    i.SendBufData       gprs.o
    0x08007ae8   0x00000012   Code   RO         1024    i.Ser485ModbusAckCB  dtu.o
    0x08007afa   0x0000004e   Code   RO          387    i.SerilTxandRx      gprs.o
    0x08007b48   0x00000008   Code   RO         2867    i.SetSysClock       system_stm32f10x.o
    0x08007b50   0x000000e0   Code   RO         2868    i.SetSysClockTo72   system_stm32f10x.o
    0x08007c30   0x0000001c   Code   RO         1979    i.Set_alarmH        adc.o
    0x08007c4c   0x0000001c   Code   RO         1980    i.Set_alarmL        adc.o
    0x08007c68   0x0000001c   Code   RO         1982    i.Set_rangH         adc.o
    0x08007c84   0x0000001c   Code   RO         1983    i.Set_rangL         adc.o
    0x08007ca0   0x0000000a   Code   RO         1025    i.StateContextInit  dtu.o
    0x08007caa   0x00000002   PAD
    0x08007cac   0x0000002c   Code   RO         1026    i.StateContext_ctor  dtu.o
    0x08007cd8   0x00000060   Code   RO         2870    i.SystemInit        system_stm32f10x.o
    0x08007d38   0x0000000c   Code   RO          196    i.SystemShutdown    main.o
    0x08007d44   0x00000070   Code   RO         1889    i.TIM2_IRQHandler   times.o
    0x08007db4   0x00000006   Code   RO         4023    i.TIM_ClearFlag     stm32f10x_tim.o
    0x08007dba   0x00000006   Code   RO         4024    i.TIM_ClearITPendingBit  stm32f10x_tim.o
    0x08007dc0   0x00000018   Code   RO         4029    i.TIM_Cmd           stm32f10x_tim.o
    0x08007dd8   0x000001e8   Code   RO         4034    i.TIM_DeInit        stm32f10x_tim.o
    0x08007fc0   0x00000022   Code   RO         4050    i.TIM_GetITStatus   stm32f10x_tim.o
    0x08007fe2   0x00000012   Code   RO         4054    i.TIM_ITConfig      stm32f10x_tim.o
    0x08007ff4   0x000000a4   Code   RO         4100    i.TIM_TimeBaseInit  stm32f10x_tim.o
    0x08008098   0x0000003a   Code   RO         1027    i.TcpModbusAckCB    dtu.o
    0x080080d2   0x00000002   PAD
    0x080080d4   0x00000018   Code   RO          285    i.Thread_rtu        thread_rtu.o
    0x080080ec   0x00000014   Code   RO          725    i.Turnoff           led.o
    0x08008100   0x00000014   Code   RO          726    i.Turnon            led.o
    0x08008114   0x000000e8   Code   RO         1734    i.USART2_IRQHandler  serial485_uart.o
    0x080081fc   0x000000f8   Code   RO         1654    i.USART3_IRQHandler  gprs_uart.o
    0x080082f4   0x00000012   Code   RO         4573    i.USART_ClearFlag   stm32f10x_usart.o
    0x08008306   0x00000018   Code   RO         4577    i.USART_Cmd         stm32f10x_usart.o
    0x0800831e   0x00000002   PAD
    0x08008320   0x00000138   Code   RO         1559    i.USART_Configuration  chipset.o
    0x08008458   0x00000012   Code   RO         4578    i.USART_DMACmd      stm32f10x_usart.o
    0x0800846a   0x00000002   PAD
    0x0800846c   0x0000009c   Code   RO         4579    i.USART_DeInit      stm32f10x_usart.o
    0x08008508   0x0000001a   Code   RO         4580    i.USART_GetFlagStatus  stm32f10x_usart.o
    0x08008522   0x00000054   Code   RO         4581    i.USART_GetITStatus  stm32f10x_usart.o
    0x08008576   0x0000004a   Code   RO         4583    i.USART_ITConfig    stm32f10x_usart.o
    0x080085c0   0x000000d8   Code   RO         4584    i.USART_Init        stm32f10x_usart.o
    0x08008698   0x0000000a   Code   RO         4591    i.USART_ReceiveData  stm32f10x_usart.o
    0x080086a2   0x00000008   Code   RO         4594    i.USART_SendData    stm32f10x_usart.o
    0x080086aa   0x00000042   Code   RO         2464    i.VecBuf_Init       bufmanager.o
    0x080086ec   0x00000050   Code   RO         2465    i.VecBuf_RecycleAFrame  bufmanager.o
    0x0800873c   0x000000d8   Code   RO         2466    i.VecBuf_read       bufmanager.o
    0x08008814   0x000000cc   Code   RO         2467    i.VecBuf_write      bufmanager.o
    0x080088e0   0x0000003c   Code   RO         2123    i.W25Q_read_flash   hw_w25q.o
    0x0800891c   0x0000003c   Code   RO         2124    i.W25Q_write_flash  hw_w25q.o
    0x08008958   0x0000000e   Code   RO         1028    i.WorkStatePrint    dtu.o
    0x08008966   0x00000014   Code   RO         1029    i.WorkStateTestInit  dtu.o
    0x0800897a   0x00000002   PAD
    0x0800897c   0x00000014   Code   RO         1030    i.WorkState_ctor    dtu.o
    0x08008990   0x00000020   Code   RO         6202    i.__0printf$8       mc_w.l(printf8.o)
    0x080089b0   0x00000028   Code   RO         6204    i.__0sprintf$8      mc_w.l(printf8.o)
    0x080089d8   0x00000008   Code   RO         6369    i.__aeabi_errno_addr  mc_w.l(errno.o)
    0x080089e0   0x0000000e   Code   RO         6393    i.__scatterload_copy  mc_w.l(handlers.o)
    0x080089ee   0x00000002   Code   RO         6394    i.__scatterload_null  mc_w.l(handlers.o)
    0x080089f0   0x0000000e   Code   RO         6395    i.__scatterload_zeroinit  mc_w.l(handlers.o)
    0x080089fe   0x00000046   Code   RO         5835    i._init_box         RTX_CM3.lib(rt_membox.o)
    0x08008a44   0x00000410   Code   RO         6209    i._printf_core      mc_w.l(printf8.o)
    0x08008e54   0x00000024   Code   RO         6210    i._printf_post_padding  mc_w.l(printf8.o)
    0x08008e78   0x0000002e   Code   RO         6211    i._printf_pre_padding  mc_w.l(printf8.o)
    0x08008ea6   0x0000000a   Code   RO         6213    i._sputc            mc_w.l(printf8.o)
    0x08008eb0   0x00000034   Code   RO          881    i.ack_str           dtuconfig.o
    0x08008ee4   0x00000030   Code   RO          727    i.blink             led.o
    0x08008f14   0x00000022   Code   RO          388    i.check_apn         gprs.o
    0x08008f36   0x0000002c   Code   RO          321    i.check_bit         system.o
    0x08008f62   0x00000036   Code   RO          389    i.check_ip          gprs.o
    0x08008f98   0x00000044   Code   RO          390    i.check_phoneNO     gprs.o
    0x08008fdc   0x00000010   Code   RO         1890    i.clean_time2_flags  times.o
    0x08008fec   0x00000024   Code   RO          322    i.clear_bit         system.o
    0x08009010   0x00000074   Code   RO          391    i.compare_phoneNO   gprs.o
    0x08009084   0x00000056   Code   RO          392    i.copy_phoneNO      gprs.o
    0x080090da   0x0000000e   Code   RO         1985    i.create_adc        adc.o
    0x080090e8   0x00000030   Code   RO         5888    i.dbg_init          RTX_CM3.lib(hal_cm.o)
    0x08009118   0x00000020   Code   RO         5889    i.dbg_task_notify   RTX_CM3.lib(hal_cm.o)
    0x08009138   0x00000010   Code   RO         5890    i.dbg_task_switch   RTX_CM3.lib(hal_cm.o)
    0x08009148   0x000000b4   Code   RO         2293    i.decodeTTCP_begin  ttextconfprot.o
    0x080091fc   0x00000010   Code   RO         2294    i.decodeTTCP_finish  ttextconfprot.o
    0x0800920c   0x0000007c   Code   RO          395    i.delete_sms        gprs.o
    0x08009288   0x00000ce4   Code   RO          882    i.dtu_conf          dtuconfig.o
    0x08009f6c   0x00000006   Code   RO         2575    i.dvs_init          device_server.o
    0x08009f72   0x00000026   Code   RO         2295    i.enter_TTCP        ttextconfprot.o
    0x08009f98   0x00000014   Code   RO         2792    i.feed_iwwg         rtx_conf_cm.o
    0x08009fac   0x00000034   Code   RO          198    i.fputc             main.o
    0x08009fe0   0x00000050   Code   RO         6256    i.free              mc_w.l(malloc.o)
    0x0800a030   0x00000054   Code   RO         2350    i.free_playloadbuf  ping_pongbuf.o
    0x0800a084   0x0000002c   Code   RO         2296    i.get_TTCPVer       ttextconfprot.o
    0x0800a0b0   0x0000003c   Code   RO          396    i.get_apn           gprs.o
    0x0800a0ec   0x00000014   Code   RO         2297    i.get_cmd           ttextconfprot.o
    0x0800a100   0x0000000c   Code   RO         2298    i.get_cmdtype       ttextconfprot.o
    0x0800a10c   0x00000040   Code   RO          883    i.get_dtuCfg        dtuconfig.o
    0x0800a14c   0x0000003c   Code   RO          397    i.get_firstCnt_seq  gprs.o
    0x0800a188   0x0000004c   Code   RO          398    i.get_firstDiscnt_seq  gprs.o
    0x0800a1d4   0x00000054   Code   RO         2299    i.get_firstarg      ttextconfprot.o
    0x0800a228   0x00000008   Code   RO         2351    i.get_loadbuflen    ping_pongbuf.o
    0x0800a230   0x00000006   Code   RO         2352    i.get_playloadbuf   ping_pongbuf.o
    0x0800a236   0x00000002   PAD
    0x0800a238   0x0000002c   Code   RO          399    i.get_seq           gprs.o
    0x0800a264   0x00000074   Code   RO          400    i.get_sms_phNO      gprs.o
    0x0800a2d8   0x0000006c   Code   RO         1655    i.gprs_Uart_ioctl   gprs_uart.o
    0x0800a344   0x000000a0   Code   RO         1656    i.gprs_Uart_read    gprs_uart.o
    0x0800a3e4   0x00000094   Code   RO         1657    i.gprs_Uart_write   gprs_uart.o
    0x0800a478   0x000000cc   Code   RO          401    i.gprs_t_ctor       gprs.o
    0x0800a544   0x0000001a   Code   RO          402    i.gprs_t_new        gprs.o
    0x0800a55e   0x00000002   PAD
    0x0800a560   0x000000c4   Code   RO         1658    i.gprs_uart_init    gprs_uart.o
    0x0800a624   0x00000006   Code   RO         2505    i.highByte          modbus_master.o
    0x0800a62a   0x0000001a   Code   RO          728    i.init_led          led.o
    0x0800a644   0x0000004a   Code   RO         2353    i.init_pingponfbuf  ping_pongbuf.o
    0x0800a68e   0x00000002   PAD
    0x0800a690   0x00000078   Code   RO         1986    i.init_stm32adc     adc.o
    0x0800a708   0x0000002a   Code   RO         4765    i.isrMessageGet     RTX_CM3.lib(rt_cmsis.o)
    0x0800a732   0x0000002c   Code   RO         4766    i.isrMessagePut     RTX_CM3.lib(rt_cmsis.o)
    0x0800a75e   0x00000028   Code   RO         4767    i.isrSemaphoreRelease  RTX_CM3.lib(rt_cmsis.o)
    0x0800a786   0x00000002   PAD
    0x0800a788   0x00000056   Code   RO         5681    i.isr_mbx_receive   RTX_CM3.lib(rt_mailbox.o)
    0x0800a7de   0x0000000e   Code   RO         5682    i.isr_mbx_send      RTX_CM3.lib(rt_mailbox.o)
    0x0800a7ec   0x00000010   Code   RO         5729    i.isr_sem_send      RTX_CM3.lib(rt_semaphore.o)
    0x0800a7fc   0x00000130   Code   RO         2628    i.ktz3_data_down    ktz3.o
    0x0800a92c   0x00000044   Code   RO         2629    i.ktz3_deal_write_msg  ktz3.o
    0x0800a970   0x00000040   Code   RO         2630    i.ktz3_get_free_obj  ktz3.o
    0x0800a9b0   0x000000a0   Code   RO         2631    i.ktz3_init         ktz3.o
    0x0800aa50   0x00000020   Code   RO         2632    i.ktz3_msg_deal_rd_cmd  ktz3.o
    0x0800aa70   0x00000120   Code   RO         2633    i.ktz3_msg_deal_wr_cmd  ktz3.o
    0x0800ab90   0x000000b0   Code   RO         2634    i.ktz3_msg_get_cmd  ktz3.o
    0x0800ac40   0x00000070   Code   RO         2635    i.ktz3_msg_get_slave_addr  ktz3.o
    0x0800acb0   0x0000003c   Code   RO         2636    i.ktz3_poll_modbus_dev  ktz3.o
    0x0800acec   0x00000100   Code   RO         2637    i.ktz3_read_dev     ktz3.o
    0x0800adec   0x000000bc   Code   RO         2638    i.ktz3_reg_val_2_string  ktz3.o
    0x0800aea8   0x0000001e   Code   RO         2639    i.ktz3_run          ktz3.o
    0x0800aec6   0x00000002   PAD
    0x0800aec8   0x00000024   Code   RO         2640    i.ktz3_salve_id_2_num  ktz3.o
    0x0800aeec   0x00000006   Code   RO         2642    i.ktz3_up_err       ktz3.o
    0x0800aef2   0x00000002   PAD
    0x0800aef4   0x000000e0   Code   RO         2643    i.ktz3_up_read_ack  ktz3.o
    0x0800afd4   0x00000084   Code   RO         2644    i.ktz3_up_write_ack  ktz3.o
    0x0800b058   0x00000214   Code   RO         2645    i.ktz3_wr_cmd_ack   ktz3.o
    0x0800b26c   0x00000144   Code   RO         2646    i.ktz3_write_dev    ktz3.o
    0x0800b3b0   0x00000014   Code   RO          729    i.led_destory       led.o
    0x0800b3c4   0x00000018   Code   RO          403    i.lock              gprs.o
    0x0800b3dc   0x00000006   Code   RO         2506    i.lowByte           modbus_master.o
    0x0800b3e2   0x00000002   PAD
    0x0800b3e4   0x000001fc   Code   RO          199    i.main              main.o
    0x0800b5e0   0x0000006c   Code   RO         6257    i.malloc            mc_w.l(malloc.o)
    0x0800b64c   0x0000022a   Code   RO         2393    i.modbusRTU_data    modbusrtu_cli.o
    0x0800b876   0x00000006   Code   RO         2394    i.modbusRTU_getID   modbusrtu_cli.o
    0x0800b87c   0x00000030   Code   RO         1031    i.nextState         dtu.o
    0x0800b8ac   0x00000008   Code   RO         2576    i.none_data_down    device_server.o
    0x0800b8b4   0x00000018   Code   RO         4769    i.osDelay           RTX_CM3.lib(rt_cmsis.o)
    0x0800b8cc   0x00000024   Code   RO         4770    i.osKernelInitialize  RTX_CM3.lib(rt_cmsis.o)
    0x0800b8f0   0x0000006c   Code   RO         4772    i.osKernelStart     RTX_CM3.lib(rt_cmsis.o)
    0x0800b95c   0x00000018   Code   RO         4781    i.osMessageGet      RTX_CM3.lib(rt_cmsis.o)
    0x0800b974   0x0000002c   Code   RO         4783    i.osMutexCreate     RTX_CM3.lib(rt_cmsis.o)
    0x0800b9a0   0x00000018   Code   RO         4785    i.osMutexRelease    RTX_CM3.lib(rt_cmsis.o)
    0x0800b9b8   0x00000018   Code   RO         4786    i.osMutexWait       RTX_CM3.lib(rt_cmsis.o)
    0x0800b9d0   0x0000002c   Code   RO         4791    i.osSemaphoreCreate  RTX_CM3.lib(rt_cmsis.o)
    0x0800b9fc   0x00000018   Code   RO         4793    i.osSemaphoreRelease  RTX_CM3.lib(rt_cmsis.o)
    0x0800ba14   0x00000018   Code   RO         4794    i.osSemaphoreWait   RTX_CM3.lib(rt_cmsis.o)
    0x0800ba2c   0x0000002c   Code   RO         4798    i.osThreadCreate    RTX_CM3.lib(rt_cmsis.o)
    0x0800ba58   0x00000018   Code   RO         4799    i.osThreadExit      RTX_CM3.lib(rt_cmsis.o)
    0x0800ba70   0x00000018   Code   RO         4804    i.osThreadYield     RTX_CM3.lib(rt_cmsis.o)
    0x0800ba88   0x0000000c   Code   RO         4805    i.osTimerCall       RTX_CM3.lib(rt_cmsis.o)
    0x0800ba94   0x0000002c   Code   RO         4810    i.osTimerThread     RTX_CM3.lib(rt_cmsis.o)
    0x0800bac0   0x00000022   Code   RO         2793    i.os_error          rtx_conf_cm.o
    0x0800bae2   0x00000008   Code   RO         2794    i.os_idle_demon     rtx_conf_cm.o
    0x0800baea   0x00000002   PAD
    0x0800baec   0x0000000c   Code   RO         2795    i.os_reboot         rtx_conf_cm.o
    0x0800baf8   0x00000028   Code   RO         5469    i.os_tick_init      RTX_CM3.lib(rt_system.o)
    0x0800bb20   0x00000002   Code   RO         5470    i.os_tick_irqack    RTX_CM3.lib(rt_system.o)
    0x0800bb22   0x00000002   PAD
    0x0800bb24   0x00000408   Code   RO          405    i.prepare_ip        gprs.o
    0x0800bf2c   0x00000024   Code   RO            6    i.prnt_485          cdma_dtu.o
    0x0800bf50   0x00000204   Code   RO          406    i.read_event        gprs.o
    0x0800c154   0x00000234   Code   RO          407    i.read_phnNmbr_TextSMS  gprs.o
    0x0800c388   0x00000178   Code   RO          408    i.read_seq_TextSMS  gprs.o
    0x0800c500   0x0000000c   Code   RO         1659    i.regRxIrq_cb       gprs_uart.o
    0x0800c50c   0x0000003c   Code   RO         2395    i.regType3_read     modbusrtu_cli.o
    0x0800c548   0x00000064   Code   RO         2396    i.regType3_write    modbusrtu_cli.o
    0x0800c5ac   0x0000003c   Code   RO         2397    i.regType4_read     modbusrtu_cli.o
    0x0800c5e8   0x00000020   Code   RO         2398    i.regType4_write    modbusrtu_cli.o
    0x0800c608   0x00000068   Code   RO         1893    i.regist_timejob    times.o
    0x0800c670   0x0000005c   Code   RO          409    i.report_event      gprs.o
    0x0800c6cc   0x0000001a   Code   RO         5836    i.rt_alloc_box      RTX_CM3.lib(rt_membox.o)
    0x0800c6e6   0x0000003e   Code   RO         5864    i.rt_alloc_mem      RTX_CM3.lib(rt_memory.o)
    0x0800c724   0x00000038   Code   RO         5384    i.rt_block          RTX_CM3.lib(rt_task.o)
    0x0800c75c   0x00000048   Code   RO         5936    i.rt_chk_robin      RTX_CM3.lib(rt_robin.o)
    0x0800c7a4   0x00000070   Code   RO         5605    i.rt_dec_dly        RTX_CM3.lib(rt_list.o)
    0x0800c814   0x00000044   Code   RO         5385    i.rt_dispatch       RTX_CM3.lib(rt_task.o)
    0x0800c858   0x00000006   Code   RO         5771    i.rt_dly_wait       RTX_CM3.lib(rt_time.o)
    0x0800c85e   0x00000002   PAD
    0x0800c860   0x00000050   Code   RO         5562    i.rt_evt_psh        RTX_CM3.lib(rt_event.o)
    0x0800c8b0   0x0000002c   Code   RO         5837    i.rt_free_box       RTX_CM3.lib(rt_membox.o)
    0x0800c8dc   0x00000028   Code   RO         5865    i.rt_free_mem       RTX_CM3.lib(rt_memory.o)
    0x0800c904   0x00000028   Code   RO         5606    i.rt_get_first      RTX_CM3.lib(rt_list.o)
    0x0800c92c   0x00000024   Code   RO         5607    i.rt_get_same_rdy_prio  RTX_CM3.lib(rt_list.o)
    0x0800c950   0x00000008   Code   RO         4815    i.rt_id2obj         RTX_CM3.lib(rt_cmsis.o)
    0x0800c958   0x00000048   Code   RO         5386    i.rt_init_context   RTX_CM3.lib(rt_task.o)
    0x0800c9a0   0x0000001a   Code   RO         5866    i.rt_init_mem       RTX_CM3.lib(rt_memory.o)
    0x0800c9ba   0x00000002   PAD
    0x0800c9bc   0x00000018   Code   RO         5937    i.rt_init_robin     RTX_CM3.lib(rt_robin.o)
    0x0800c9d4   0x00000080   Code   RO         5891    i.rt_init_stack     RTX_CM3.lib(hal_cm.o)
    0x0800ca54   0x00000008   Code   RO         5683    i.rt_mbx_check      RTX_CM3.lib(rt_mailbox.o)
    0x0800ca5c   0x0000001a   Code   RO         5684    i.rt_mbx_init       RTX_CM3.lib(rt_mailbox.o)
    0x0800ca76   0x00000002   PAD
    0x0800ca78   0x000000f0   Code   RO         5685    i.rt_mbx_psh        RTX_CM3.lib(rt_mailbox.o)
    0x0800cb68   0x000000b4   Code   RO         5687    i.rt_mbx_wait       RTX_CM3.lib(rt_mailbox.o)
    0x0800cc1c   0x00000044   Code   RO         4816    i.rt_ms2tick        RTX_CM3.lib(rt_cmsis.o)
    0x0800cc60   0x00000010   Code   RO         5805    i.rt_mut_init       RTX_CM3.lib(rt_mutex.o)
    0x0800cc70   0x000000d8   Code   RO         5806    i.rt_mut_release    RTX_CM3.lib(rt_mutex.o)
    0x0800cd48   0x00000078   Code   RO         5807    i.rt_mut_wait       RTX_CM3.lib(rt_mutex.o)
    0x0800cdc0   0x0000007c   Code   RO         5473    i.rt_pop_req        RTX_CM3.lib(rt_system.o)
    0x0800ce3c   0x00000020   Code   RO         5474    i.rt_psh_req        RTX_CM3.lib(rt_system.o)
    0x0800ce5c   0x0000005c   Code   RO         5608    i.rt_psq_enq        RTX_CM3.lib(rt_list.o)
    0x0800ceb8   0x00000048   Code   RO         5609    i.rt_put_dly        RTX_CM3.lib(rt_list.o)
    0x0800cf00   0x00000036   Code   RO         5610    i.rt_put_prio       RTX_CM3.lib(rt_list.o)
    0x0800cf36   0x00000002   PAD
    0x0800cf38   0x00000014   Code   RO         5611    i.rt_put_rdy_first  RTX_CM3.lib(rt_list.o)
    0x0800cf4c   0x00000034   Code   RO         5612    i.rt_resort_prio    RTX_CM3.lib(rt_list.o)
    0x0800cf80   0x00000006   Code   RO         5892    i.rt_ret_val        RTX_CM3.lib(hal_cm.o)
    0x0800cf86   0x00000008   Code   RO         5893    i.rt_ret_val2       RTX_CM3.lib(hal_cm.o)
    0x0800cf8e   0x00000028   Code   RO         5613    i.rt_rmv_dly        RTX_CM3.lib(rt_list.o)
    0x0800cfb6   0x00000002   PAD
    0x0800cfb8   0x00000030   Code   RO         5614    i.rt_rmv_list       RTX_CM3.lib(rt_list.o)
    0x0800cfe8   0x0000000c   Code   RO         5731    i.rt_sem_init       RTX_CM3.lib(rt_semaphore.o)
    0x0800cff4   0x00000034   Code   RO         5732    i.rt_sem_psh        RTX_CM3.lib(rt_semaphore.o)
    0x0800d028   0x0000002a   Code   RO         5733    i.rt_sem_send       RTX_CM3.lib(rt_semaphore.o)
    0x0800d052   0x00000002   PAD
    0x0800d054   0x00000040   Code   RO         5734    i.rt_sem_wait       RTX_CM3.lib(rt_semaphore.o)
    0x0800d094   0x00000024   Code   RO         5476    i.rt_stk_check      RTX_CM3.lib(rt_system.o)
    0x0800d0b8   0x00000028   Code   RO         5387    i.rt_switch_req     RTX_CM3.lib(rt_task.o)
    0x0800d0e0   0x000000cc   Code   RO         5388    i.rt_sys_init       RTX_CM3.lib(rt_task.o)
    0x0800d1ac   0x00000078   Code   RO         5389    i.rt_sys_start      RTX_CM3.lib(rt_task.o)
    0x0800d224   0x00000040   Code   RO         5478    i.rt_systick        RTX_CM3.lib(rt_system.o)
    0x0800d264   0x00000012   Code   RO         4817    i.rt_tid2ptcb       RTX_CM3.lib(rt_cmsis.o)
    0x0800d276   0x00000002   PAD
    0x0800d278   0x00000034   Code   RO         4818    i.rt_timer_insert   RTX_CM3.lib(rt_cmsis.o)
    0x0800d2ac   0x00000088   Code   RO         5390    i.rt_tsk_create     RTX_CM3.lib(rt_task.o)
    0x0800d334   0x0000017c   Code   RO         5391    i.rt_tsk_delete     RTX_CM3.lib(rt_task.o)
    0x0800d4b0   0x00000030   Code   RO         5392    i.rt_tsk_pass       RTX_CM3.lib(rt_task.o)
    0x0800d4e0   0x0000007c   Code   RO         5393    i.rt_tsk_prio       RTX_CM3.lib(rt_task.o)
    0x0800d55c   0x00000010   Code   RO         5394    i.rt_tsk_self       RTX_CM3.lib(rt_task.o)
    0x0800d56c   0x00000014   Code   RO         1735    i.s485GiveBack_Rxbuf  serial485_uart.o
    0x0800d580   0x00000078   Code   RO         1736    i.s485Obtain_Playloadbuf  serial485_uart.o
    0x0800d5f8   0x0000006c   Code   RO         1737    i.s485_Uart_ioctl   serial485_uart.o
    0x0800d664   0x000000a8   Code   RO         1738    i.s485_Uart_read    serial485_uart.o
    0x0800d70c   0x00000094   Code   RO         1739    i.s485_Uart_write   serial485_uart.o
    0x0800d7a0   0x000000e0   Code   RO         1740    i.s485_uart_init    serial485_uart.o
    0x0800d880   0x000001dc   Code   RO          410    i.send_text_sms     gprs.o
    0x0800da5c   0x00000178   Code   RO          411    i.sendto_tcp        gprs.o
    0x0800dbd4   0x0000009c   Code   RO          412    i.sendto_tcp_buf    gprs.o
    0x0800dc70   0x0000002e   Code   RO          413    i.serial_cmmn       gprs.o
    0x0800dc9e   0x00000002   PAD
    0x0800dca0   0x00000108   Code   RO         1987    i.series_se         adc.o
    0x0800dda8   0x00000018   Code   RO         1032    i.setCurState       dtu.o
    0x0800ddc0   0x00000040   Code   RO         1894    i.set_alarmclock_ms  times.o
    0x0800de00   0x00000048   Code   RO         1895    i.set_alarmclock_s  times.o
    0x0800de48   0x00000024   Code   RO          323    i.set_bit           system.o
    0x0800de6c   0x00000124   Code   RO          884    i.set_default       dtuconfig.o
    0x0800df90   0x0000008c   Code   RO          414    i.set_dns_ip        gprs.o
    0x0800e01c   0x00000094   Code   RO          415    i.set_sms2TextMode  gprs.o
    0x0800e0b0   0x000000dc   Code   RO          416    i.set_smscAddr      gprs.o
    0x0800e18c   0x00000064   Code   RO          417    i.shutdown          gprs.o
    0x0800e1f0   0x00000054   Code   RO         1033    i.sms_state_init    dtu.o
    0x0800e244   0x00000034   Code   RO         1822    i.spi_init          spi.o
    0x0800e278   0x00000068   Code   RO         1823    i.spi_ioctl         spi.o
    0x0800e2e0   0x00000030   Code   RO         1824    i.spi_read          spi.o
    0x0800e310   0x00000070   Code   RO         1825    i.spi_sendByteForRead  spi.o
    0x0800e380   0x0000004e   Code   RO         1826    i.spi_write         spi.o
    0x0800e3ce   0x00000072   Code   RO         1827    i.spi_write_word    spi.o
    0x0800e440   0x00000050   Code   RO          418    i.startup           gprs.o
    0x0800e490   0x00000034   Code   RO          730    i.stm32LED_ctor     led.o
    0x0800e4c4   0x0000001a   Code   RO          731    i.stm32LED_new      led.o
    0x0800e4de   0x00000012   Code   RO         4820    i.svcDelay          RTX_CM3.lib(rt_cmsis.o)
    0x0800e4f0   0x00000070   Code   RO         4821    i.svcKernelInitialize  RTX_CM3.lib(rt_cmsis.o)
    0x0800e560   0x00000048   Code   RO         4823    i.svcKernelStart    RTX_CM3.lib(rt_cmsis.o)
    0x0800e5a8   0x00000024   Code   RO         4826    i.svcMessageCreate  RTX_CM3.lib(rt_cmsis.o)
    0x0800e5cc   0x0000003a   Code   RO         4827    i.svcMessageGet     RTX_CM3.lib(rt_cmsis.o)
    0x0800e606   0x0000001c   Code   RO         4829    i.svcMutexCreate    RTX_CM3.lib(rt_cmsis.o)
    0x0800e622   0x00000022   Code   RO         4831    i.svcMutexRelease   RTX_CM3.lib(rt_cmsis.o)
    0x0800e644   0x0000003a   Code   RO         4832    i.svcMutexWait      RTX_CM3.lib(rt_cmsis.o)
    0x0800e67e   0x00000024   Code   RO         4834    i.svcSemaphoreCreate  RTX_CM3.lib(rt_cmsis.o)
    0x0800e6a2   0x00000028   Code   RO         4836    i.svcSemaphoreRelease  RTX_CM3.lib(rt_cmsis.o)
    0x0800e6ca   0x00000032   Code   RO         4837    i.svcSemaphoreWait  RTX_CM3.lib(rt_cmsis.o)
    0x0800e6fc   0x0000006c   Code   RO         4841    i.svcThreadCreate   RTX_CM3.lib(rt_cmsis.o)
    0x0800e768   0x0000001c   Code   RO         4842    i.svcThreadGetId    RTX_CM3.lib(rt_cmsis.o)
    0x0800e784   0x00000038   Code   RO         4845    i.svcThreadTerminate  RTX_CM3.lib(rt_cmsis.o)
    0x0800e7bc   0x0000000a   Code   RO         4846    i.svcThreadYield    RTX_CM3.lib(rt_cmsis.o)
    0x0800e7c6   0x00000018   Code   RO         4847    i.svcTimerCall      RTX_CM3.lib(rt_cmsis.o)
    0x0800e7de   0x00000002   PAD
    0x0800e7e0   0x00000248   Code   RO         1988    i.sw_select         adc.o
    0x0800ea28   0x00000060   Code   RO         1034    i.switchToSmsMode   dtu.o
    0x0800ea88   0x00000050   Code   RO         2354    i.switch_receivebuf  ping_pongbuf.o
    0x0800ead8   0x0000005c   Code   RO         4856    i.sysTimerTick      RTX_CM3.lib(rt_cmsis.o)
    0x0800eb34   0x00000180   Code   RO         1989    i.system_para_init  adc.o
    0x0800ecb4   0x000000d4   Code   RO          419    i.tcpClose          gprs.o
    0x0800ed88   0x0000031c   Code   RO          420    i.tcpip_cnnt        gprs.o
    0x0800f0a4   0x00000024   Code   RO          732    i.test              led.o
    0x0800f0c8   0x00000024   Code   RO            7    i.thrd_dtu          cdma_dtu.o
    0x0800f0ec   0x00000014   Code   RO         2796    i.threadActive      rtx_conf_cm.o
    0x0800f100   0x00000018   Code   RO          421    i.unlock            gprs.o
    0x0800f118   0x00000054   Code   RO         2125    i.w25q_Erase_Sector  hw_w25q.o
    0x0800f16c   0x0000004c   Code   RO         2126    i.w25q_ReadSR       hw_w25q.o
    0x0800f1b8   0x00000038   Code   RO         2127    i.w25q_init         hw_w25q.o
    0x0800f1f0   0x00000028   Code   RO         1560    i.w25q_init_cs      chipset.o
    0x0800f218   0x00000098   Code   RO         1561    i.w25q_init_spi     chipset.o
    0x0800f2b0   0x00000070   Code   RO         2128    i.w25q_rd_page      hw_w25q.o
    0x0800f320   0x000000cc   Code   RO         2129    i.w25q_read_id      hw_w25q.o
    0x0800f3ec   0x00000034   Code   RO         2130    i.w25q_wr_enable    hw_w25q.o
    0x0800f420   0x000000d8   Code   RO         2131    i.w25q_wr_page      hw_w25q.o
    0x0800f4f8   0x00000098   Code   RO         2132    i.w25q_write_waitbusy  hw_w25q.o
    0x0800f590   0x00000010   Data   RO            9    .constdata          cdma_dtu.o
    0x0800f5a0   0x00000010   Data   RO          286    .constdata          thread_rtu.o
    0x0800f5b0   0x0000000c   Data   RO          325    .constdata          system.o
    0x0800f5bc   0x00000004   Data   RO          423    .constdata          gprs.o
    0x0800f5c0   0x00000008   Data   RO         1661    .constdata          gprs_uart.o
    0x0800f5c8   0x00000008   Data   RO         1742    .constdata          serial485_uart.o
    0x0800f5d0   0x00000200   Data   RO         2400    .constdata          modbusrtu_cli.o
    0x0800f7d0   0x00000018   Data   RO         2647    .constdata          ktz3.o
    0x0800f7e8   0x00000068   Data   RO         2798    .constdata          rtx_conf_cm.o
    0x0800f850   0x00000081   Data   RO         6340    .constdata          mc_w.l(ctype_o.o)
    0x0800f8d1   0x00000003   PAD
    0x0800f8d4   0x00000004   Data   RO         6341    .constdata          mc_w.l(ctype_o.o)
    0x0800f8d8   0x000000bf   Data   RO         2648    .conststring        ktz3.o
    0x0800f997   0x00000001   PAD
    0x0800f998   0x00000020   Data   RO         6391    Region$$Table       anon$$obj.o


    Execution Region RW_IRAM1 (Base: 0x20000000, Size: 0x000048b0, Max: 0x00005000, ABSOLUTE, COMPRESSED[0x00000088])

    Base Addr    Size         Type   Attr      Idx    E Section Name        Object

    0x20000000   0x0000000c   Data   RW           10    .data               cdma_dtu.o
    0x2000000c   0x00000005   Data   RW          200    .data               main.o
    0x20000011   0x00000003   PAD
    0x20000014   0x00000008   Data   RW          287    .data               thread_rtu.o
    0x2000001c   0x00000019   Data   RW          424    .data               gprs.o
    0x20000035   0x00000003   PAD
    0x20000038   0x00000008   Data   RW          733    .data               led.o
    0x20000040   0x0000000c   Data   RW          886    .data               dtuconfig.o
    0x2000004c   0x00000020   Data   RW         1036    .data               dtu.o
    0x2000006c   0x000000dc   Data   RW         1526    .data               hardwareconfig.o
    0x20000148   0x00000018   Data   RW         1662    .data               gprs_uart.o
    0x20000160   0x0000001d   Data   RW         1743    .data               serial485_uart.o
    0x2000017d   0x00000003   PAD
    0x20000180   0x00000014   Data   RW         1898    .data               times.o
    0x20000194   0x00000058   Data   RW         1991    .data               adc.o
    0x200001ec   0x00000001   Data   RW         2134    .data               hw_w25q.o
    0x200001ed   0x00000003   PAD
    0x200001f0   0x0000000c   Data   RW         2401    .data               modbusrtu_cli.o
    0x200001fc   0x00000028   Data   RW         2507    .data               modbus_master.o
    0x20000224   0x0000000c   Data   RW         2577    .data               device_server.o
    0x20000230   0x00000008   Data   RW         2649    .data               ktz3.o
    0x20000238   0x00000014   Data   RW         2799    .data               rtx_conf_cm.o
    0x2000024c   0x00000014   Data   RW         3677    .data               stm32f10x_rcc.o
    0x20000260   0x00000008   Data   RW         4859    .data               RTX_CM3.lib(rt_cmsis.o)
    0x20000268   0x00000008   Data   RW         5396    .data               RTX_CM3.lib(rt_task.o)
    0x20000270   0x00000008   Data   RW         5481    .data               RTX_CM3.lib(rt_system.o)
    0x20000278   0x00000004   Data   RW         5775    .data               RTX_CM3.lib(rt_time.o)
    0x2000027c   0x00000001   Data   RW         5894    .data               RTX_CM3.lib(hal_cm.o)
    0x2000027d   0x00000003   PAD
    0x20000280   0x00000008   Data   RW         5938    .data               RTX_CM3.lib(rt_robin.o)
    0x20000288   0x00000004   Data   RW         6330    .data               mc_w.l(stdout.o)
    0x2000028c   0x00000004   Data   RW         6367    .data               mc_w.l(mvars.o)
    0x20000290   0x00000004   Data   RW         6368    .data               mc_w.l(mvars.o)
    0x20000294   0x00000004   Data   RW         6372    .data               mc_w.l(errno.o)
    0x20000298   0x00000100   Zero   RW            8    .bss                cdma_dtu.o
    0x20000398   0x00000020   Zero   RW          324    .bss                system.o
    0x200003b8   0x0000065c   Zero   RW          422    .bss                gprs.o
    0x20000a14   0x0000026c   Zero   RW          885    .bss                dtuconfig.o
    0x20000c80   0x00000058   Zero   RW         1035    .bss                dtu.o
    0x20000cd8   0x00000338   Zero   RW         1660    .bss                gprs_uart.o
    0x20001010   0x00000526   Zero   RW         1741    .bss                serial485_uart.o
    0x20001536   0x00000002   PAD
    0x20001538   0x00000040   Zero   RW         1897    .bss                times.o
    0x20001578   0x000002e0   Zero   RW         1990    .bss                adc.o
    0x20001858   0x00000020   Zero   RW         2133    .bss                hw_w25q.o
    0x20001878   0x0000000c   Zero   RW         2300    .bss                ttextconfprot.o
    0x20001884   0x00000046   Zero   RW         2399    .bss                modbusrtu_cli.o
    0x200018ca   0x00000006   PAD
    0x200018d0   0x00000e78   Zero   RW         2797    .bss                rtx_conf_cm.o
    0x20002748   0x00000034   Zero   RW         5395    .bss                RTX_CM3.lib(rt_task.o)
    0x2000277c   0x00000030   Zero   RW         5615    .bss                RTX_CM3.lib(rt_list.o)
    0x200027ac   0x00000004   PAD
    0x200027b0   0x00002000   Zero   RW         2858    HEAP                startup_stm32f10x_md.o
    0x200047b0   0x00000100   Zero   RW         2857    STACK               startup_stm32f10x_md.o


==============================================================================

Image component sizes


      Code (inc. data)   RO Data    RW Data    ZI Data      Debug   Object Name

     15646       1024          0         88        736      20009   adc.o
       566          0          0          0          0       4351   bufmanager.o
       286         68         16         12        256     297176   cdma_dtu.o
      1204        100          0          0          0     207696   chipset.o
       168         24          0         12          0       4926   device_server.o
      5050        984          0         32         88      52335   dtu.o
      3886        402          0         12        620       8385   dtuconfig.o
        38          0          0          0          0       1395   dvs_test.o
      8746       1654          4         25       1628      37896   gprs.o
      1176        142          8         24        824       7768   gprs_uart.o
         0          0          0        220          0       2403   hardwareconfig.o
      1072         90          0          1         32       8257   hw_w25q.o
      3222        424        215          8          0      15345   ktz3.o
       248         26          0          8          0       7843   led.o
       734        108          0          5          0       3698   main.o
       152         30          0          0          0       2261   misc.o
       928        122          0         40          0       9118   modbus_master.o
       912         34        512         12         70       7784   modbusrtu_cli.o
       252          0          0          0          0       3649   ping_pongbuf.o
      1134         62          0          0          0       8892   rtu.o
       118         22        104         20       3704       8679   rtx_conf_cm.o
      1436        174          8         29       1318       8323   serial485_uart.o
       540         12          0          0          0       4436   spi.o
        36          8        236          0       8448        784   startup_stm32f10x_md.o
       408         10          0          0          0       8294   stm32f10x_adc.o
       514         26          0          0          0       5984   stm32f10x_dma.o
       286          0          0          0          0       3204   stm32f10x_gpio.o
        68         30          0          0          0       2642   stm32f10x_iwdg.o
       396         56          0         20          0       6991   stm32f10x_rcc.o
       168          0          0          0          0       5354   stm32f10x_spi.o
       740        106          0          0          0       5183   stm32f10x_tim.o
       634         28          0          0          0       8281   stm32f10x_usart.o
       300         24         12          0         32       4384   system.o
       328         28          0          0          0       1861   system_stm32f10x.o
       152         24         16          8          0       1639   thread_rtu.o
       456         72          0         20         64       4434   times.o
       412         70          0          0         12       4785   ttextconfprot.o

    ----------------------------------------------------------------------
     52490       5984       1164        608      17840     796445   Object Totals
         0          0         32          0          0          0   (incl. Generated)
        78          0          1         12          8          0   (incl. Padding)

    ----------------------------------------------------------------------

      Code (inc. data)   RO Data    RW Data    ZI Data      Debug   Library Member Name

       238         24          0          1          0       3312   hal_cm.o
       304         36          0          0          0        768   hal_cm3.o
      1656        188          0          8          0      42346   rt_cmsis.o
        80          4          0          0          0        661   rt_event.o
       566         44          0          0         48       8792   rt_list.o
       554         10          0          0          0       3949   rt_mailbox.o
       140          0          0          0          0       1925   rt_membox.o
       128          0          0          0          0       2307   rt_memory.o
       352         14          0          0          0       2105   rt_mutex.o
        96         22          0          8          0       1158   rt_robin.o
       186         10          0          0          0       2902   rt_semaphore.o
       298         52          0          8          0       6223   rt_system.o
      1264        184          0          8         52      10147   rt_task.o
         6          0          0          4          0        652   rt_time.o
         4          4          0          0          0        208   svc_table.o
        86          0          0          0          0          0   __dczerorl2.o
        28          0          0          0          0         68   _chval.o
       158          0          0          0          0         92   _strtoul.o
        26          0          0          0          0         80   atoi.o
         8          4        133          0          0         68   ctype_o.o
         0          0          0          0          0          0   entry.o
         0          0          0          0          0          0   entry10a.o
         0          0          0          0          0          0   entry11a.o
         8          4          0          0          0          0   entry2.o
         4          0          0          0          0          0   entry5.o
         0          0          0          0          0          0   entry7b.o
         0          0          0          0          0          0   entry8b.o
         8          4          0          4          0         68   errno.o
        30          0          0          0          0          0   handlers.o
        36          8          0          0          0         68   init.o
         0          0          0          0          0          0   iusefp.o
        30          0          0          0          0         68   llshl.o
        36          0          0          0          0         68   llsshr.o
        32          0          0          0          0         68   llushr.o
       188         20          0          0          0        160   malloc.o
        36          0          0          0          0         68   memcpya.o
        36          0          0          0          0        108   memseta.o
         0          0          0          8          0          0   mvars.o
      1204         60          0          0          0        504   printf8.o
         0          0          0          4          0          0   stdout.o
        24          0          0          0          0         68   strcat.o
        28          0          0          0          0         76   strcmp.o
        18          0          0          0          0         68   strcpy.o
        34          0          0          0          0         80   strcspn.o
        14          0          0          0          0         68   strlen.o
        30          0          0          0          0         80   strncmp.o
        36          0          0          0          0         80   strstr.o
       112          0          0          0          0         88   strtol.o
       114          0          0          0          0         92   strtoul.o
        98          0          0          0          0         92   uldiv.o
        48          0          0          0          0         68   cdcmple.o
        48          0          0          0          0         68   cdrcmple.o
        20          0          0          0          0         68   cfcmple.o
        20          0          0          0          0         68   cfrcmple.o
        56          0          0          0          0         88   d2f.o
       334          0          0          0          0        148   dadd.o
       222          0          0          0          0        100   ddiv.o
       186          0          0          0          0        176   depilogue.o
       228          0          0          0          0         96   dmul.o
        38          0          0          0          0         68   f2d.o
       176          0          0          0          0        140   fadd.o
       124          0          0          0          0         88   fdiv.o
       110          0          0          0          0        168   fepilogue.o
        40          0          0          0          0         68   ffixui.o
        18          0          0          0          0         68   fflti.o
        10          0          0          0          0         68   ffltui.o
       100          0          0          0          0         76   fmul.o

    ----------------------------------------------------------------------
     10138        692        136         56        104      91359   Library Totals
        26          0          3          3          4          0   (incl. Padding)

    ----------------------------------------------------------------------

      Code (inc. data)   RO Data    RW Data    ZI Data      Debug   Library Name

      5872        592          0         37        100      87455   RTX_CM3.lib
      2462        100        133         16          0       2280   mc_w.l
      1778          0          0          0          0       1624   mf_w.l

    ----------------------------------------------------------------------
     10138        692        136         56        104      91359   Library Totals

    ----------------------------------------------------------------------

==============================================================================


      Code (inc. data)   RO Data    RW Data    ZI Data      Debug   

     62628       6676       1300        664      17944     860944   Grand Totals
     62628       6676       1300        136      17944     860944   ELF Image Totals (compressed)
     62628       6676       1300        136          0          0   ROM Totals

==============================================================================

    Total RO  Size (Code + RO Data)                63928 (  62.43kB)
    Total RW  Size (RW Data + ZI Data)             18608 (  18.17kB)
    Total ROM Size (Code + RO Data + RW Data)      64064 (  62.56kB)

==============================================================================

