Component: ARM Compiler 5.05 update 1 (build 106) Tool: armlink [4d0efa]

==============================================================================

Section Cross References

    cdma_dtu.o(i.Config_ack) refers to dtuconfig.o(.bss) for Dtu_config
    cdma_dtu.o(i.Config_ack) refers to cdma_dtu.o(.data) for SIM800
    cdma_dtu.o(i.Init_ThrdDtu) refers to dtu.o(i.SCFGetInstance) for SCFGetInstance
    cdma_dtu.o(i.Init_ThrdDtu) refers to dtuconfig.o(.bss) for Dtu_config
    cdma_dtu.o(i.Init_ThrdDtu) refers to cdma_dtu.o(.data) for MyContext
    cdma_dtu.o(i.Init_ThrdDtu) refers to cdma_dtu.o(.bss) for DTU_Buf
    cdma_dtu.o(i.prnt_485) refers to strlen.o(.text) for strlen
    cdma_dtu.o(i.prnt_485) refers to serial485_uart.o(i.s485_Uart_write) for s485_Uart_write
    cdma_dtu.o(i.prnt_485) refers to printf8.o(i.__0printf$8) for __2printf
    cdma_dtu.o(i.prnt_485) refers to dtuconfig.o(.bss) for Dtu_config
    cdma_dtu.o(i.thrd_dtu) refers to printf8.o(i.__0sprintf$8) for __2sprintf
    cdma_dtu.o(i.thrd_dtu) refers to rt_cmsis.o(i.osThreadYield) for osThreadYield
    cdma_dtu.o(i.thrd_dtu) refers to cdma_dtu.o(.bss) for DTU_Buf
    cdma_dtu.o(i.thrd_dtu) refers to cdma_dtu.o(.data) for MyContext
    cdma_dtu.o(.constdata) refers to cdma_dtu.o(i.thrd_dtu) for thrd_dtu
    main.o(i.Led_job) refers to led.o(.data) for LED_run
    main.o(i.Select_apptype) refers to memseta.o(.text) for __aeabi_memclr4
    main.o(i.Select_apptype) refers to serial485_uart.o(i.s485_Uart_read) for s485_Uart_read
    main.o(i.Select_apptype) refers to rt_cmsis.o(i.osDelay) for osDelay
    main.o(i.Select_apptype) refers to ttextconfprot.o(i.enter_TTCP) for enter_TTCP
    main.o(i.Select_apptype) refers to ttextconfprot.o(i.get_TTCPVer) for get_TTCPVer
    main.o(i.Select_apptype) refers to strlen.o(.text) for strlen
    main.o(i.Select_apptype) refers to serial485_uart.o(i.s485_Uart_write) for s485_Uart_write
    main.o(i.fgetc) refers to stm32f10x_usart.o(i.USART_GetFlagStatus) for USART_GetFlagStatus
    main.o(i.fgetc) refers to stm32f10x_usart.o(i.USART_ReceiveData) for USART_ReceiveData
    main.o(i.fputc) refers to stm32f10x_usart.o(i.USART_SendData) for USART_SendData
    main.o(i.fputc) refers to stm32f10x_usart.o(i.USART_GetFlagStatus) for USART_GetFlagStatus
    main.o(i.main) refers to rt_cmsis.o(i.osKernelInitialize) for osKernelInitialize
    main.o(i.main) refers to chipset.o(i.RCC_Configuration) for RCC_Configuration
    main.o(i.main) refers to chipset.o(i.NVIC_Configuration) for NVIC_Configuration
    main.o(i.main) refers to chipset.o(i.GPIO_Configuration) for GPIO_Configuration
    main.o(i.main) refers to chipset.o(i.Init_TIM2) for Init_TIM2
    main.o(i.main) refers to chipset.o(i.USART_Configuration) for USART_Configuration
    main.o(i.main) refers to printf8.o(i.__0printf$8) for __2printf
    main.o(i.main) refers to led.o(i.stm32LED_new) for stm32LED_new
    main.o(i.main) refers to times.o(i.regist_timejob) for regist_timejob
    main.o(i.main) refers to sw_filesys.o(i.filesys_init) for filesys_init
    main.o(i.main) refers to sw_filesys.o(i.filesys_mount) for filesys_mount
    main.o(i.main) refers to dtuconfig.o(i.Init_system_config) for Init_system_config
    main.o(i.main) refers to times.o(i.clean_time2_flags) for clean_time2_flags
    main.o(i.main) refers to serial485_uart.o(i.s485_uart_init) for s485_uart_init
    main.o(i.main) refers to main.o(i.Select_apptype) for Select_apptype
    main.o(i.main) refers to dtuconfig.o(i.Config_job) for Config_job
    main.o(i.main) refers to cdma_dtu.o(i.Init_ThrdDtu) for Init_ThrdDtu
    main.o(i.main) refers to rt_cmsis.o(i.osKernelStart) for osKernelStart
    main.o(i.main) refers to adc.o(i.create_adc) for create_adc
    main.o(i.main) refers to rtu.o(i.Init_rtu) for Init_rtu
    main.o(i.main) refers to rt_cmsis.o(i.osDelay) for osDelay
    main.o(i.main) refers to adc.o(i.Collect_job) for Collect_job
    main.o(i.main) refers to led.o(.data) for LED_run
    main.o(i.main) refers to hardwareconfig.o(.data) for PinLED_run
    main.o(i.main) refers to main.o(i.Led_job) for Led_job
    main.o(i.main) refers to adc.o(i.ADC_50ms) for ADC_50ms
    thread_rtu.o(i.Init_Thread_adc) refers to rt_cmsis.o(i.osThreadCreate) for osThreadCreate
    thread_rtu.o(i.Init_Thread_adc) refers to thread_rtu.o(.constdata) for os_thread_def_Thread_adc
    thread_rtu.o(i.Init_Thread_adc) refers to thread_rtu.o(.data) for tid_Thread_RTU
    thread_rtu.o(i.Thread_adc) refers to rt_cmsis.o(i.osThreadYield) for osThreadYield
    thread_rtu.o(.constdata) refers to thread_rtu.o(i.Thread_adc) for Thread_adc
    gprs.o(i.add_recvdata) refers to gprs.o(.bss) for TcpRecvData
    gprs.o(i.check_simCard) refers to strcpy.o(.text) for strcpy
    gprs.o(i.check_simCard) refers to gprs.o(i.serial_cmmn) for serial_cmmn
    gprs.o(i.check_simCard) refers to strstr.o(.text) for strstr
    gprs.o(i.check_simCard) refers to printf8.o(i.__0printf$8) for __2printf
[...]
    GPIO_Configuration                       0x080038b5   Thumb Code   170  chipset.o(i.GPIO_Configuration)
    GPIO_Init                                0x08003989   Thumb Code   278  stm32f10x_gpio.o(i.GPIO_Init)
    GPIO_ResetBits                           0x08003a9f   Thumb Code     4  stm32f10x_gpio.o(i.GPIO_ResetBits)
    GPIO_SetBits                             0x08003aa3   Thumb Code     4  stm32f10x_gpio.o(i.GPIO_SetBits)
    GprsSelfTestRun                          0x08003aa9   Thumb Code    52  dtu.o(i.GprsSelfTestRun)
    IWDG_ReloadCounter                       0x08003af9   Thumb Code    10  stm32f10x_iwdg.o(i.IWDG_ReloadCounter)
    Init_TIM2                                0x08003b09   Thumb Code    72  chipset.o(i.Init_TIM2)
    Init_ThrdDtu                             0x08003b51   Thumb Code    58  cdma_dtu.o(i.Init_ThrdDtu)
    Init_rtu                                 0x08003b9d   Thumb Code   296  rtu.o(i.Init_rtu)
    Init_system_config                       0x08003ce1   Thumb Code    12  dtuconfig.o(i.Init_system_config)
    LRTUBuildGprsConnectState                0x08003cf1   Thumb Code     6  dtu.o(i.LRTUBuildGprsConnectState)
    LRTUBuildGprsDealSMSState                0x08003cf7   Thumb Code     6  dtu.o(i.LRTUBuildGprsDealSMSState)
    LRTUBuildGprsEventHandleState            0x08003cfd   Thumb Code     6  dtu.o(i.LRTUBuildGprsEventHandleState)
    LRTUBuildGprsSelfTestState               0x08003d03   Thumb Code     6  dtu.o(i.LRTUBuildGprsSelfTestState)
    LRTUBuilderGprsCnntManagerState          0x08003d09   Thumb Code     6  dtu.o(i.LRTUBuilderGprsCnntManagerState)
    LRTUBuilderGprsHeatBeatState             0x08003d0f   Thumb Code     6  dtu.o(i.LRTUBuilderGprsHeatBeatState)
    LRTUBuilderSer485ProcessState            0x08003d15   Thumb Code    54  dtu.o(i.LRTUBuilderSer485ProcessState)
    LRTUInitState                            0x08003d4b   Thumb Code    32  dtu.o(i.LRTUInitState)
    LocalRTUModeBuilder_ctor                 0x08003da5   Thumb Code    30  dtu.o(i.LocalRTUModeBuilder_ctor)
    LocalRTUModeBuilder_new                  0x08003de1   Thumb Code    26  dtu.o(i.LocalRTUModeBuilder_new)
    LocalRTUModeContext_ctor                 0x08003dfd   Thumb Code    16  dtu.o(i.LocalRTUModeContext_ctor)
    LocalRTUModeContext_new                  0x08003e11   Thumb Code    26  dtu.o(i.LocalRTUModeContext_new)
    ModbusBusinessProcess                    0x08003e2b   Thumb Code     8  dtu.o(i.ModbusBusinessProcess)
    ModbusBusiness_ctor                      0x08003e35   Thumb Code     6  dtu.o(i.ModbusBusiness_ctor)
    ModbusBusiness_new                       0x08003e41   Thumb Code    26  dtu.o(i.ModbusBusiness_new)
    NVIC_Configuration                       0x08003f7d   Thumb Code   252  chipset.o(i.NVIC_Configuration)
    NVIC_Init                                0x08004089   Thumb Code   100  misc.o(i.NVIC_Init)
    NVIC_PriorityGroupConfig                 0x080040f9   Thumb Code    10  misc.o(i.NVIC_PriorityGroupConfig)
    NVIC_SetVectorTable                      0x0800410d   Thumb Code    12  misc.o(i.NVIC_SetVectorTable)
    PThrInitState                            0x08004121   Thumb Code    32  dtu.o(i.PThrInitState)
    PassThroughModeBuildGprsConnectState     0x08004141   Thumb Code     6  dtu.o(i.PassThroughModeBuildGprsConnectState)
    PassThroughModeBuildGprsDealSMSState     0x08004147   Thumb Code     6  dtu.o(i.PassThroughModeBuildGprsDealSMSState)
    PassThroughModeBuildGprsEventHandleState 0x0800414d   Thumb Code     6  dtu.o(i.PassThroughModeBuildGprsEventHandleState)
    PassThroughModeBuildGprsSelfTestState    0x08004153   Thumb Code     6  dtu.o(i.PassThroughModeBuildGprsSelfTestState)
    PassThroughModeBuilderGprsCnntManagerState 0x08004159   Thumb Code     6  dtu.o(i.PassThroughModeBuilderGprsCnntManagerState)
    PassThroughModeBuilderGprsHeatBeatState  0x0800415f   Thumb Code     6  dtu.o(i.PassThroughModeBuilderGprsHeatBeatState)
    PassThroughModeBuilderSer485ProcessState 0x08004165   Thumb Code     6  dtu.o(i.PassThroughModeBuilderSer485ProcessState)
    PassThroughModeBuilder_ctor              0x0800416d   Thumb Code    30  dtu.o(i.PassThroughModeBuilder_ctor)
    PassThroughModeBuilder_new               0x080041a9   Thumb Code    26  dtu.o(i.PassThroughModeBuilder_new)
    PassThroughModeContext_ctor              0x080041c5   Thumb Code    16  dtu.o(i.PassThroughModeContext_ctor)
    PassThroughModeContext_new               0x080041d9   Thumb Code    26  dtu.o(i.PassThroughModeContext_new)
    RCC_ADCCLKConfig                         0x080041f5   Thumb Code    18  stm32f10x_rcc.o(i.RCC_ADCCLKConfig)
    RCC_AHBPeriphClockCmd                    0x0800420d   Thumb Code    26  stm32f10x_rcc.o(i.RCC_AHBPeriphClockCmd)
    RCC_APB1PeriphClockCmd                   0x0800422d   Thumb Code    26  stm32f10x_rcc.o(i.RCC_APB1PeriphClockCmd)
    RCC_APB1PeriphResetCmd                   0x0800424d   Thumb Code    26  stm32f10x_rcc.o(i.RCC_APB1PeriphResetCmd)
    RCC_APB2PeriphClockCmd                   0x0800426d   Thumb Code    26  stm32f10x_rcc.o(i.RCC_APB2PeriphClockCmd)
    RCC_APB2PeriphResetCmd                   0x0800428d   Thumb Code    26  stm32f10x_rcc.o(i.RCC_APB2PeriphResetCmd)
    RCC_Configuration                        0x080042ad   Thumb Code    70  chipset.o(i.RCC_Configuration)
    RCC_GetClocksFreq                        0x080042f5   Thumb Code   192  stm32f10x_rcc.o(i.RCC_GetClocksFreq)
    RRTUBuildGprsConnectState                0x080043c9   Thumb Code     6  dtu.o(i.RRTUBuildGprsConnectState)
    RRTUBuildGprsDealSMSState                0x080043cf   Thumb Code     6  dtu.o(i.RRTUBuildGprsDealSMSState)
    RRTUBuildGprsEventHandleState            0x080043d5   Thumb Code     6  dtu.o(i.RRTUBuildGprsEventHandleState)
    RRTUBuildGprsSelfTestState               0x080043db   Thumb Code     6  dtu.o(i.RRTUBuildGprsSelfTestState)
    RRTUBuilderGprsCnntManagerState          0x080043e1   Thumb Code     6  dtu.o(i.RRTUBuilderGprsCnntManagerState)
    RRTUBuilderGprsHeatBeatState             0x080043e7   Thumb Code     6  dtu.o(i.RRTUBuilderGprsHeatBeatState)
    RRTUBuilderSer485ProcessState            0x080043ed   Thumb Code     6  dtu.o(i.RRTUBuilderSer485ProcessState)
    RRTUInitState                            0x080043f3   Thumb Code    32  dtu.o(i.RRTUInitState)
    Regist_get_alarm                         0x08004471   Thumb Code     6  adc.o(i.Regist_get_alarm)
    Regist_get_rsv                           0x0800447d   Thumb Code     6  adc.o(i.Regist_get_rsv)
    Regist_get_val                           0x08004489   Thumb Code     6  adc.o(i.Regist_get_val)
    Regist_reg3_wrcb                         0x08004495   Thumb Code    10  modbusrtu_cli.o(i.Regist_reg3_wrcb)
    RemoteRTUModeBuilder_ctor                0x080044a5   Thumb Code    30  dtu.o(i.RemoteRTUModeBuilder_ctor)
    RemoteRTUModeBuilder_new                 0x080044e1   Thumb Code    26  dtu.o(i.RemoteRTUModeBuilder_new)
    RemoteRTUModeContext_ctor                0x080044fd   Thumb Code    16  dtu.o(i.RemoteRTUModeContext_ctor)
    RemoteRTUModeContext_new                 0x08004511   Thumb Code    26  dtu.o(i.RemoteRTUModeContext_new)
    SCFGetInstance                           0x0800452d   Thumb Code    22  dtu.o(i.SCFGetInstance)
    SMSInitState                             0x08004549   Thumb Code    32  dtu.o(i.SMSInitState)
    SMSModeBuildGprsConnectState             0x08004569   Thumb Code     6  dtu.o(i.SMSModeBuildGprsConnectState)
    SMSModeBuildGprsDealSMSState             0x0800456f   Thumb Code     6  dtu.o(i.SMSModeBuildGprsDealSMSState)
    SMSModeBuildGprsEventHandleState         0x08004575   Thumb Code     6  dtu.o(i.SMSModeBuildGprsEventHandleState)
    SMSModeBuildGprsSelfTestState            0x0800457b   Thumb Code     6  dtu.o(i.SMSModeBuildGprsSelfTestState)
    SMSModeBuilderGprsCnntManagerState       0x08004581   Thumb Code     6  dtu.o(i.SMSModeBuilderGprsCnntManagerState)
    SMSModeBuilderGprsHeatBeatState          0x08004587   Thumb Code     6  dtu.o(i.SMSModeBuilderGprsHeatBeatState)
    SMSModeBuilderSer485ProcessState         0x0800458d   Thumb Code     6  dtu.o(i.SMSModeBuilderSer485ProcessState)
    SMSModeBuilder_ctor                      0x08004595   Thumb Code    30  dtu.o(i.SMSModeBuilder_ctor)
    SMSModeBuilder_new                       0x080045d1   Thumb Code    26  dtu.o(i.SMSModeBuilder_new)
    SMSModeContext_ctor                      0x080045ed   Thumb Code    16  dtu.o(i.SMSModeContext_ctor)
    SMSModeContext_new                       0x08004601   Thumb Code    26  dtu.o(i.SMSModeContext_new)
    SPI1_IRQHandler                          0x0800461d   Thumb Code    28  spi.o(i.SPI1_IRQHandler)
    SPI_Cmd                                  0x0800463d   Thumb Code    24  stm32f10x_spi.o(i.SPI_Cmd)
    SPI_I2S_GetFlagStatus                    0x08004655   Thumb Code    18  stm32f10x_spi.o(i.SPI_I2S_GetFlagStatus)
    SPI_I2S_ITConfig                         0x08004667   Thumb Code    32  stm32f10x_spi.o(i.SPI_I2S_ITConfig)
    SPI_I2S_ReceiveData                      0x08004687   Thumb Code     6  stm32f10x_spi.o(i.SPI_I2S_ReceiveData)
    SPI_I2S_SendData                         0x0800468d   Thumb Code     4  stm32f10x_spi.o(i.SPI_I2S_SendData)
    SPI_Init                                 0x08004691   Thumb Code    60  stm32f10x_spi.o(i.SPI_Init)
    SPI_StructInit                           0x080046cd   Thumb Code    24  stm32f10x_spi.o(i.SPI_StructInit)
    Ser485ProcessState_ctor                  0x08004745   Thumb Code    16  dtu.o(i.Ser485ProcessState_ctor)
    Ser485ProcessState_new                   0x08004759   Thumb Code    26  dtu.o(i.Ser485ProcessState_new)
    StateContextFactory_ctor                 0x0800485d   Thumb Code     6  dtu.o(i.StateContextFactory_ctor)
    StateContextFactory_new                  0x08004869   Thumb Code    26  dtu.o(i.StateContextFactory_new)
    StateContext_ctor                        0x08004885   Thumb Code    10  dtu.o(i.StateContext_ctor)
    SystemInit                               0x08004899   Thumb Code    78  system_stm32f10x.o(i.SystemInit)
    TIM2_IRQHandler                          0x080048f9   Thumb Code   102  times.o(i.TIM2_IRQHandler)
    TIM_ClearFlag                            0x08004969   Thumb Code     6  stm32f10x_tim.o(i.TIM_ClearFlag)
    TIM_ClearITPendingBit                    0x0800496f   Thumb Code     6  stm32f10x_tim.o(i.TIM_ClearITPendingBit)
    TIM_Cmd                                  0x08004975   Thumb Code    24  stm32f10x_tim.o(i.TIM_Cmd)
    TIM_DeInit                               0x0800498d   Thumb Code   424  stm32f10x_tim.o(i.TIM_DeInit)
    TIM_GetITStatus                          0x08004b75   Thumb Code    34  stm32f10x_tim.o(i.TIM_GetITStatus)
    TIM_ITConfig                             0x08004b97   Thumb Code    18  stm32f10x_tim.o(i.TIM_ITConfig)
    TIM_TimeBaseInit                         0x08004ba9   Thumb Code   122  stm32f10x_tim.o(i.TIM_TimeBaseInit)
    USART2_IRQHandler                        0x08004c75   Thumb Code   100  serial485_uart.o(i.USART2_IRQHandler)
    USART3_IRQHandler                        0x08004ce9   Thumb Code   152  gprs_uart.o(i.USART3_IRQHandler)
    USART_Cmd                                0x08004d99   Thumb Code    24  stm32f10x_usart.o(i.USART_Cmd)
    USART_Configuration                      0x08004db1   Thumb Code   288  chipset.o(i.USART_Configuration)
    USART_DMACmd                             0x08004ee9   Thumb Code    18  stm32f10x_usart.o(i.USART_DMACmd)
    USART_DeInit                             0x08004efd   Thumb Code   134  stm32f10x_usart.o(i.USART_DeInit)
    USART_GetFlagStatus                      0x08004f99   Thumb Code    26  stm32f10x_usart.o(i.USART_GetFlagStatus)
    USART_GetITStatus                        0x08004fb3   Thumb Code    84  stm32f10x_usart.o(i.USART_GetITStatus)
    USART_ITConfig                           0x08005007   Thumb Code    74  stm32f10x_usart.o(i.USART_ITConfig)
    USART_Init                               0x08005051   Thumb Code   210  stm32f10x_usart.o(i.USART_Init)
    USART_ReceiveData                        0x08005129   Thumb Code    10  stm32f10x_usart.o(i.USART_ReceiveData)
    USART_SendData                           0x08005133   Thumb Code     8  stm32f10x_usart.o(i.USART_SendData)
    WorkStatePrint                           0x0800513b   Thumb Code    14  dtu.o(i.WorkStatePrint)
    WorkStateTestInit                        0x08005149   Thumb Code    24  dtu.o(i.WorkStateTestInit)
    WorkState_ctor                           0x08005161   Thumb Code    10  dtu.o(i.WorkState_ctor)
    __0printf$8                              0x08005175   Thumb Code    22  printf8.o(i.__0printf$8)
    __1printf$8                              0x08005175   Thumb Code     0  printf8.o(i.__0printf$8)
    __2printf                                0x08005175   Thumb Code     0  printf8.o(i.__0printf$8)
    __0sprintf$8                             0x08005195   Thumb Code    34  printf8.o(i.__0sprintf$8)
    __1sprintf$8                             0x08005195   Thumb Code     0  printf8.o(i.__0sprintf$8)
    __2sprintf                               0x08005195   Thumb Code     0  printf8.o(i.__0sprintf$8)
    __aeabi_errno_addr                       0x080051bd   Thumb Code     4  errno.o(i.__aeabi_errno_addr)
    __rt_errno_addr                          0x080051bd   Thumb Code     0  errno.o(i.__aeabi_errno_addr)
    __scatterload_copy                       0x080051c5   Thumb Code    14  handlers.o(i.__scatterload_copy)
    __scatterload_null                       0x080051d3   Thumb Code     2  handlers.o(i.__scatterload_null)
    __scatterload_zeroinit                   0x080051d5   Thumb Code    14  handlers.o(i.__scatterload_zeroinit)
    _init_box                                0x080051e3   Thumb Code    70  rt_membox.o(i._init_box)
    check_ip                                 0x08005741   Thumb Code    54  gprs.o(i.check_ip)
    check_phoneNO                            0x08005777   Thumb Code    68  gprs.o(i.check_phoneNO)
    clean_time2_flags                        0x080057bd   Thumb Code    10  times.o(i.clean_time2_flags)
    copy_phoneNO                             0x080057f1   Thumb Code    86  gprs.o(i.copy_phoneNO)
    createContext                            0x08005847   Thumb Code    52  dtu.o(i.createContext)
    create_adc                               0x0800587b   Thumb Code    14  adc.o(i.create_adc)
    dbg_init                                 0x08005889   Thumb Code    34  hal_cm.o(i.dbg_init)
    dbg_task_notify                          0x080058b9   Thumb Code    32  hal_cm.o(i.dbg_task_notify)
    dbg_task_switch                          0x080058d9   Thumb Code    16  hal_cm.o(i.dbg_task_switch)
    decodeTTCP_begin                         0x080058e9   Thumb Code   160  ttextconfprot.o(i.decodeTTCP_begin)
    decodeTTCP_finish                        0x0800599d   Thumb Code    12  ttextconfprot.o(i.decodeTTCP_finish)
    enter_TTCP                               0x08006515   Thumb Code    38  ttextconfprot.o(i.enter_TTCP)
    feed_iwwg                                0x0800653d   Thumb Code    14  rtx_conf_cm.o(i.feed_iwwg)
    filesys_init                             0x08006551   Thumb Code   240  sw_filesys.o(i.filesys_init)
    filesys_mount                            0x0800665d   Thumb Code    68  sw_filesys.o(i.filesys_mount)
    fputc                                    0x080066f1   Thumb Code    32  main.o(i.fputc)
    free                                     0x08006715   Thumb Code    76  malloc.o(i.free)
    fs_creator                               0x08006765   Thumb Code   488  sw_filesys.o(i.fs_creator)
    fs_flush                                 0x0800697d   Thumb Code    48  sw_filesys.o(i.fs_flush)
    fs_format                                0x080069b9   Thumb Code   100  sw_filesys.o(i.fs_format)
    fs_lseek                                 0x08006a39   Thumb Code   106  sw_filesys.o(i.fs_lseek)
    fs_open                                  0x08006aa5   Thumb Code   190  sw_filesys.o(i.fs_open)
    fs_read                                  0x08006bb1   Thumb Code   246  sw_filesys.o(i.fs_read)
    fs_write                                 0x08006cb1   Thumb Code   300  sw_filesys.o(i.fs_write)
    get_TTCPVer                              0x08006ded   Thumb Code    14  ttextconfprot.o(i.get_TTCPVer)
    get_apn                                  0x08006e19   Thumb Code    44  gprs.o(i.get_apn)
    get_cmd                                  0x08006ef1   Thumb Code    16  ttextconfprot.o(i.get_cmd)
    get_cmdtype                              0x08006f05   Thumb Code     6  ttextconfprot.o(i.get_cmdtype)
    get_firstarg                             0x08006fdd   Thumb Code    78  ttextconfprot.o(i.get_firstarg)
    get_loadbuflen                           0x08007031   Thumb Code     8  ping_pongbuf.o(i.get_loadbuflen)
    isrMessageGet                            0x080070cd   Thumb Code    42  rt_cmsis.o(i.isrMessageGet)
    isrMessagePut                            0x080070f7   Thumb Code    44  rt_cmsis.o(i.isrMessagePut)
    isrSemaphoreRelease                      0x08007123   Thumb Code    40  rt_cmsis.o(i.isrSemaphoreRelease)
    isr_mbx_receive                          0x0800714d   Thumb Code    82  rt_mailbox.o(i.isr_mbx_receive)
    isr_mbx_send                             0x0800719f   Thumb Code    14  rt_mailbox.o(i.isr_mbx_send)
    isr_sem_send                             0x080071ad   Thumb Code    16  rt_semaphore.o(i.isr_sem_send)
    list_get_elmt                            0x080071d1   Thumb Code    58  list.o(i.list_get_elmt)
    list_init                                0x0800720b   Thumb Code    14  list.o(i.list_init)
    list_ins_next                            0x08007219   Thumb Code    66  list.o(i.list_ins_next)
    main                                     0x080072d9   Thumb Code   202  main.o(i.main)
    malloc                                   0x08007429   Thumb Code    92  malloc.o(i.malloc)
    osDelay                                  0x08007495   Thumb Code    18  rt_cmsis.o(i.osDelay)
    osKernelInitialize                       0x080074ad   Thumb Code    30  rt_cmsis.o(i.osKernelInitialize)
    osKernelStart                            0x080074d1   Thumb Code    98  rt_cmsis.o(i.osKernelStart)
    osMessageGet                             0x0800753d   Thumb Code    18  rt_cmsis.o(i.osMessageGet)
    osSemaphoreCreate                        0x08007555   Thumb Code    38  rt_cmsis.o(i.osSemaphoreCreate)
    osSemaphoreRelease                       0x08007585   Thumb Code    18  rt_cmsis.o(i.osSemaphoreRelease)
    osSemaphoreWait                          0x0800759d   Thumb Code    20  rt_cmsis.o(i.osSemaphoreWait)
    osThreadCreate                           0x080075b5   Thumb Code    38  rt_cmsis.o(i.osThreadCreate)
    osThreadExit                             0x080075e5   Thumb Code    14  rt_cmsis.o(i.osThreadExit)
    osTimerCall                              0x080075fd   Thumb Code     8  rt_cmsis.o(i.osTimerCall)
    osTimerThread                            0x08007609   Thumb Code    38  rt_cmsis.o(i.osTimerThread)
    os_error                                 0x08007635   Thumb Code    34  rtx_conf_cm.o(i.os_error)
    os_idle_demon                            0x08007657   Thumb Code     8  rtx_conf_cm.o(i.os_idle_demon)
    os_reboot                                0x08007661   Thumb Code     8  rtx_conf_cm.o(i.os_reboot)
    os_tick_init                             0x0800766d   Thumb Code    32  rt_system.o(i.os_tick_init)
    os_tick_irqack                           0x08007695   Thumb Code     2  rt_system.o(i.os_tick_irqack)
    regType3_read                            0x080079ad   Thumb Code    60  modbusrtu_cli.o(i.regType3_read)
    regType3_write                           0x080079ed   Thumb Code    86  modbusrtu_cli.o(i.regType3_write)
    regType4_write                           0x08007a4d   Thumb Code    28  modbusrtu_cli.o(i.regType4_write)
    regist_timejob                           0x08007a6d   Thumb Code    86  times.o(i.regist_timejob)
    rt_alloc_box                             0x08007ac9   Thumb Code    26  rt_membox.o(i.rt_alloc_box)
    rt_alloc_mem                             0x08007ae3   Thumb Code    62  rt_memory.o(i.rt_alloc_mem)
    rt_block                                 0x08007b21   Thumb Code    48  rt_task.o(i.rt_block)
    rt_chk_robin                             0x08007b59   Thumb Code    60  rt_robin.o(i.rt_chk_robin)
    rt_dec_dly                               0x08007ba1   Thumb Code   102  rt_list.o(i.rt_dec_dly)
    rt_dispatch                              0x08007c11   Thumb Code    60  rt_task.o(i.rt_dispatch)
    rt_dly_wait                              0x08007c55   Thumb Code     6  rt_time.o(i.rt_dly_wait)
    rt_evt_psh                               0x08007c5d   Thumb Code    76  rt_event.o(i.rt_evt_psh)
    rt_free_box                              0x08007cad   Thumb Code    44  rt_membox.o(i.rt_free_box)
    rt_free_mem                              0x08007cd9   Thumb Code    40  rt_memory.o(i.rt_free_mem)
    rt_get_first                             0x08007d01   Thumb Code    40  rt_list.o(i.rt_get_first)
    rt_init_mem                              0x08007d79   Thumb Code    26  rt_memory.o(i.rt_init_mem)
    rt_init_robin                            0x08007d95   Thumb Code    14  rt_robin.o(i.rt_init_robin)
    rt_init_stack                            0x08007dad   Thumb Code   118  hal_cm.o(i.rt_init_stack)
    rt_mbx_check                             0x08007e2d   Thumb Code     8  rt_mailbox.o(i.rt_mbx_check)
    rt_mbx_init                              0x08007e35   Thumb Code    26  rt_mailbox.o(i.rt_mbx_init)
    rt_mbx_psh                               0x08007e51   Thumb Code   236  rt_mailbox.o(i.rt_mbx_psh)
    rt_mbx_wait                              0x08007f41   Thumb Code   174  rt_mailbox.o(i.rt_mbx_wait)
    rt_pop_req                               0x08008039   Thumb Code   112  rt_system.o(i.rt_pop_req)
    rt_psh_req                               0x080080b5   Thumb Code    22  rt_system.o(i.rt_psh_req)
    rt_psq_enq                               0x080080d5   Thumb Code    88  rt_list.o(i.rt_psq_enq)
    rt_put_dly                               0x08008131   Thumb Code    68  rt_list.o(i.rt_put_dly)
    rt_put_prio                              0x08008179   Thumb Code    54  rt_list.o(i.rt_put_prio)
    rt_put_rdy_first                         0x080081b1   Thumb Code    14  rt_list.o(i.rt_put_rdy_first)
    rt_resort_prio                           0x080081c5   Thumb Code    46  rt_list.o(i.rt_resort_prio)
    rt_ret_val                               0x080081f9   Thumb Code     6  hal_cm.o(i.rt_ret_val)
    rt_ret_val2                              0x080081ff   Thumb Code     8  hal_cm.o(i.rt_ret_val2)
    rt_rmv_dly                               0x08008207   Thumb Code    40  rt_list.o(i.rt_rmv_dly)
    rt_rmv_list                              0x08008231   Thumb Code    44  rt_list.o(i.rt_rmv_list)
    rt_sem_init                              0x08008261   Thumb Code    12  rt_semaphore.o(i.rt_sem_init)
    rt_sem_psh                               0x0800826d   Thumb Code    48  rt_semaphore.o(i.rt_sem_psh)
    rt_sem_send                              0x080082a1   Thumb Code    42  rt_semaphore.o(i.rt_sem_send)
    rt_sem_wait                              0x080082cd   Thumb Code    58  rt_semaphore.o(i.rt_sem_wait)
    rt_stk_check                             0x0800830d   Thumb Code    28  rt_system.o(i.rt_stk_check)
    rt_switch_req                            0x08008331   Thumb Code    30  rt_task.o(i.rt_switch_req)
    rt_sys_init                              0x08008359   Thumb Code   138  rt_task.o(i.rt_sys_init)
    rt_sys_start                             0x08008425   Thumb Code   110  rt_task.o(i.rt_sys_start)
    rt_systick                               0x0800849d   Thumb Code    50  rt_system.o(i.rt_systick)
    rt_tsk_create                            0x08008525   Thumb Code   120  rt_task.o(i.rt_tsk_create)
    rt_tsk_delete                            0x080085ad   Thumb Code   346  rt_task.o(i.rt_tsk_delete)
    rt_tsk_prio                              0x08008725   Thumb Code   108  rt_task.o(i.rt_tsk_prio)
    rt_tsk_self                              0x080087a1   Thumb Code    12  rt_task.o(i.rt_tsk_self)
    s485_Uart_read                           0x080087b1   Thumb Code   154  serial485_uart.o(i.s485_Uart_read)
    s485_Uart_write                          0x0800885d   Thumb Code   120  serial485_uart.o(i.s485_Uart_write)
    s485_uart_init                           0x080088e5   Thumb Code   134  serial485_uart.o(i.s485_uart_init)
    setCurState                              0x08008bcd   Thumb Code     6  dtu.o(i.setCurState)
    set_default                              0x08008bf9   Thumb Code   232  dtuconfig.o(i.set_default)
    spi_init                                 0x08008d19   Thumb Code    52  spi.o(i.spi_init)
    spi_ioctl                                0x08008d4d   Thumb Code   104  spi.o(i.spi_ioctl)
    spi_read                                 0x08008db5   Thumb Code    48  spi.o(i.spi_read)
    spi_sendByteForRead                      0x08008de5   Thumb Code   112  spi.o(i.spi_sendByteForRead)
    spi_write                                0x08008e55   Thumb Code   176  spi.o(i.spi_write)
    stm32LED_ctor                            0x08008f05   Thumb Code    26  led.o(i.stm32LED_ctor)
    stm32LED_new                             0x08008f39   Thumb Code    26  led.o(i.stm32LED_new)
    svcDelay                                 0x08008f53   Thumb Code    18  rt_cmsis.o(i.svcDelay)
    svcKernelInitialize                      0x08008f65   Thumb Code    80  rt_cmsis.o(i.svcKernelInitialize)
    svcKernelStart                           0x08008fd5   Thumb Code    62  rt_cmsis.o(i.svcKernelStart)
    svcMessageCreate                         0x0800901d   Thumb Code    36  rt_cmsis.o(i.svcMessageCreate)
    svcMessageGet                            0x08009041   Thumb Code    58  rt_cmsis.o(i.svcMessageGet)
    svcSemaphoreCreate                       0x0800907b   Thumb Code    36  rt_cmsis.o(i.svcSemaphoreCreate)
    svcSemaphoreRelease                      0x0800909f   Thumb Code    40  rt_cmsis.o(i.svcSemaphoreRelease)
    svcSemaphoreWait                         0x080090c7   Thumb Code    50  rt_cmsis.o(i.svcSemaphoreWait)
    svcThreadCreate                          0x080090f9   Thumb Code   100  rt_cmsis.o(i.svcThreadCreate)
    svcThreadGetId                           0x08009169   Thumb Code    22  rt_cmsis.o(i.svcThreadGetId)
    svcThreadTerminate                       0x08009185   Thumb Code    50  rt_cmsis.o(i.svcThreadTerminate)
    svcTimerCall                             0x080091bd   Thumb Code    24  rt_cmsis.o(i.svcTimerCall)
    switch_receivebuf                        0x0800941d   Thumb Code    90  ping_pongbuf.o(i.switch_receivebuf)
    sysTimerTick                             0x08009479   Thumb Code    84  rt_cmsis.o(i.sysTimerTick)
    up                                       0x080095e1   Thumb Code    84  adc.o(i.up)
    w25q_Erase_Sector                        0x08009645   Thumb Code    76  hw_w25q.o(i.w25q_Erase_Sector)
    w25q_Read_Sector_Data                    0x080096e5   Thumb Code   124  hw_w25q.o(i.w25q_Read_Sector_Data)
    w25q_Read_page_Data                      0x08009771   Thumb Code    20  hw_w25q.o(i.w25q_Read_page_Data)
    w25q_Write                               0x08009785   Thumb Code   168  hw_w25q.o(i.w25q_Write)
    w25q_Write_Sector_Data                   0x08009839   Thumb Code    52  hw_w25q.o(i.w25q_Write_Sector_Data)
    w25q_erase                               0x0800986d   Thumb Code    80  hw_w25q.o(i.w25q_erase)
    w25q_info                                0x080098c5   Thumb Code    24  hw_w25q.o(i.w25q_info)
    w25q_init                                0x080098e1   Thumb Code    44  hw_w25q.o(i.w25q_init)
    w25q_init_cs                             0x08009919   Thumb Code    34  chipset.o(i.w25q_init_cs)
    w25q_init_spi                            0x08009941   Thumb Code   144  chipset.o(i.w25q_init_spi)
    w25q_rd_data                             0x080099d9   Thumb Code    96  hw_w25q.o(i.w25q_rd_data)
    os_semaphore_def_Sem_s485txFinish        0x08009bdc   Data           4  serial485_uart.o(.constdata)
    os_semaphore_def_Sem_s485rxFrame         0x08009be0   Data           4  serial485_uart.o(.constdata)
    os_maxtaskrun                            0x08009be4   Data           2  rtx_conf_cm.o(.constdata)
    os_stackinfo                             0x08009be8   Data           4  rtx_conf_cm.o(.constdata)
    os_rrobin                                0x08009bec   Data           4  rtx_conf_cm.o(.constdata)
    os_tickfreq                              0x08009bf0   Data           4  rtx_conf_cm.o(.constdata)
    os_tickus_i                              0x08009bf4   Data           2  rtx_conf_cm.o(.constdata)
    os_tickus_f                              0x08009bf6   Data           2  rtx_conf_cm.o(.constdata)
    os_trv                                   0x08009bf8   Data           4  rtx_conf_cm.o(.constdata)
    os_flags                                 0x08009bfc   Data           1  rtx_conf_cm.o(.constdata)
    CMSIS_RTOS_API_Version                   0x08009c00   Data           4  rtx_conf_cm.o(.constdata)
    CMSIS_RTOS_RTX_Version                   0x08009c04   Data           4  rtx_conf_cm.o(.constdata)
    os_clockrate                             0x08009c08   Data           4  rtx_conf_cm.o(.constdata)
    os_timernum                              0x08009c0c   Data           4  rtx_conf_cm.o(.constdata)
    mp_tcb_size                              0x08009c10   Data           2  rtx_conf_cm.o(.constdata)
    mp_stk_size                              0x08009c14   Data           4  rtx_conf_cm.o(.constdata)
    os_stack_sz                              0x08009c18   Data           4  rtx_conf_cm.o(.constdata)
    os_fifo_size                             0x08009c1c   Data           1  rtx_conf_cm.o(.constdata)
    os_thread_def_osTimerThread              0x08009c20   Data          16  rtx_conf_cm.o(.constdata)
    os_messageQ_def_osTimerMessageQ          0x08009c30   Data           8  rtx_conf_cm.o(.constdata)
    mp_tmr_size                              0x08009c38   Data           2  rtx_conf_cm.o(.constdata)
    __ctype_table                            0x08009c3a   Data         129  ctype_o.o(.constdata)
    Region$$Table$$Base                      0x08009cc0   Number         0  anon$$obj.o(Region$$Table)
    Region$$Table$$Limit                     0x08009ce0   Number         0  anon$$obj.o(Region$$Table)
    tid_ThrdDtu                              0x20000000   Data           4  cdma_dtu.o(.data)
    SIM800                                   0x20000004   Data           4  cdma_dtu.o(.data)
    MyContext                                0x2000000c   Data           4  cdma_dtu.o(.data)
    LED_run                                  0x20000010   Data           4  led.o(.data)
    LED_com                                  0x20000014   Data           4  led.o(.data)
    DtuCfg_file                              0x20000018   Data           4  dtuconfig.o(.data)
    Gprs_powerkey                            0x20000028   Data           8  hardwareconfig.o(.data)
    W25Q_csPin                               0x20000030   Data           8  hardwareconfig.o(.data)
    PinLED_run                               0x20000038   Data           8  hardwareconfig.o(.data)
    PinLED_com                               0x20000040   Data           8  hardwareconfig.o(.data)
    USART_InitStructure                      0x20000048   Data          16  hardwareconfig.o(.data)
    Conf_GprsUsart                           0x20000058   Data          16  hardwareconfig.o(.data)
    Conf_S485Usart_default                   0x20000068   Data          16  hardwareconfig.o(.data)
    DMA_gprs_usart                           0x20000078   Data          24  hardwareconfig.o(.data)
    DMA_s485_usart                           0x20000090   Data          24  hardwareconfig.o(.data)
    W25Q_Spi                                 0x200000a8   Data          16  hardwareconfig.o(.data)
    DMA_adc                                  0x200000b8   Data          24  hardwareconfig.o(.data)
    ADC_pins_4051A1                          0x200000d0   Data           8  hardwareconfig.o(.data)
    ADC_pins_4051B1                          0x200000d8   Data           8  hardwareconfig.o(.data)
    ADC_pins_4051C1                          0x200000e0   Data           8  hardwareconfig.o(.data)
    ADC_pins_control0                        0x200000e8   Data           8  hardwareconfig.o(.data)
    ADC_pins_control1                        0x200000f0   Data           8  hardwareconfig.o(.data)
    ADC_pins_control2                        0x200000f8   Data           8  hardwareconfig.o(.data)
    ADC_chn                                  0x20000100   Data           4  hardwareconfig.o(.data)
    SemId_txFinish                           0x20000104   Data           4  gprs_uart.o(.data)
    os_semaphore_cb_Sem_txFinish             0x20000108   Data           8  gprs_uart.o(.data)
    SemId_rxFrame                            0x20000110   Data           4  gprs_uart.o(.data)
    os_semaphore_cb_Sem_rxFrame              0x20000114   Data           8  gprs_uart.o(.data)
    GprsRxirqCB                              0x2000011c   Data           8  gprs_uart.o(.data)
    SemId_s485txFinish                       0x20000124   Data           4  serial485_uart.o(.data)
    os_semaphore_cb_Sem_s485txFinish         0x20000128   Data           8  serial485_uart.o(.data)
    SemId_s485rxFrame                        0x20000130   Data           4  serial485_uart.o(.data)
    os_semaphore_cb_Sem_s485rxFrame          0x20000134   Data           8  serial485_uart.o(.data)
    g_time2                                  0x20000140   Data           8  times.o(.data)
    ConfigRecFinish                          0x20000154   Data           1  adc.o(.data)
    TimingDelay                              0x20000158   Data           4  adc.o(.data)
    ConfigCheckCnt                           0x2000015c   Data           2  adc.o(.data)
    ADC_timcount                             0x2000015e   Data           2  adc.o(.data)
    comout_count                             0x20000160   Data           2  adc.o(.data)
    BusCheckEN                               0x20000162   Data           1  adc.o(.data)
    HalfSecCnt500mS                          0x20000163   Data           1  adc.o(.data)
    HalfSecCnt5000mS                         0x20000164   Data           2  adc.o(.data)
    Falg_HalfSec                             0x20000166   Data           1  adc.o(.data)
    RunStat                                  0x20000167   Data           1  adc.o(.data)
    sec_10                                   0x20000168   Data           1  adc.o(.data)
    collectChannel                           0x20000169   Data           1  adc.o(.data)
    RUNorBD                                  0x2000016a   Data           1  adc.o(.data)
    sampledote0                              0x2000016b   Data           1  adc.o(.data)
    sampleolddote0                           0x2000016c   Data           1  adc.o(.data)
    sampledote1                              0x2000016d   Data           1  adc.o(.data)
    sampleolddote1                           0x2000016e   Data           1  adc.o(.data)
    sampledote2                              0x2000016f   Data           1  adc.o(.data)
    sampleolddote2                           0x20000170   Data           1  adc.o(.data)
    BD_sampledote                            0x20000171   Data           1  adc.o(.data)
    BD_sampleolddote                         0x20000172   Data           1  adc.o(.data)
    BUSADdelta                               0x20000174   Data           2  adc.o(.data)
    BUSADdelataCnt                           0x20000176   Data           1  adc.o(.data)
    CHannel0finish                           0x20000177   Data           1  adc.o(.data)
    CHannel1finish                           0x20000178   Data           1  adc.o(.data)
    CHannel2finish                           0x20000179   Data           1  adc.o(.data)
    ADCval0                                  0x2000017a   Data           2  adc.o(.data)
    ADCval1                                  0x2000017c   Data           2  adc.o(.data)
    ADCval2                                  0x2000017e   Data           2  adc.o(.data)
    AV_BUF0                                  0x20000180   Data           4  adc.o(.data)
    AV_BUF1                                  0x20000184   Data           4  adc.o(.data)
    AV_BUF2                                  0x20000188   Data           4  adc.o(.data)
    rang_f                                   0x2000018c   Data           4  adc.o(.data)
    ma_tie                                   0x20000190   Data           4  adc.o(.data)
    sample_V11                               0x20000194   Data           2  adc.o(.data)
    sample_V12                               0x20000196   Data           2  adc.o(.data)
    sample_V13                               0x20000198   Data           2  adc.o(.data)
    sample_HIGH1                             0x2000019a   Data           2  adc.o(.data)
    sample_LOW1                              0x2000019c   Data           2  adc.o(.data)
    I_get_val                                0x200001a0   Data           4  adc.o(.data)
    I__get_rsv                               0x200001a4   Data           4  adc.o(.data)
    I_get_alarm                              0x200001a8   Data           4  adc.o(.data)
    INPUT_ADDRESS                            0x200001c0   Data           4  modbusrtu_cli.o(.data)
    HOLD_ADDRESS                             0x200001c4   Data           4  modbusrtu_cli.o(.data)
    osThreadId_osTimerThread                 0x200001d0   Data           4  rtx_conf_cm.o(.data)
    osMessageQId_osTimerMessageQ             0x200001d4   Data           4  rtx_conf_cm.o(.data)
    os_tmr                                   0x200001d8   Data           4  rtx_conf_cm.o(.data)
    m_tmr                                    0x200001dc   Data           4  rtx_conf_cm.o(.data)
    os_thread_def_main                       0x200001e0   Data          16  rtx_conf_cm.o(.data)
    os_initialized                           0x20000204   Data           1  rt_cmsis.o(.data)
    os_running                               0x20000205   Data           1  rt_cmsis.o(.data)
    os_timer_head                            0x20000208   Data           4  rt_cmsis.o(.data)
    os_tsk                                   0x2000020c   Data           8  rt_task.o(.data)
    os_tick_irqn                             0x20000218   Data           4  rt_system.o(.data)
    os_time                                  0x2000021c   Data           4  rt_time.o(.data)
    dbg_msg                                  0x20000220   Data           1  hal_cm.o(.data)
    os_robin                                 0x20000224   Data           8  rt_robin.o(.data)
    __stdout                                 0x2000022c   Data           4  stdout.o(.data)
    __microlib_freelist                      0x20000230   Data           4  mvars.o(.data)
    __microlib_freelist_initialised          0x20000234   Data           4  mvars.o(.data)
    DTU_Buf                                  0x2000023c   Data         256  cdma_dtu.o(.bss)
    Temp_buf                                 0x2000033c   Data          64  cdma_dtu.o(.bss)
    Dtu_config                               0x2000037c   Data         588  dtuconfig.o(.bss)
    GprsUart_buf                             0x200005d8   Data        1024  gprs_uart.o(.bss)
    S485Uart_buf                             0x200009e8   Data         256  serial485_uart.o(.bss)
    S485Uart_Txbuf                           0x20000ae8   Data         256  serial485_uart.o(.bss)
    RTU                                      0x20000bf4   Data         168  adc.o(.bss)
    SAMPLE                                   0x20000c9c   Data          36  adc.o(.bss)
    BDSAMPLE                                 0x20000cc0   Data         132  adc.o(.bss)
    input_buf                                0x20000f38   Data          24  modbusrtu_cli.o(.bss)
    hold_buf                                 0x20000f50   Data          36  modbusrtu_cli.o(.bss)
    mp_tcb                                   0x20000f78   Data         272  rtx_conf_cm.o(.bss)
    mp_stk                                   0x20001088   Data        1616  rtx_conf_cm.o(.bss)
    os_stack_mem                             0x200016d8   Data         832  rtx_conf_cm.o(.bss)
    os_fifo                                  0x20001a18   Data         132  rtx_conf_cm.o(.bss)
    os_active_TCB                            0x20001a9c   Data          20  rtx_conf_cm.o(.bss)
    os_messageQ_q_osTimerMessageQ            0x20001ab0   Data          32  rtx_conf_cm.o(.bss)
    os_idle_TCB                              0x20001ad0   Data          52  rt_task.o(.bss)
    os_rdy                                   0x20001b04   Data          24  rt_list.o(.bss)
    os_dly                                   0x20001b1c   Data          24  rt_list.o(.bss)
    __heap_base                              0x20001b38   Data           0  startup_stm32f10x_md.o(HEAP)
    __heap_limit                             0x20003b38   Data           0  startup_stm32f10x_md.o(HEAP)
    __initial_sp                             0x20004338   Data           0  startup_stm32f10x_md.o(STACK)



==============================================================================

Memory Map of the image

  Image Entry point : 0x080000ed

  Load Region LR_IROM1 (Base: 0x08000000, Size: 0x00009f1c, Max: 0x00010000, ABSOLUTE, COMPRESSED[0x00009d74])

    Execution Region ER_IROM1 (Base: 0x08000000, Size: 0x00009ce0, Max: 0x00010000, ABSOLUTE)

    Base Addr    Size         Type   Attr      Idx    E Section Name        Object

    0x08000000   0x000000ec   Data   RO         2574    RESET               startup_stm32f10x_md.o
    0x080000ec   0x00000000   Code   RO         5688  * .ARM.Collect$$$$00000000  mc_w.l(entry.o)
    0x080000ec   0x00000004   Code   RO         6032    .ARM.Collect$$$$00000001  mc_w.l(entry2.o)
    0x080000f0   0x00000004   Code   RO         6035    .ARM.Collect$$$$00000004  mc_w.l(entry5.o)
    0x080000f4   0x00000000   Code   RO         6037    .ARM.Collect$$$$00000008  mc_w.l(entry7b.o)
    0x080000f4   0x00000000   Code   RO         6039    .ARM.Collect$$$$0000000A  mc_w.l(entry8b.o)
    0x080000f4   0x00000000   Code   RO         6040    .ARM.Collect$$$$0000000D  mc_w.l(entry10a.o)
    0x080000f4   0x00000000   Code   RO         6042    .ARM.Collect$$$$0000000F  mc_w.l(entry11a.o)
    0x080000f4   0x00000018   Code   RO         2512    .ARM.Collect$$$$000000FF  rtx_conf_cm.o
    0x0800010c   0x00000004   Code   RO         6033    .ARM.Collect$$$$00002712  mc_w.l(entry2.o)
    0x08000110   0x00000130   Code   RO         5675    .emb_text           RTX_CM3.lib(hal_cm3.o)
    0x08000240   0x00000024   Code   RO         2575    .text               startup_stm32f10x_md.o
    0x08000264   0x00000062   Code   RO         5691    .text               mc_w.l(uldiv.o)
    0x080002c6   0x00000024   Code   RO         5693    .text               mc_w.l(memcpya.o)
    0x080002ea   0x00000024   Code   RO         5695    .text               mc_w.l(memseta.o)
    0x0800030e   0x00000018   Code   RO         5697    .text               mc_w.l(strcat.o)
    0x08000326   0x00000024   Code   RO         5699    .text               mc_w.l(strstr.o)
    0x0800034a   0x0000000e   Code   RO         5701    .text               mc_w.l(strlen.o)
    0x08000358   0x0000001c   Code   RO         5703    .text               mc_w.l(strcmp.o)
    0x08000374   0x00000012   Code   RO         5705    .text               mc_w.l(strcpy.o)
    0x08000386   0x0000001e   Code   RO         5707    .text               mc_w.l(strncmp.o)
    0x080003a4   0x00000022   Code   RO         5709    .text               mc_w.l(strcspn.o)
    0x080003c6   0x0000001a   Code   RO         6002    .text               mc_w.l(atoi.o)
    0x080003e0   0x000000b0   Code   RO         6004    .text               mf_w.l(fadd.o)
    0x08000490   0x00000064   Code   RO         6006    .text               mf_w.l(fmul.o)
    0x080004f4   0x0000007c   Code   RO         6008    .text               mf_w.l(fdiv.o)
    0x08000570   0x0000014e   Code   RO         6010    .text               mf_w.l(dadd.o)
    0x080006be   0x000000e4   Code   RO         6012    .text               mf_w.l(dmul.o)
    0x080007a2   0x00000012   Code   RO         6014    .text               mf_w.l(fflti.o)
    0x080007b4   0x0000000a   Code   RO         6016    .text               mf_w.l(ffltui.o)
    0x080007be   0x00000028   Code   RO         6018    .text               mf_w.l(ffixui.o)
    0x080007e6   0x00000026   Code   RO         6020    .text               mf_w.l(f2d.o)
    0x0800080c   0x00000030   Code   RO         6022    .text               mf_w.l(cdcmple.o)
    0x0800083c   0x00000030   Code   RO         6024    .text               mf_w.l(cdrcmple.o)
    0x0800086c   0x00000038   Code   RO         6026    .text               mf_w.l(d2f.o)
    0x080008a4   0x00000014   Code   RO         6028    .text               mf_w.l(cfcmple.o)
    0x080008b8   0x00000014   Code   RO         6030    .text               mf_w.l(cfrcmple.o)
    0x080008cc   0x0000001e   Code   RO         6047    .text               mc_w.l(llshl.o)
    0x080008ea   0x00000020   Code   RO         6049    .text               mc_w.l(llushr.o)
    0x0800090a   0x00000024   Code   RO         6051    .text               mc_w.l(llsshr.o)
    0x0800092e   0x00000070   Code   RO         6062    .text               mc_w.l(strtol.o)
    0x0800099e   0x00000000   Code   RO         6064    .text               mc_w.l(iusefp.o)
    0x0800099e   0x0000006e   Code   RO         6065    .text               mf_w.l(fepilogue.o)
    0x08000a0c   0x000000ba   Code   RO         6067    .text               mf_w.l(depilogue.o)
    0x08000ac6   0x00000002   PAD
    0x08000ac8   0x00000024   Code   RO         6073    .text               mc_w.l(init.o)
    0x08000aec   0x00000008   Code   RO         6075    .text               mc_w.l(ctype_o.o)
    0x08000af4   0x0000009e   Code   RO         6103    .text               mc_w.l(_strtoul.o)
    0x08000b92   0x0000001c   Code   RO         6105    .text               mc_w.l(_chval.o)
    0x08000bae   0x00000056   Code   RO         6115    .text               mc_w.l(__dczerorl2.o)
    0x08000c04   0x00000004   Code   RO         5685    SVC_TABLE           RTX_CM3.lib(svc_table.o)
    0x08000c08   0x00000018   Code   RO         1767    i.ADC_50ms          adc.o
    0x08000c20   0x00000016   Code   RO         2682    i.ADC_Cmd           stm32f10x_adc.o
    0x08000c36   0x00000016   Code   RO         2683    i.ADC_DMACmd        stm32f10x_adc.o
    0x08000c4c   0x00000014   Code   RO         2690    i.ADC_GetCalibrationStatus  stm32f10x_adc.o
    0x08000c60   0x00000014   Code   RO         2696    i.ADC_GetResetCalibrationStatus  stm32f10x_adc.o
    0x08000c74   0x00000050   Code   RO         2700    i.ADC_Init          stm32f10x_adc.o
    0x08000cc4   0x000000b8   Code   RO         2704    i.ADC_RegularChannelConfig  stm32f10x_adc.o
    0x08000d7c   0x0000000a   Code   RO         2705    i.ADC_ResetCalibration  stm32f10x_adc.o
    0x08000d86   0x00000016   Code   RO         2707    i.ADC_SoftwareStartConvCmd  stm32f10x_adc.o
    0x08000d9c   0x0000000a   Code   RO         2709    i.ADC_StartCalibration  stm32f10x_adc.o
    0x08000da6   0x00000012   Code   RO         2710    i.ADC_StructInit    stm32f10x_adc.o
    0x08000db8   0x00000012   Code   RO         2437    i.Big_end_to_Little_end  modbusrtu_cli.o
    0x08000dca   0x00000002   PAD
    0x08000dcc   0x00001dfc   Code   RO         1769    i.Calculate         adc.o
    0x08002bc8   0x00000014   Code   RO         1770    i.Collect_job       adc.o
    0x08002bdc   0x00000046   Code   RO          741    i.Config_job        dtuconfig.o
    0x08002c22   0x00000042   Code   RO          808    i.Construct         dtu.o
    0x08002c64   0x00000040   Code   RO         1771    i.DMA1_Channel1_IRQHandler  adc.o
    0x08002ca4   0x00000030   Code   RO         1462    i.DMA1_Channel2_IRQHandler  gprs_uart.o
    0x08002cd4   0x00000030   Code   RO         1547    i.DMA1_Channel7_IRQHandler  serial485_uart.o
    0x08002d04   0x00000068   Code   RO         1772    i.DMA1_Configuration  adc.o
    0x08002d6c   0x0000001c   Code   RO         2910    i.DMA_ClearFlag     stm32f10x_dma.o
    0x08002d88   0x00000018   Code   RO         2912    i.DMA_Cmd           stm32f10x_dma.o
    0x08002da0   0x0000014c   Code   RO         2913    i.DMA_DeInit        stm32f10x_dma.o
    0x08002eec   0x00000008   Code   RO         2914    i.DMA_GetCurrDataCounter  stm32f10x_dma.o
    0x08002ef4   0x0000002c   Code   RO         2916    i.DMA_GetITStatus   stm32f10x_dma.o
    0x08002f20   0x00000012   Code   RO         2917    i.DMA_ITConfig      stm32f10x_dma.o
    0x08002f32   0x0000003c   Code   RO         2918    i.DMA_Init          stm32f10x_dma.o
    0x08002f6e   0x00000002   PAD
    0x08002f70   0x000000e8   Code   RO         1548    i.DMA_s485Uart_Init  serial485_uart.o
    0x08003058   0x00000554   Code   RO         1773    i.Data_Deal         adc.o
    0x080035ac   0x0000012c   Code   RO         1774    i.DealwithCollect   adc.o
    0x080036d8   0x00000034   Code   RO          809    i.Debug_485         dtu.o
    0x0800370c   0x00000012   Code   RO         2340    i.Eliminate_the_space  ttextconfprot.o
    0x0800371e   0x00000002   PAD
    0x08003720   0x0000000c   Code   RO          810    i.EmptyProcess_ctor  dtu.o
    0x0800372c   0x0000001a   Code   RO          811    i.EmptyProcess_new  dtu.o
    0x08003746   0x0000000a   Code   RO          812    i.Emptyprocess      dtu.o
    0x08003750   0x00000164   Code   RO         1775    i.FinishCollect     adc.o
    0x080038b4   0x000000d4   Code   RO         1358    i.GPIO_Configuration  chipset.o
    0x08003988   0x00000116   Code   RO         3186    i.GPIO_Init         stm32f10x_gpio.o
    0x08003a9e   0x00000004   Code   RO         3193    i.GPIO_ResetBits    stm32f10x_gpio.o
    0x08003aa2   0x00000004   Code   RO         3194    i.GPIO_SetBits      stm32f10x_gpio.o
    0x08003aa6   0x00000002   PAD
    0x08003aa8   0x00000050   Code   RO          822    i.GprsSelfTestRun   dtu.o
    0x08003af8   0x00000010   Code   RO         3308    i.IWDG_ReloadCounter  stm32f10x_iwdg.o
    0x08003b08   0x00000048   Code   RO         1360    i.Init_TIM2         chipset.o
    0x08003b50   0x0000004c   Code   RO            5    i.Init_ThrdDtu      cdma_dtu.o
    0x08003b9c   0x00000144   Code   RO          690    i.Init_rtu          rtu.o
    0x08003ce0   0x00000010   Code   RO          743    i.Init_system_config  dtuconfig.o
    0x08003cf0   0x00000006   Code   RO          825    i.LRTUBuildGprsConnectState  dtu.o
    0x08003cf6   0x00000006   Code   RO          826    i.LRTUBuildGprsDealSMSState  dtu.o
    0x08003cfc   0x00000006   Code   RO          827    i.LRTUBuildGprsEventHandleState  dtu.o
    0x08003d02   0x00000006   Code   RO          828    i.LRTUBuildGprsSelfTestState  dtu.o
    0x08003d08   0x00000006   Code   RO          829    i.LRTUBuilderGprsCnntManagerState  dtu.o
    0x08003d0e   0x00000006   Code   RO          830    i.LRTUBuilderGprsHeatBeatState  dtu.o
    0x08003d14   0x00000036   Code   RO          831    i.LRTUBuilderSer485ProcessState  dtu.o
    0x08003d4a   0x00000020   Code   RO          832    i.LRTUInitState     dtu.o
    0x08003d6a   0x00000002   PAD
    0x08003d6c   0x00000024   Code   RO          186    i.Led_job           main.o
    0x08003d90   0x00000012   Code   RO         2439    i.Little_end_to_Big_end  modbusrtu_cli.o
    0x08003da2   0x00000002   PAD
    0x08003da4   0x0000003c   Code   RO          833    i.LocalRTUModeBuilder_ctor  dtu.o
    0x08003de0   0x0000001a   Code   RO          834    i.LocalRTUModeBuilder_new  dtu.o
    0x08003dfa   0x00000002   PAD
    0x08003dfc   0x00000014   Code   RO          835    i.LocalRTUModeContext_ctor  dtu.o
    0x08003e10   0x0000001a   Code   RO          836    i.LocalRTUModeContext_new  dtu.o
    0x08003e2a   0x00000008   Code   RO          837    i.ModbusBusinessProcess  dtu.o
    0x08003e32   0x00000002   PAD
    0x08003e34   0x0000000c   Code   RO          838    i.ModbusBusiness_ctor  dtu.o
    0x08003e40   0x0000001a   Code   RO          839    i.ModbusBusiness_new  dtu.o
    0x08003e5a   0x00000002   PAD
    0x08003e5c   0x00000120   Code   RO          691    i.ModbusRTURegTpye3_wrCB  rtu.o
    0x08003f7c   0x0000010c   Code   RO         1361    i.NVIC_Configuration  chipset.o
    0x08004088   0x00000070   Code   RO         2628    i.NVIC_Init         misc.o
    0x080040f8   0x00000014   Code   RO         2629    i.NVIC_PriorityGroupConfig  misc.o
    0x0800410c   0x00000014   Code   RO         2630    i.NVIC_SetVectorTable  misc.o
    0x08004120   0x00000020   Code   RO          840    i.PThrInitState     dtu.o
    0x08004140   0x00000006   Code   RO          841    i.PassThroughModeBuildGprsConnectState  dtu.o
    0x08004146   0x00000006   Code   RO          842    i.PassThroughModeBuildGprsDealSMSState  dtu.o
    0x0800414c   0x00000006   Code   RO          843    i.PassThroughModeBuildGprsEventHandleState  dtu.o
    0x08004152   0x00000006   Code   RO          844    i.PassThroughModeBuildGprsSelfTestState  dtu.o
    0x08004158   0x00000006   Code   RO          845    i.PassThroughModeBuilderGprsCnntManagerState  dtu.o
    0x0800415e   0x00000006   Code   RO          846    i.PassThroughModeBuilderGprsHeatBeatState  dtu.o
    0x08004164   0x00000006   Code   RO          847    i.PassThroughModeBuilderSer485ProcessState  dtu.o
    0x0800416a   0x00000002   PAD
    0x0800416c   0x0000003c   Code   RO          848    i.PassThroughModeBuilder_ctor  dtu.o
    0x080041a8   0x0000001a   Code   RO          849    i.PassThroughModeBuilder_new  dtu.o
    0x080041c2   0x00000002   PAD
    0x080041c4   0x00000014   Code   RO          850    i.PassThroughModeContext_ctor  dtu.o
    0x080041d8   0x0000001a   Code   RO          851    i.PassThroughModeContext_new  dtu.o
    0x080041f2   0x00000002   PAD
    0x080041f4   0x00000018   Code   RO         3360    i.RCC_ADCCLKConfig  stm32f10x_rcc.o
    0x0800420c   0x00000020   Code   RO         3361    i.RCC_AHBPeriphClockCmd  stm32f10x_rcc.o
    0x0800422c   0x00000020   Code   RO         3362    i.RCC_APB1PeriphClockCmd  stm32f10x_rcc.o
    0x0800424c   0x00000020   Code   RO         3363    i.RCC_APB1PeriphResetCmd  stm32f10x_rcc.o
    0x0800426c   0x00000020   Code   RO         3364    i.RCC_APB2PeriphClockCmd  stm32f10x_rcc.o
    0x0800428c   0x00000020   Code   RO         3365    i.RCC_APB2PeriphResetCmd  stm32f10x_rcc.o
    0x080042ac   0x00000046   Code   RO         1362    i.RCC_Configuration  chipset.o
    0x080042f2   0x00000002   PAD
    0x080042f4   0x000000d4   Code   RO         3372    i.RCC_GetClocksFreq  stm32f10x_rcc.o
    0x080043c8   0x00000006   Code   RO          852    i.RRTUBuildGprsConnectState  dtu.o
    0x080043ce   0x00000006   Code   RO          853    i.RRTUBuildGprsDealSMSState  dtu.o
    0x080043d4   0x00000006   Code   RO          854    i.RRTUBuildGprsEventHandleState  dtu.o
    0x080043da   0x00000006   Code   RO          855    i.RRTUBuildGprsSelfTestState  dtu.o
    0x080043e0   0x00000006   Code   RO          856    i.RRTUBuilderGprsCnntManagerState  dtu.o
    0x080043e6   0x00000006   Code   RO          857    i.RRTUBuilderGprsHeatBeatState  dtu.o
    0x080043ec   0x00000006   Code   RO          858    i.RRTUBuilderSer485ProcessState  dtu.o
    0x080043f2   0x00000020   Code   RO          859    i.RRTUInitState     dtu.o
    0x08004412   0x0000001a   Code   RO          692    i.Read_rtualarm     rtu.o
    0x0800442c   0x00000018   Code   RO          693    i.Read_rtursv       rtu.o
    0x08004444   0x0000002c   Code   RO          694    i.Read_rtuval       rtu.o
    0x08004470   0x0000000c   Code   RO         1776    i.Regist_get_alarm  adc.o
    0x0800447c   0x0000000c   Code   RO         1777    i.Regist_get_rsv    adc.o
    0x08004488   0x0000000c   Code   RO         1778    i.Regist_get_val    adc.o
    0x08004494   0x00000010   Code   RO         2440    i.Regist_reg3_wrcb  modbusrtu_cli.o
    0x080044a4   0x0000003c   Code   RO          860    i.RemoteRTUModeBuilder_ctor  dtu.o
    0x080044e0   0x0000001a   Code   RO          861    i.RemoteRTUModeBuilder_new  dtu.o
    0x080044fa   0x00000002   PAD
    0x080044fc   0x00000014   Code   RO          862    i.RemoteRTUModeContext_ctor  dtu.o
    0x08004510   0x0000001a   Code   RO          863    i.RemoteRTUModeContext_new  dtu.o
    0x0800452a   0x00000002   PAD
    0x0800452c   0x0000001c   Code   RO          864    i.SCFGetInstance    dtu.o
    0x08004548   0x00000020   Code   RO          865    i.SMSInitState      dtu.o
    0x08004568   0x00000006   Code   RO          866    i.SMSModeBuildGprsConnectState  dtu.o
    0x0800456e   0x00000006   Code   RO          867    i.SMSModeBuildGprsDealSMSState  dtu.o
    0x08004574   0x00000006   Code   RO          868    i.SMSModeBuildGprsEventHandleState  dtu.o
    0x0800457a   0x00000006   Code   RO          869    i.SMSModeBuildGprsSelfTestState  dtu.o
    0x08004580   0x00000006   Code   RO          870    i.SMSModeBuilderGprsCnntManagerState  dtu.o
    0x08004586   0x00000006   Code   RO          871    i.SMSModeBuilderGprsHeatBeatState  dtu.o
    0x0800458c   0x00000006   Code   RO          872    i.SMSModeBuilderSer485ProcessState  dtu.o
    0x08004592   0x00000002   PAD
    0x08004594   0x0000003c   Code   RO          873    i.SMSModeBuilder_ctor  dtu.o
    0x080045d0   0x0000001a   Code   RO          874    i.SMSModeBuilder_new  dtu.o
    0x080045ea   0x00000002   PAD
    0x080045ec   0x00000014   Code   RO          875    i.SMSModeContext_ctor  dtu.o
    0x08004600   0x0000001a   Code   RO          876    i.SMSModeContext_new  dtu.o
    0x0800461a   0x00000002   PAD
    0x0800461c   0x00000020   Code   RO         1624    i.SPI1_IRQHandler   spi.o
    0x0800463c   0x00000018   Code   RO         3577    i.SPI_Cmd           stm32f10x_spi.o
    0x08004654   0x00000012   Code   RO         3585    i.SPI_I2S_GetFlagStatus  stm32f10x_spi.o
    0x08004666   0x00000020   Code   RO         3587    i.SPI_I2S_ITConfig  stm32f10x_spi.o
    0x08004686   0x00000006   Code   RO         3588    i.SPI_I2S_ReceiveData  stm32f10x_spi.o
    0x0800468c   0x00000004   Code   RO         3589    i.SPI_I2S_SendData  stm32f10x_spi.o
    0x08004690   0x0000003c   Code   RO         3590    i.SPI_Init          stm32f10x_spi.o
    0x080046cc   0x00000018   Code   RO         3593    i.SPI_StructInit    stm32f10x_spi.o
    0x080046e4   0x0000005e   Code   RO          187    i.Select_apptype    main.o
    0x08004742   0x00000002   PAD
    0x08004744   0x00000014   Code   RO          879    i.Ser485ProcessState_ctor  dtu.o
    0x08004758   0x0000001a   Code   RO          880    i.Ser485ProcessState_new  dtu.o
    0x08004772   0x00000008   Code   RO         2582    i.SetSysClock       system_stm32f10x.o
    0x0800477a   0x00000002   PAD
    0x0800477c   0x000000e0   Code   RO         2583    i.SetSysClockTo72   system_stm32f10x.o
    0x0800485c   0x0000000c   Code   RO          881    i.StateContextFactory_ctor  dtu.o
    0x08004868   0x0000001a   Code   RO          882    i.StateContextFactory_new  dtu.o
    0x08004882   0x00000002   PAD
    0x08004884   0x00000014   Code   RO          883    i.StateContext_ctor  dtu.o
    0x08004898   0x00000060   Code   RO         2585    i.SystemInit        system_stm32f10x.o
    0x080048f8   0x00000070   Code   RO         1689    i.TIM2_IRQHandler   times.o
    0x08004968   0x00000006   Code   RO         3738    i.TIM_ClearFlag     stm32f10x_tim.o
    0x0800496e   0x00000006   Code   RO         3739    i.TIM_ClearITPendingBit  stm32f10x_tim.o
    0x08004974   0x00000018   Code   RO         3744    i.TIM_Cmd           stm32f10x_tim.o
    0x0800498c   0x000001e8   Code   RO         3749    i.TIM_DeInit        stm32f10x_tim.o
    0x08004b74   0x00000022   Code   RO         3765    i.TIM_GetITStatus   stm32f10x_tim.o
    0x08004b96   0x00000012   Code   RO         3769    i.TIM_ITConfig      stm32f10x_tim.o
    0x08004ba8   0x000000a4   Code   RO         3815    i.TIM_TimeBaseInit  stm32f10x_tim.o
    0x08004c4c   0x00000014   Code   RO          616    i.Turnoff           led.o
    0x08004c60   0x00000014   Code   RO          617    i.Turnon            led.o
    0x08004c74   0x00000074   Code   RO         1549    i.USART2_IRQHandler  serial485_uart.o
    0x08004ce8   0x000000b0   Code   RO         1464    i.USART3_IRQHandler  gprs_uart.o
    0x08004d98   0x00000018   Code   RO         4292    i.USART_Cmd         stm32f10x_usart.o
    0x08004db0   0x00000138   Code   RO         1363    i.USART_Configuration  chipset.o
    0x08004ee8   0x00000012   Code   RO         4293    i.USART_DMACmd      stm32f10x_usart.o
    0x08004efa   0x00000002   PAD
    0x08004efc   0x0000009c   Code   RO         4294    i.USART_DeInit      stm32f10x_usart.o
    0x08004f98   0x0000001a   Code   RO         4295    i.USART_GetFlagStatus  stm32f10x_usart.o
    0x08004fb2   0x00000054   Code   RO         4296    i.USART_GetITStatus  stm32f10x_usart.o
    0x08005006   0x0000004a   Code   RO         4298    i.USART_ITConfig    stm32f10x_usart.o
    0x08005050   0x000000d8   Code   RO         4299    i.USART_Init        stm32f10x_usart.o
    0x08005128   0x0000000a   Code   RO         4306    i.USART_ReceiveData  stm32f10x_usart.o
    0x08005132   0x00000008   Code   RO         4309    i.USART_SendData    stm32f10x_usart.o
    0x0800513a   0x0000000e   Code   RO          884    i.WorkStatePrint    dtu.o
    0x08005148   0x00000018   Code   RO          885    i.WorkStateTestInit  dtu.o
    0x08005160   0x00000014   Code   RO          886    i.WorkState_ctor    dtu.o
    0x08005174   0x00000020   Code   RO         5920    i.__0printf$8       mc_w.l(printf8.o)
    0x08005194   0x00000028   Code   RO         5922    i.__0sprintf$8      mc_w.l(printf8.o)
    0x080051bc   0x00000008   Code   RO         6055    i.__aeabi_errno_addr  mc_w.l(errno.o)
    0x080051c4   0x0000000e   Code   RO         6109    i.__scatterload_copy  mc_w.l(handlers.o)
    0x080051d2   0x00000002   Code   RO         6110    i.__scatterload_null  mc_w.l(handlers.o)
    0x080051d4   0x0000000e   Code   RO         6111    i.__scatterload_zeroinit  mc_w.l(handlers.o)
    0x080051e2   0x00000046   Code   RO         5553    i._init_box         RTX_CM3.lib(rt_membox.o)
    0x08005228   0x00000410   Code   RO         5927    i._printf_core      mc_w.l(printf8.o)
    0x08005638   0x00000024   Code   RO         5928    i._printf_post_padding  mc_w.l(printf8.o)
    0x0800565c   0x0000002e   Code   RO         5929    i._printf_pre_padding  mc_w.l(printf8.o)
    0x0800568a   0x0000000a   Code   RO         5931    i._sputc            mc_w.l(printf8.o)
    0x08005694   0x00000034   Code   RO          744    i.ack_str           dtuconfig.o
    0x080056c8   0x00000030   Code   RO          618    i.blink             led.o
    0x080056f8   0x0000001c   Code   RO          306    i.check_apn         gprs.o
    0x08005714   0x0000002c   Code   RO         2110    i.check_bit         sw_filesys.o
    0x08005740   0x00000036   Code   RO          307    i.check_ip          gprs.o
    0x08005776   0x00000044   Code   RO          308    i.check_phoneNO     gprs.o
    0x080057ba   0x00000002   PAD
    0x080057bc   0x00000010   Code   RO         1690    i.clean_time2_flags  times.o
    0x080057cc   0x00000024   Code   RO         2111    i.clear_bit         sw_filesys.o
    0x080057f0   0x00000056   Code   RO          311    i.copy_phoneNO      gprs.o
    0x08005846   0x00000034   Code   RO          887    i.createContext     dtu.o
    0x0800587a   0x0000000e   Code   RO         1789    i.create_adc        adc.o
    0x08005888   0x00000030   Code   RO         5606    i.dbg_init          RTX_CM3.lib(hal_cm.o)
    0x080058b8   0x00000020   Code   RO         5607    i.dbg_task_notify   RTX_CM3.lib(hal_cm.o)
    0x080058d8   0x00000010   Code   RO         5608    i.dbg_task_switch   RTX_CM3.lib(hal_cm.o)
    0x080058e8   0x000000b4   Code   RO         2341    i.decodeTTCP_begin  ttextconfprot.o
    0x0800599c   0x00000010   Code   RO         2342    i.decodeTTCP_finish  ttextconfprot.o
    0x080059ac   0x00000b68   Code   RO          745    i.dtu_conf          dtuconfig.o
    0x08006514   0x00000026   Code   RO         2343    i.enter_TTCP        ttextconfprot.o
    0x0800653a   0x00000002   PAD
    0x0800653c   0x00000014   Code   RO         2513    i.feed_iwwg         rtx_conf_cm.o
    0x08006550   0x0000010c   Code   RO         2113    i.filesys_init      sw_filesys.o
    0x0800665c   0x0000006c   Code   RO         2114    i.filesys_mount     sw_filesys.o
    0x080066c8   0x00000028   Code   RO         2115    i.flush_flash       sw_filesys.o
    0x080066f0   0x00000024   Code   RO          189    i.fputc             main.o
    0x08006714   0x00000050   Code   RO         5974    i.free              mc_w.l(malloc.o)
    0x08006764   0x00000218   Code   RO         2117    i.fs_creator        sw_filesys.o
    0x0800697c   0x0000003c   Code   RO         2120    i.fs_flush          sw_filesys.o
    0x080069b8   0x00000080   Code   RO         2121    i.fs_format         sw_filesys.o
    0x08006a38   0x0000006a   Code   RO         2123    i.fs_lseek          sw_filesys.o
    0x08006aa2   0x00000002   PAD
    0x08006aa4   0x0000010c   Code   RO         2124    i.fs_open           sw_filesys.o
    0x08006bb0   0x00000100   Code   RO         2125    i.fs_read           sw_filesys.o
    0x08006cb0   0x0000013c   Code   RO         2127    i.fs_write          sw_filesys.o
    0x08006dec   0x0000002c   Code   RO         2344    i.get_TTCPVer       ttextconfprot.o
    0x08006e18   0x0000003c   Code   RO          319    i.get_apn           gprs.o
    0x08006e54   0x0000009c   Code   RO         2128    i.get_area          sw_filesys.o
    0x08006ef0   0x00000014   Code   RO         2345    i.get_cmd           ttextconfprot.o
    0x08006f04   0x0000000c   Code   RO         2346    i.get_cmdtype       ttextconfprot.o
    0x08006f10   0x000000cc   Code   RO          746    i.get_dtuCfg        dtuconfig.o
    0x08006fdc   0x00000054   Code   RO         2347    i.get_firstarg      ttextconfprot.o
    0x08007030   0x00000008   Code   RO         2399    i.get_loadbuflen    ping_pongbuf.o
    0x08007038   0x0000001a   Code   RO          619    i.init_led          led.o
    0x08007052   0x00000002   PAD
    0x08007054   0x00000078   Code   RO         1791    i.init_stm32adc     adc.o
    0x080070cc   0x0000002a   Code   RO         4480    i.isrMessageGet     RTX_CM3.lib(rt_cmsis.o)
    0x080070f6   0x0000002c   Code   RO         4481    i.isrMessagePut     RTX_CM3.lib(rt_cmsis.o)
    0x08007122   0x00000028   Code   RO         4482    i.isrSemaphoreRelease  RTX_CM3.lib(rt_cmsis.o)
    0x0800714a   0x00000002   PAD
    0x0800714c   0x00000052   Code   RO         5399    i.isr_mbx_receive   RTX_CM3.lib(rt_mailbox.o)
    0x0800719e   0x0000000e   Code   RO         5400    i.isr_mbx_send      RTX_CM3.lib(rt_mailbox.o)
    0x080071ac   0x00000010   Code   RO         5447    i.isr_sem_send      RTX_CM3.lib(rt_semaphore.o)
    0x080071bc   0x00000014   Code   RO          620    i.led_destory       led.o
    0x080071d0   0x0000003a   Code   RO         2305    i.list_get_elmt     list.o
    0x0800720a   0x0000000e   Code   RO         2306    i.list_init         list.o
    0x08007218   0x00000042   Code   RO         2307    i.list_ins_next     list.o
    0x0800725a   0x00000002   PAD
    0x0800725c   0x00000064   Code   RO         2129    i.locate_page       sw_filesys.o
    0x080072c0   0x00000018   Code   RO         2130    i.mach_file         sw_filesys.o
    0x080072d8   0x00000150   Code   RO          190    i.main              main.o
    0x08007428   0x0000006c   Code   RO         5975    i.malloc            mc_w.l(malloc.o)
    0x08007494   0x00000018   Code   RO         4484    i.osDelay           RTX_CM3.lib(rt_cmsis.o)
    0x080074ac   0x00000024   Code   RO         4485    i.osKernelInitialize  RTX_CM3.lib(rt_cmsis.o)
    0x080074d0   0x0000006c   Code   RO         4487    i.osKernelStart     RTX_CM3.lib(rt_cmsis.o)
    0x0800753c   0x00000018   Code   RO         4496    i.osMessageGet      RTX_CM3.lib(rt_cmsis.o)
    0x08007554   0x00000030   Code   RO         4506    i.osSemaphoreCreate  RTX_CM3.lib(rt_cmsis.o)
    0x08007584   0x00000018   Code   RO         4508    i.osSemaphoreRelease  RTX_CM3.lib(rt_cmsis.o)
    0x0800759c   0x00000018   Code   RO         4509    i.osSemaphoreWait   RTX_CM3.lib(rt_cmsis.o)
    0x080075b4   0x00000030   Code   RO         4513    i.osThreadCreate    RTX_CM3.lib(rt_cmsis.o)
    0x080075e4   0x00000018   Code   RO         4514    i.osThreadExit      RTX_CM3.lib(rt_cmsis.o)
    0x080075fc   0x0000000c   Code   RO         4520    i.osTimerCall       RTX_CM3.lib(rt_cmsis.o)
    0x08007608   0x0000002c   Code   RO         4525    i.osTimerThread     RTX_CM3.lib(rt_cmsis.o)
    0x08007634   0x00000022   Code   RO         2514    i.os_error          rtx_conf_cm.o
    0x08007656   0x00000008   Code   RO         2515    i.os_idle_demon     rtx_conf_cm.o
    0x0800765e   0x00000002   PAD
    0x08007660   0x0000000c   Code   RO         2516    i.os_reboot         rtx_conf_cm.o
    0x0800766c   0x00000028   Code   RO         5187    i.os_tick_init      RTX_CM3.lib(rt_system.o)
    0x08007694   0x00000002   Code   RO         5188    i.os_tick_irqack    RTX_CM3.lib(rt_system.o)
    0x08007696   0x00000002   PAD
    0x08007698   0x000000bc   Code   RO         2131    i.page_free         sw_filesys.o
    0x08007754   0x000000a8   Code   RO         2132    i.page_malloc       sw_filesys.o
    0x080077fc   0x0000014c   Code   RO         2133    i.rdFilearea_byfileinfo  sw_filesys.o
    0x08007948   0x00000010   Code   RO         2134    i.read_page         sw_filesys.o
    0x08007958   0x00000054   Code   RO         2135    i.read_sector       sw_filesys.o
    0x080079ac   0x00000040   Code   RO         2443    i.regType3_read     modbusrtu_cli.o
    0x080079ec   0x00000060   Code   RO         2444    i.regType3_write    modbusrtu_cli.o
    0x08007a4c   0x00000020   Code   RO         2446    i.regType4_write    modbusrtu_cli.o
    0x08007a6c   0x0000005c   Code   RO         1693    i.regist_timejob    times.o
    0x08007ac8   0x0000001a   Code   RO         5554    i.rt_alloc_box      RTX_CM3.lib(rt_membox.o)
    0x08007ae2   0x0000003e   Code   RO         5582    i.rt_alloc_mem      RTX_CM3.lib(rt_memory.o)
    0x08007b20   0x00000038   Code   RO         5102    i.rt_block          RTX_CM3.lib(rt_task.o)
    0x08007b58   0x00000048   Code   RO         5654    i.rt_chk_robin      RTX_CM3.lib(rt_robin.o)
    0x08007ba0   0x00000070   Code   RO         5323    i.rt_dec_dly        RTX_CM3.lib(rt_list.o)
    0x08007c10   0x00000044   Code   RO         5103    i.rt_dispatch       RTX_CM3.lib(rt_task.o)
    0x08007c54   0x00000006   Code   RO         5489    i.rt_dly_wait       RTX_CM3.lib(rt_time.o)
    0x08007c5a   0x00000002   PAD
    0x08007c5c   0x00000050   Code   RO         5280    i.rt_evt_psh        RTX_CM3.lib(rt_event.o)
    0x08007cac   0x0000002c   Code   RO         5555    i.rt_free_box       RTX_CM3.lib(rt_membox.o)
    0x08007cd8   0x00000028   Code   RO         5583    i.rt_free_mem       RTX_CM3.lib(rt_memory.o)
    0x08007d00   0x00000028   Code   RO         5324    i.rt_get_first      RTX_CM3.lib(rt_list.o)
    0x08007d28   0x00000008   Code   RO         4530    i.rt_id2obj         RTX_CM3.lib(rt_cmsis.o)
    0x08007d30   0x00000048   Code   RO         5104    i.rt_init_context   RTX_CM3.lib(rt_task.o)
    0x08007d78   0x0000001a   Code   RO         5584    i.rt_init_mem       RTX_CM3.lib(rt_memory.o)
    0x08007d92   0x00000002   PAD
    0x08007d94   0x00000018   Code   RO         5655    i.rt_init_robin     RTX_CM3.lib(rt_robin.o)
    0x08007dac   0x00000080   Code   RO         5609    i.rt_init_stack     RTX_CM3.lib(hal_cm.o)
    0x08007e2c   0x00000008   Code   RO         5401    i.rt_mbx_check      RTX_CM3.lib(rt_mailbox.o)
    0x08007e34   0x0000001a   Code   RO         5402    i.rt_mbx_init       RTX_CM3.lib(rt_mailbox.o)
    0x08007e4e   0x00000002   PAD
    0x08007e50   0x000000f0   Code   RO         5403    i.rt_mbx_psh        RTX_CM3.lib(rt_mailbox.o)
    0x08007f40   0x000000b4   Code   RO         5405    i.rt_mbx_wait       RTX_CM3.lib(rt_mailbox.o)
    0x08007ff4   0x00000044   Code   RO         4531    i.rt_ms2tick        RTX_CM3.lib(rt_cmsis.o)
    0x08008038   0x0000007c   Code   RO         5191    i.rt_pop_req        RTX_CM3.lib(rt_system.o)
    0x080080b4   0x00000020   Code   RO         5192    i.rt_psh_req        RTX_CM3.lib(rt_system.o)
    0x080080d4   0x0000005c   Code   RO         5326    i.rt_psq_enq        RTX_CM3.lib(rt_list.o)
    0x08008130   0x00000048   Code   RO         5327    i.rt_put_dly        RTX_CM3.lib(rt_list.o)
    0x08008178   0x00000036   Code   RO         5328    i.rt_put_prio       RTX_CM3.lib(rt_list.o)
    0x080081ae   0x00000002   PAD
    0x080081b0   0x00000014   Code   RO         5329    i.rt_put_rdy_first  RTX_CM3.lib(rt_list.o)
    0x080081c4   0x00000034   Code   RO         5330    i.rt_resort_prio    RTX_CM3.lib(rt_list.o)
    0x080081f8   0x00000006   Code   RO         5610    i.rt_ret_val        RTX_CM3.lib(hal_cm.o)
    0x080081fe   0x00000008   Code   RO         5611    i.rt_ret_val2       RTX_CM3.lib(hal_cm.o)
    0x08008206   0x00000028   Code   RO         5331    i.rt_rmv_dly        RTX_CM3.lib(rt_list.o)
    0x0800822e   0x00000002   PAD
    0x08008230   0x00000030   Code   RO         5332    i.rt_rmv_list       RTX_CM3.lib(rt_list.o)
    0x08008260   0x0000000c   Code   RO         5449    i.rt_sem_init       RTX_CM3.lib(rt_semaphore.o)
    0x0800826c   0x00000034   Code   RO         5450    i.rt_sem_psh        RTX_CM3.lib(rt_semaphore.o)
    0x080082a0   0x0000002a   Code   RO         5451    i.rt_sem_send       RTX_CM3.lib(rt_semaphore.o)
    0x080082ca   0x00000002   PAD
    0x080082cc   0x00000040   Code   RO         5452    i.rt_sem_wait       RTX_CM3.lib(rt_semaphore.o)
    0x0800830c   0x00000024   Code   RO         5194    i.rt_stk_check      RTX_CM3.lib(rt_system.o)
    0x08008330   0x00000028   Code   RO         5105    i.rt_switch_req     RTX_CM3.lib(rt_task.o)
    0x08008358   0x000000cc   Code   RO         5106    i.rt_sys_init       RTX_CM3.lib(rt_task.o)
    0x08008424   0x00000078   Code   RO         5107    i.rt_sys_start      RTX_CM3.lib(rt_task.o)
    0x0800849c   0x00000040   Code   RO         5196    i.rt_systick        RTX_CM3.lib(rt_system.o)
    0x080084dc   0x00000012   Code   RO         4532    i.rt_tid2ptcb       RTX_CM3.lib(rt_cmsis.o)
    0x080084ee   0x00000002   PAD
    0x080084f0   0x00000034   Code   RO         4533    i.rt_timer_insert   RTX_CM3.lib(rt_cmsis.o)
    0x08008524   0x00000088   Code   RO         5108    i.rt_tsk_create     RTX_CM3.lib(rt_task.o)
    0x080085ac   0x00000178   Code   RO         5109    i.rt_tsk_delete     RTX_CM3.lib(rt_task.o)
    0x08008724   0x0000007c   Code   RO         5111    i.rt_tsk_prio       RTX_CM3.lib(rt_task.o)
    0x080087a0   0x00000010   Code   RO         5112    i.rt_tsk_self       RTX_CM3.lib(rt_task.o)
    0x080087b0   0x000000ac   Code   RO         1551    i.s485_Uart_read    serial485_uart.o
    0x0800885c   0x00000088   Code   RO         1552    i.s485_Uart_write   serial485_uart.o
    0x080088e4   0x000000a4   Code   RO         1553    i.s485_uart_init    serial485_uart.o
    0x08008988   0x0000010c   Code   RO         2136    i.sarch_finleinfo_and_return_curpage  sw_filesys.o
    0x08008a94   0x0000002e   Code   RO         2137    i.searchfile        sw_filesys.o
    0x08008ac2   0x00000002   PAD
    0x08008ac4   0x00000108   Code   RO         1792    i.series_se         adc.o
    0x08008bcc   0x00000006   Code   RO          888    i.setCurState       dtu.o
    0x08008bd2   0x00000024   Code   RO         2138    i.set_bit           sw_filesys.o
    0x08008bf6   0x00000002   PAD
    0x08008bf8   0x00000120   Code   RO          747    i.set_default       dtuconfig.o
    0x08008d18   0x00000034   Code   RO         1626    i.spi_init          spi.o
    0x08008d4c   0x00000068   Code   RO         1627    i.spi_ioctl         spi.o
    0x08008db4   0x00000030   Code   RO         1628    i.spi_read          spi.o
    0x08008de4   0x00000070   Code   RO         1629    i.spi_sendByteForRead  spi.o
    0x08008e54   0x000000b0   Code   RO         1630    i.spi_write         spi.o
    0x08008f04   0x00000034   Code   RO          621    i.stm32LED_ctor     led.o
    0x08008f38   0x0000001a   Code   RO          622    i.stm32LED_new      led.o
    0x08008f52   0x00000012   Code   RO         4535    i.svcDelay          RTX_CM3.lib(rt_cmsis.o)
    0x08008f64   0x00000070   Code   RO         4536    i.svcKernelInitialize  RTX_CM3.lib(rt_cmsis.o)
    0x08008fd4   0x00000048   Code   RO         4538    i.svcKernelStart    RTX_CM3.lib(rt_cmsis.o)
    0x0800901c   0x00000024   Code   RO         4541    i.svcMessageCreate  RTX_CM3.lib(rt_cmsis.o)
    0x08009040   0x0000003a   Code   RO         4542    i.svcMessageGet     RTX_CM3.lib(rt_cmsis.o)
    0x0800907a   0x00000024   Code   RO         4549    i.svcSemaphoreCreate  RTX_CM3.lib(rt_cmsis.o)
    0x0800909e   0x00000028   Code   RO         4551    i.svcSemaphoreRelease  RTX_CM3.lib(rt_cmsis.o)
    0x080090c6   0x00000032   Code   RO         4552    i.svcSemaphoreWait  RTX_CM3.lib(rt_cmsis.o)
    0x080090f8   0x00000070   Code   RO         4556    i.svcThreadCreate   RTX_CM3.lib(rt_cmsis.o)
    0x08009168   0x0000001c   Code   RO         4557    i.svcThreadGetId    RTX_CM3.lib(rt_cmsis.o)
    0x08009184   0x00000038   Code   RO         4560    i.svcThreadTerminate  RTX_CM3.lib(rt_cmsis.o)
    0x080091bc   0x00000018   Code   RO         4562    i.svcTimerCall      RTX_CM3.lib(rt_cmsis.o)
    0x080091d4   0x00000248   Code   RO         1793    i.sw_select         adc.o
    0x0800941c   0x0000005a   Code   RO         2402    i.switch_receivebuf  ping_pongbuf.o
    0x08009476   0x00000002   PAD
    0x08009478   0x0000005c   Code   RO         4571    i.sysTimerTick      RTX_CM3.lib(rt_cmsis.o)
    0x080094d4   0x000000e8   Code   RO         1794    i.system_para_init  adc.o
    0x080095bc   0x00000024   Code   RO          623    i.test              led.o
    0x080095e0   0x00000064   Code   RO         1795    i.up                adc.o
    0x08009644   0x00000054   Code   RO         1961    i.w25q_Erase_Sector  hw_w25q.o
    0x08009698   0x0000004c   Code   RO         1965    i.w25q_ReadSR       hw_w25q.o
    0x080096e4   0x0000008c   Code   RO         1966    i.w25q_Read_Sector_Data  hw_w25q.o
    0x08009770   0x00000014   Code   RO         1967    i.w25q_Read_page_Data  hw_w25q.o
    0x08009784   0x000000b4   Code   RO         1968    i.w25q_Write        hw_w25q.o
    0x08009838   0x00000034   Code   RO         1969    i.w25q_Write_Sector_Data  hw_w25q.o
    0x0800986c   0x00000058   Code   RO         1971    i.w25q_erase        hw_w25q.o
    0x080098c4   0x0000001c   Code   RO         1972    i.w25q_info         hw_w25q.o
    0x080098e0   0x00000038   Code   RO         1973    i.w25q_init         hw_w25q.o
    0x08009918   0x00000028   Code   RO         1365    i.w25q_init_cs      chipset.o
    0x08009940   0x00000098   Code   RO         1366    i.w25q_init_spi     chipset.o
    0x080099d8   0x0000006c   Code   RO         1974    i.w25q_rd_data      hw_w25q.o
    0x08009a44   0x000000cc   Code   RO         1975    i.w25q_read_id      hw_w25q.o
    0x08009b10   0x00000034   Code   RO         1976    i.w25q_wr_enable    hw_w25q.o
    0x08009b44   0x00000098   Code   RO         1977    i.w25q_write_waitbusy  hw_w25q.o
    0x08009bdc   0x00000008   Data   RO         1556    .constdata          serial485_uart.o
    0x08009be4   0x00000056   Data   RO         2518    .constdata          rtx_conf_cm.o
    0x08009c3a   0x00000081   Data   RO         6076    .constdata          mc_w.l(ctype_o.o)
    0x08009cbb   0x00000001   PAD
    0x08009cbc   0x00000004   Data   RO         6077    .constdata          mc_w.l(ctype_o.o)
    0x08009cc0   0x00000020   Data   RO         6107    Region$$Table       anon$$obj.o


    Execution Region RW_IRAM1 (Base: 0x20000000, Size: 0x00004338, Max: 0x00005000, ABSOLUTE, COMPRESSED[0x00000094])

    Base Addr    Size         Type   Attr      Idx    E Section Name        Object

    0x20000000   0x00000010   Data   RW           10    .data               cdma_dtu.o
    0x20000010   0x00000008   Data   RW          624    .data               led.o
    0x20000018   0x0000000c   Data   RW          749    .data               dtuconfig.o
    0x20000024   0x00000004   Data   RW          889    .data               dtu.o
    0x20000028   0x000000dc   Data   RW         1330    .data               hardwareconfig.o
    0x20000104   0x00000020   Data   RW         1473    .data               gprs_uart.o
    0x20000124   0x00000019   Data   RW         1557    .data               serial485_uart.o
    0x2000013d   0x00000003   PAD
    0x20000140   0x00000014   Data   RW         1698    .data               times.o
    0x20000154   0x00000058   Data   RW         1797    .data               adc.o
    0x200001ac   0x00000001   Data   RW         1979    .data               hw_w25q.o
    0x200001ad   0x00000003   PAD
    0x200001b0   0x00000010   Data   RW         2140    .data               sw_filesys.o
    0x200001c0   0x0000000c   Data   RW         2449    .data               modbusrtu_cli.o
    0x200001cc   0x00000024   Data   RW         2519    .data               rtx_conf_cm.o
    0x200001f0   0x00000014   Data   RW         3392    .data               stm32f10x_rcc.o
    0x20000204   0x00000008   Data   RW         4574    .data               RTX_CM3.lib(rt_cmsis.o)
    0x2000020c   0x00000008   Data   RW         5114    .data               RTX_CM3.lib(rt_task.o)
    0x20000214   0x00000008   Data   RW         5199    .data               RTX_CM3.lib(rt_system.o)
    0x2000021c   0x00000004   Data   RW         5493    .data               RTX_CM3.lib(rt_time.o)
    0x20000220   0x00000001   Data   RW         5612    .data               RTX_CM3.lib(hal_cm.o)
    0x20000221   0x00000003   PAD
    0x20000224   0x00000008   Data   RW         5656    .data               RTX_CM3.lib(rt_robin.o)
    0x2000022c   0x00000004   Data   RW         6044    .data               mc_w.l(stdout.o)
    0x20000230   0x00000004   Data   RW         6053    .data               mc_w.l(mvars.o)
    0x20000234   0x00000004   Data   RW         6054    .data               mc_w.l(mvars.o)
    0x20000238   0x00000004   Data   RW         6058    .data               mc_w.l(errno.o)
    0x2000023c   0x00000140   Zero   RW            8    .bss                cdma_dtu.o
    0x2000037c   0x0000024c   Zero   RW          748    .bss                dtuconfig.o
    0x200005c8   0x00000420   Zero   RW         1471    .bss                gprs_uart.o
    0x200009e8   0x0000020a   Zero   RW         1555    .bss                serial485_uart.o
    0x20000bf2   0x00000002   PAD
    0x20000bf4   0x000002e0   Zero   RW         1796    .bss                adc.o
    0x20000ed4   0x00000020   Zero   RW         1978    .bss                hw_w25q.o
    0x20000ef4   0x00000038   Zero   RW         2139    .bss                sw_filesys.o
    0x20000f2c   0x0000000c   Zero   RW         2348    .bss                ttextconfprot.o
    0x20000f38   0x0000003c   Zero   RW         2447    .bss                modbusrtu_cli.o
    0x20000f74   0x00000004   PAD
    0x20000f78   0x00000b58   Zero   RW         2517    .bss                rtx_conf_cm.o
    0x20001ad0   0x00000034   Zero   RW         5113    .bss                RTX_CM3.lib(rt_task.o)
    0x20001b04   0x00000030   Zero   RW         5333    .bss                RTX_CM3.lib(rt_list.o)
    0x20001b34   0x00000004   PAD
    0x20001b38   0x00002000   Zero   RW         2573    HEAP                startup_stm32f10x_md.o
    0x20003b38   0x00000800   Zero   RW         2572    STACK               startup_stm32f10x_md.o


==============================================================================

Image component sizes


      Code (inc. data)   RO Data    RW Data    ZI Data      Debug   Object Name

     11258        962          0         88        736      17341   adc.o
        76         18          0         16        320     295713   cdma_dtu.o
      1126         96          0          0          0     207239   chipset.o
      1412        226          0          4          0      35741   dtu.o
      3550        410          0         12        588       7201   dtuconfig.o
       296         16          0          0          0       5064   gprs.o
       224         34          0         32       1056       4127   gprs_uart.o
         0          0          0        220          0       2371   hardwareconfig.o
      1240        116          0          1         32       9980   hw_w25q.o
       248         26          0          8          0       7755   led.o
       138          0          0          0          0       2108   list.o
       502        146          0          0          0       2023   main.o
       152         30          0          0          0       2261   misc.o
       244         24          0         12         60       4733   modbusrtu_cli.o
        98          0          0          0          0       1989   ping_pongbuf.o
       706         42          0          0          0       3135   rtu.o
        98         16         86         36       2904       8204   rtx_conf_cm.o
       868        102          8         25        522       5518   serial485_uart.o
       524         12          0          0          0       3902   spi.o
        36          8        236          0      10240        784   startup_stm32f10x_md.o
       408         10          0          0          0       8294   stm32f10x_adc.o
       514         26          0          0          0       5984   stm32f10x_dma.o
       286          0          0          0          0       3204   stm32f10x_gpio.o
        16          6          0          0          0        509   stm32f10x_iwdg.o
       396         56          0         20          0       6991   stm32f10x_rcc.o
       168          0          0          0          0       5354   stm32f10x_spi.o
       740        106          0          0          0       5183   stm32f10x_tim.o
       616         28          0          0          0       7687   stm32f10x_usart.o
      3584        448          0         16         56      20301   sw_filesys.o
       328         28          0          0          0       1861   system_stm32f10x.o
       220         22          0         20          0       2829   times.o
       412         70          0          0         12       4785   ttextconfprot.o

    ----------------------------------------------------------------------
     30546       3084        362        516      16532     700171   Object Totals
         0          0         32          0          0          0   (incl. Generated)
        62          0          0          6          6          0   (incl. Padding)

    ----------------------------------------------------------------------

      Code (inc. data)   RO Data    RW Data    ZI Data      Debug   Library Member Name

       238         24          0          1          0       3192   hal_cm.o
       304         36          0          0          0        748   hal_cm3.o
      1422        164          0          8          0      36365   rt_cmsis.o
        80          4          0          0          0        641   rt_event.o
       530         34          0          0         48       8093   rt_list.o
       550         10          0          0          0       3837   rt_mailbox.o
       140          0          0          0          0       1865   rt_membox.o
       128          0          0          0          0       2239   rt_memory.o
        96         22          0          8          0       1110   rt_robin.o
       186         10          0          0          0       2822   rt_semaphore.o
       298         52          0          8          0       6091   rt_system.o
      1212        174          0          8         52       9453   rt_task.o
         6          0          0          4          0        620   rt_time.o
         4          4          0          0          0        188   svc_table.o
        86          0          0          0          0          0   __dczerorl2.o
        28          0          0          0          0         68   _chval.o
       158          0          0          0          0         92   _strtoul.o
        26          0          0          0          0         80   atoi.o
         8          4        133          0          0         68   ctype_o.o
         0          0          0          0          0          0   entry.o
         0          0          0          0          0          0   entry10a.o
         0          0          0          0          0          0   entry11a.o
         8          4          0          0          0          0   entry2.o
         4          0          0          0          0          0   entry5.o
         0          0          0          0          0          0   entry7b.o
         0          0          0          0          0          0   entry8b.o
         8          4          0          4          0         68   errno.o
        30          0          0          0          0          0   handlers.o
        36          8          0          0          0         68   init.o
         0          0          0          0          0          0   iusefp.o
        30          0          0          0          0         68   llshl.o
        36          0          0          0          0         68   llsshr.o
        32          0          0          0          0         68   llushr.o
       188         20          0          0          0        160   malloc.o
        36          0          0          0          0         68   memcpya.o
        36          0          0          0          0        108   memseta.o
         0          0          0          8          0          0   mvars.o
      1204         60          0          0          0        504   printf8.o
         0          0          0          4          0          0   stdout.o
        24          0          0          0          0         68   strcat.o
        28          0          0          0          0         76   strcmp.o
        18          0          0          0          0         68   strcpy.o
        34          0          0          0          0         80   strcspn.o
        14          0          0          0          0         68   strlen.o
        30          0          0          0          0         80   strncmp.o
        36          0          0          0          0         80   strstr.o
       112          0          0          0          0         88   strtol.o
        98          0          0          0          0         92   uldiv.o
        48          0          0          0          0         68   cdcmple.o
        48          0          0          0          0         68   cdrcmple.o
        20          0          0          0          0         68   cfcmple.o
        20          0          0          0          0         68   cfrcmple.o
        56          0          0          0          0         88   d2f.o
       334          0          0          0          0        148   dadd.o
       186          0          0          0          0        176   depilogue.o
       228          0          0          0          0         96   dmul.o
        38          0          0          0          0         68   f2d.o
       176          0          0          0          0        140   fadd.o
       124          0          0          0          0         88   fdiv.o
       110          0          0          0          0        168   fepilogue.o
        40          0          0          0          0         68   ffixui.o
        18          0          0          0          0         68   fflti.o
        10          0          0          0          0         68   ffltui.o
       100          0          0          0          0         76   fmul.o

    ----------------------------------------------------------------------
      9118        634        134         56        104      80976   Library Totals
        20          0          1          3          4          0   (incl. Padding)

    ----------------------------------------------------------------------

      Code (inc. data)   RO Data    RW Data    ZI Data      Debug   Library Name

      5194        534          0         37        100      77264   RTX_CM3.lib
      2348        100        133         16          0       2188   mc_w.l
      1556          0          0          0          0       1524   mf_w.l

    ----------------------------------------------------------------------
      9118        634        134         56        104      80976   Library Totals

    ----------------------------------------------------------------------

==============================================================================


      Code (inc. data)   RO Data    RW Data    ZI Data      Debug   

     39664       3718        496        572      16636     761827   Grand Totals
     39664       3718        496        148      16636     761827   ELF Image Totals (compressed)
     39664       3718        496        148          0          0   ROM Totals

==============================================================================

    Total RO  Size (Code + RO Data)                40160 (  39.22kB)
    Total RW  Size (RW Data + ZI Data)             17208 (  16.80kB)
    Total ROM Size (Code + RO Data + RW Data)      40308 (  39.36kB)

==============================================================================

